 PhysXCooking_64

 Timestamp is 613afee0 (Fri Sep 10 14:44:48 2021)

 Preferred load address is 0000000180000000

 Start         Length     Name                   Class
 0001:00000000 000003c0H .text$di                CODE
 0001:000003c0 000413e0H .text$mn                CODE
 0001:000417a0 00000020H .text$mn$00             CODE
 0001:000417c0 00000470H .text$x                 CODE
 0002:00000000 00000258H .idata$5                DATA
 0002:00000258 00000010H .00cfg                  DATA
 0002:00000268 00000008H .CRT$XCA                DATA
 0002:00000270 000001e0H .CRT$XCU                DATA
 0002:00000450 00000008H .CRT$XCZ                DATA
 0002:00000458 00000008H .CRT$XIA                DATA
 0002:00000460 00000018H .CRT$XIC                DATA
 0002:00000478 00000008H .CRT$XIZ                DATA
 0002:00000480 00000008H .CRT$XPA                DATA
 0002:00000488 00000010H .CRT$XPX                DATA
 0002:00000498 00000008H .CRT$XPXA               DATA
 0002:000004a0 00000008H .CRT$XPZ                DATA
 0002:000004a8 00000008H .CRT$XTA                DATA
 0002:000004b0 00000010H .CRT$XTZ                DATA
 0002:000004b8 00000000H .gfids$y                DATA
 0002:000004c0 0000b008H .rdata                  DATA
 0002:0000b4c8 0000043cH .rdata$r                DATA
 0002:0000b904 000003dcH .rdata$zzzdbg           DATA
 0002:0000bce0 00000008H .rtc$IAA                DATA
 0002:0000bce8 00000008H .rtc$IZZ                DATA
 0002:0000bcf0 00000008H .rtc$TAA                DATA
 0002:0000bcf8 00000008H .rtc$TZZ                DATA
 0002:0000bd00 00003c98H .xdata                  DATA
 0002:0000f998 00000084H .xdata$x                DATA
 0002:0000fa1c 00000040H .didat$2                DATA
 0002:0000fa5c 00000024H .didat$3                DATA
 0002:0000fa80 00000188H .didat$4                DATA
 0002:0000fc08 00000950H .didat$6                DATA
 0002:00010558 00000188H .didat$7                DATA
 0002:000106e0 00001d00H .edata                  DATA
 0002:000123e0 00000014H .idata$2                DATA
 0002:000123f4 00000014H .idata$3                DATA
 0002:00012408 00000258H .idata$4                DATA
 0002:00012660 00000576H .idata$6                DATA
 0003:00000000 00000a20H .data                   DATA
 0003:00000a20 000006d8H .data$r                 DATA
 0003:000010f8 00000188H .didat$5                DATA
 0003:00001280 000015d0H .bss                    DATA
 0004:00000000 0000321cH .pdata                  DATA
 0005:00000000 000022a4H _RDATA                  DATA
 0006:00000000 000000a0H .rsrc$01                DATA
 0006:000000a0 000004b0H .rsrc$02                DATA

  Address         Publics by Value              Rva+Base               Lib:Object

 0000:00000000       __guard_longjmp_count      0000000000000000     <absolute>
 0000:00000000       __guard_iat_count          0000000000000000     <absolute>
 0000:00000000       __guard_longjmp_table      0000000000000000     <absolute>
 0000:00000000       __volatile_metadata        0000000000000000     <absolute>
 0000:00000000       __guard_iat_table          0000000000000000     <absolute>
 0000:00000000       __hybrid_code_map          0000000000000000     <absolute>
 0000:00000000       __hybrid_code_map_count    0000000000000000     <absolute>
 0000:00000000       __enclave_config           0000000000000000     <absolute>
 0000:00000000       ___safe_se_handler_count   0000000000000000     <absolute>
 0000:00000000       __guard_fids_count         0000000000000000     <absolute>
 0000:00000000       __AbsoluteZero             0000000000000000     <absolute>
 0000:00000000       ___safe_se_handler_table   0000000000000000     <absolute>
 0000:00000000       __guard_fids_table         0000000000000000     <absolute>
 0000:00000000       __hybrid_auxiliary_iat     0000000000000000     <absolute>
 0000:00000000       __dynamic_value_reloc_table 0000000000000000     <absolute>
 0000:00000100       __guard_flags              0000000000000100     <absolute>
 0000:00000000       __ImageBase                0000000180000000     <linker-defined>
 0001:000003c0       ??$?_UV?$ReflectionAllocator@VAdjTriangle@physx@@@shdfnd@physx@@@UserAllocated@shdfnd@physx@@SAPEAX_KV?$ReflectionAllocator@VAdjTriangle@physx@@@12@PEBDH@Z 00000001800013c0 f i Adjacencies.obj
 0001:00000460       ??0AdjacenciesBuilder@physx@@QEAA@XZ 0000000180001460 f   Adjacencies.obj
 0001:00000470       ?getAABB@AABBTreeBuildNode@Gu@physx@@QEBAAEBVPxBounds3@3@XZ 0000000180001470 f i BVHStructureBuilder.obj
 0001:00000470       ??4Allocator@shdfnd@physx@@QEAAAEAV012@AEBV012@@Z 0000000180001470 f i Adjacencies.obj
 0001:00000470       ??0AABBTreeBuildNode@Gu@physx@@QEAA@XZ 0000000180001470 f i BVHStructureBuilder.obj
 0001:00000470       ?getPaddedBounds@HeightFieldData@Gu@physx@@QEBAAEBVCenterExtentsPadded@23@XZ 0000000180001470 f i Cooking.obj
 0001:00000470       ??0Allocator@shdfnd@physx@@QEAA@PEBD@Z 0000000180001470 f i Adjacencies.obj
 0001:00000470       ??0BigConvexData@physx@@QEAA@W4PxEMPTY@1@@Z 0000000180001470 f i BigConvexDataBuilder.obj
 0001:00000470       ??0Box@Gu@physx@@QEAA@XZ   0000000180001470 f i ConvexHullUtils.obj
 0001:00000470       ??4PxFoundation@physx@@QEAAAEAV01@AEBV01@@Z 0000000180001470 f i Adjacencies.obj
 0001:00000470       ??4Allocator@shdfnd@physx@@QEAAAEAV012@$$QEAV012@@Z 0000000180001470 f i Adjacencies.obj
 0001:00000470       ??0HeightFieldData@Gu@physx@@QEAA@W4PxEMPTY@2@@Z 0000000180001470 f i Cooking.obj
 0001:00000470       ??4MutexImpl@shdfnd@physx@@QEAAAEAV012@AEBV012@@Z 0000000180001470 f i Adjacencies.obj
 0001:00000480       ??0PxFoundation@physx@@QEAA@AEBV01@@Z 0000000180001480 f i Adjacencies.obj
 0001:00000480       ??0PxFoundation@physx@@QEAA@XZ 0000000180001480 f i Adjacencies.obj
 0001:00000490       ??1Adjacencies@physx@@QEAA@XZ 0000000180001490 f   Adjacencies.obj
 0001:00000500       ??1AdjacenciesBuilder@physx@@QEAA@XZ 0000000180001500 f   Adjacencies.obj
 0001:00000510       ??1PxFoundation@physx@@MEAA@XZ 0000000180001510 f i Adjacencies.obj
 0001:00000520       ??_EPxFoundation@physx@@MEAAPEAXI@Z 0000000180001520 f i Adjacencies.obj
 0001:000005b0       ??_FAllocator@shdfnd@physx@@QEAAXXZ 00000001800015b0 f i Adjacencies.obj
 0001:000005b0       ?onMeshIndexFormatChange@TriangleMeshBuilder@physx@@UEAAXXZ 00000001800015b0 f i TriangleMeshBuilder.obj
 0001:000005b0       ??1AABBTreeBuildNode@Gu@physx@@QEAA@XZ 00000001800015b0 f i BVHStructureBuilder.obj
 0001:000005b0       _guard_check_icall_nop     00000001800015b0 f i LIBCMT:guard_support.obj
 0001:000005b0       ??1Box@Gu@physx@@QEAA@XZ   00000001800015b0 f i ConvexHullUtils.obj
 0001:000005b0       ??1HeightFieldData@Gu@physx@@QEAA@XZ 00000001800015b0 f i Cooking.obj
 0001:000005b0       ??1BigConvexDataBuilder@physx@@QEAA@XZ 00000001800015b0 f i BigConvexDataBuilder.obj
 0001:000005c0       ?ComputeNbBoundaryEdges@Adjacencies@physx@@QEBAIXZ 00000001800015c0 f   Adjacencies.obj
 0001:000008a0       ?GetNbHits@RadixSort@Cm@physx@@QEBAIXZ 00000001800018a0 f i Adjacencies.obj
 0001:000008b0       ?GetNbTotalCalls@RadixSort@Cm@physx@@QEBAIXZ 00000001800018b0 f i Adjacencies.obj
 0001:000008c0       ?GetRanks@RadixSort@Cm@physx@@QEBAPEBIXZ 00000001800018c0 f i Adjacencies.obj
 0001:000008c0       ?getErrorCallback@Foundation@shdfnd@physx@@UEAAAEAVPxErrorCallback@3@XZ 00000001800018c0 f i Adjacencies.obj
 0001:000008d0       ?GetValencies@BigConvexData@physx@@QEBAPEBUValency@Gu@2@XZ 00000001800018d0 f i BigConvexDataBuilder.obj
 0001:000008d0       ?GetRecyclable@RadixSort@Cm@physx@@QEBAPEAIXZ 00000001800018d0 f i Adjacencies.obj
 0001:000008d0       ?getPos@AABBTreeBuildNode@Gu@physx@@QEBAPEBV123@XZ 00000001800018d0 f i BVHStructureBuilder.obj
 0001:000008e0       ?Init@AdjacenciesBuilder@physx@@QEAA_NAEBUADJACENCIESCREATE@2@@Z 00000001800018e0 f   Adjacencies.obj
 0001:00000ea0       ?getAllocator@Foundation@shdfnd@physx@@QEAAAEAVPxAllocatorCallback@3@XZ 0000000180001ea0 f i Adjacencies.obj
 0001:00000eb0       ?getAllocatorCallback@Foundation@shdfnd@physx@@UEAAAEAVPxAllocatorCallback@3@XZ 0000000180001eb0 f i Adjacencies.obj
 0001:00000ec0       ?getErrorLevel@Foundation@shdfnd@physx@@UEBA?AW4Enum@PxErrorCode@3@XZ 0000000180001ec0 f i Adjacencies.obj
 0001:00000ed0       ?getInternalErrorCallback@Foundation@shdfnd@physx@@QEAAAEAVPxErrorCallback@3@XZ 0000000180001ed0 f i Adjacencies.obj
 0001:00000ee0       ?getNamedAllocMap@Foundation@shdfnd@physx@@QEAAAEAV?$HashMap@PEBVNamedAllocator@shdfnd@physx@@PEBDU?$Hash@PEBVNamedAllocator@shdfnd@physx@@@23@VNonTrackingAllocator@23@@23@XZ 0000000180001ee0 f i Adjacencies.obj
 0001:00000ef0       ?getNamedAllocMutex@Foundation@shdfnd@physx@@QEAAAEAV?$MutexT@VAllocator@shdfnd@physx@@@23@XZ 0000000180001ef0 f i Adjacencies.obj
 0001:00000f00       ?getReportAllocationNames@Foundation@shdfnd@physx@@UEBA_NXZ 0000000180001f00 f i Adjacencies.obj
 0001:00000f10       ?getTempAllocFreeTable@Foundation@shdfnd@physx@@QEAAAEAV?$Array@PEATTempAllocatorChunk@shdfnd@physx@@VAllocator@23@@23@XZ 0000000180001f10 f i Adjacencies.obj
 0001:00000f20       ?getTempAllocMutex@Foundation@shdfnd@physx@@QEAAAEAV?$MutexT@VAllocator@shdfnd@physx@@@23@XZ 0000000180001f20 f i Adjacencies.obj
 0001:00000f30       ?invalidateRanks@RadixSort@Cm@physx@@QEAAXXZ 0000000180001f30 f i Adjacencies.obj
 0001:00000f40       ?setErrorLevel@Foundation@shdfnd@physx@@UEAAXW4Enum@PxErrorCode@3@@Z 0000000180001f40 f i Adjacencies.obj
 0001:00000f50       ?setReportAllocationNames@Foundation@shdfnd@physx@@UEAAX_N@Z 0000000180001f50 f i Adjacencies.obj
 0001:00000f60       ??0DebugText@Cm@physx@@QEAA@AEBU012@@Z 0000000180001f60 f i Cooking.obj
 0001:00000f60       ??0DebugText@Cm@physx@@QEAA@$$QEAU012@@Z 0000000180001f60 f i Cooking.obj
 0001:00001040       ??0HeightFieldData@Gu@physx@@QEAA@AEBU012@@Z 0000000180002040 f i Cooking.obj
 0001:00001040       ??4HeightFieldData@Gu@physx@@QEAAAEAU012@AEBU012@@Z 0000000180002040 f i Cooking.obj
 0001:00001040       ??4HeightFieldData@Gu@physx@@QEAAAEAU012@$$QEAU012@@Z 0000000180002040 f i Cooking.obj
 0001:00001040       ??0HeightFieldData@Gu@physx@@QEAA@$$QEAU012@@Z 0000000180002040 f i Cooking.obj
 0001:000010a0       ??0HeightFieldData@Gu@physx@@QEAA@XZ 00000001800020a0 f i Cooking.obj
 0001:000010b0       ??0RenderOutput@Cm@physx@@QEAA@AEAVRenderBuffer@12@@Z 00000001800020b0 f i Cooking.obj
 0001:00001100       ??0RenderOutput@Cm@physx@@QEAA@AEBV012@@Z 0000000180002100 f i Cooking.obj
 0001:000011a0       ??1PxHeightField@physx@@MEAA@XZ 00000001800021a0 f i Cooking.obj
 0001:000011a0       ??1PxConvexMesh@physx@@MEAA@XZ 00000001800021a0 f i Cooking.obj
 0001:000011b0       ??4DebugText@Cm@physx@@QEAAAEAU012@AEBU012@@Z 00000001800021b0 f i Cooking.obj
 0001:000011b0       ??4DebugText@Cm@physx@@QEAAAEAU012@$$QEAU012@@Z 00000001800021b0 f i Cooking.obj
 0001:00001220       ??4FPUGuard@shdfnd@physx@@QEAAAEAV012@AEBV012@@Z 0000000180002220 f i Cooking.obj
 0001:00001240       ??_ECooking@physx@@UEAAPEAXI@Z 0000000180002240 f i Cooking.obj
 0001:00001240       ??_GCooking@physx@@UEAAPEAXI@Z 0000000180002240 f i Cooking.obj
 0001:00001290       ??_GPxBase@physx@@MEAAPEAXI@Z 0000000180002290 f i Cooking.obj
 0001:00001290       ??_EPxBase@physx@@MEAAPEAXI@Z 0000000180002290 f i Cooking.obj
 0001:000012c0       ??_EPxCooking@physx@@MEAAPEAXI@Z 00000001800022c0 f i Cooking.obj
 0001:000012c0       ??_GPxCooking@physx@@MEAAPEAXI@Z 00000001800022c0 f i Cooking.obj
 0001:000012f0       ?allocate@?$Array@UPxDebugLine@physx@@V?$ReflectionAllocator@UPxDebugLine@physx@@@shdfnd@2@@shdfnd@physx@@IEAAPEAUPxDebugLine@3@I@Z 00000001800022f0 f i Cooking.obj
 0001:00001390       ?computeHullPolygons@Cooking@physx@@UEBA_NAEBVPxSimpleTriangleMesh@2@AEAVPxAllocatorCallback@2@AEAIAEAPEAVPxVec3@2@2AEAPEAI2AEAPEAUPxHullPolygon@2@@Z 0000000180002390 f   Cooking.obj
 0001:00001570       ?cookBVHStructure@Cooking@physx@@UEBA_NAEBVPxBVHStructureDesc@2@AEAVPxOutputStream@2@@Z 0000000180002570 f   Cooking.obj
 0001:00001620       ?cookConvexMesh@Cooking@physx@@UEBA_NAEBVPxConvexMeshDesc@2@AEAVPxOutputStream@2@PEAW4Enum@PxConvexMeshCookingResult@2@@Z 0000000180002620 f   Cooking.obj
 0001:00001800       ?cookConvexMeshInternal@Cooking@physx@@AEBA_NAEBVPxConvexMeshDesc@2@AEAVConvexMeshBuilder@2@PEAVConvexHullLib@2@PEAW4Enum@PxConvexMeshCookingResult@2@@Z 0000000180002800 f   Cooking.obj
 0001:00001a70       ?cookHeightField@Cooking@physx@@UEBA_NAEBVPxHeightFieldDesc@2@AEAVPxOutputStream@2@@Z 0000000180002a70 f   Cooking.obj
 0001:00001b40       ?cookTriangleMesh@Cooking@physx@@UEBA_NAEBVPxTriangleMeshDesc@2@AEAVPxOutputStream@2@PEAW4Enum@PxTriangleMeshCookingResult@2@@Z 0000000180002b40 f   Cooking.obj
 0001:00001c80       ?copy@?$Array@UPxDebugLine@physx@@V?$ReflectionAllocator@UPxDebugLine@physx@@@shdfnd@2@@shdfnd@physx@@KAXPEAUPxDebugLine@3@0PEBU43@@Z 0000000180002c80 f i Cooking.obj
 0001:00001e30       ?createBVHStructure@Cooking@physx@@UEBAPEAVPxBVHStructure@2@AEBVPxBVHStructureDesc@2@AEAVPxPhysicsInsertionCallback@2@@Z 0000000180002e30 f   Cooking.obj
 0001:00001ee0       ?createConvexMesh@Cooking@physx@@UEBAPEAVPxConvexMesh@2@AEBVPxConvexMeshDesc@2@AEAVPxPhysicsInsertionCallback@2@PEAW4Enum@PxConvexMeshCookingResult@2@@Z 0000000180002ee0 f   Cooking.obj
 0001:000020e0       ?createHeightField@Cooking@physx@@UEBAPEAVPxHeightField@2@AEBVPxHeightFieldDesc@2@AEAVPxPhysicsInsertionCallback@2@@Z 00000001800030e0 f   Cooking.obj
 0001:00002240       ?createTriangleMesh@Cooking@physx@@UEBAPEAVPxTriangleMesh@2@AEBVPxTriangleMeshDesc@2@AEAVPxPhysicsInsertionCallback@2@PEAW4Enum@PxTriangleMeshCookingResult@2@@Z 0000000180003240 f   Cooking.obj
 0001:00002390       ?getConcreteTypeName@PxConvexMesh@physx@@UEBAPEBDXZ 0000000180003390 f i Cooking.obj
 0001:000023a0       ?getConcreteTypeName@PxHeightField@physx@@UEBAPEBDXZ 00000001800033a0 f i Cooking.obj
 0001:000023b0       ?getConvexEdgeThreshold@HeightField@Gu@physx@@UEBAMXZ 00000001800033b0 f i Cooking.obj
 0001:000023c0       ?getFlags@HeightField@Gu@physx@@UEBA?AV?$PxFlags@W4Enum@PxHeightFieldFlag@physx@@G@3@XZ 00000001800033c0 f i Cooking.obj
 0001:000023d0       ?getFormat@HeightField@Gu@physx@@UEBA?AW4Enum@PxHeightFieldFormat@3@XZ 00000001800033d0 f i Cooking.obj
 0001:000023e0       ?getHeight@HeightField@Gu@physx@@UEBAMMM@Z 00000001800033e0 f i Cooking.obj
 0001:00002420       ?getHeightInternal2@HeightField@Gu@physx@@QEBAMIMM@Z 0000000180003420 f i Cooking.obj
 0001:00002590       ?getIndexBuffer@ConvexMesh@Gu@physx@@UEBAPEBEXZ 0000000180003590 f i Cooking.obj
 0001:000025d0       ?getNbColumns@HeightField@Gu@physx@@UEBAIXZ 00000001800035d0 f i Cooking.obj
 0001:000025e0       ?getNbPolygons@ConvexMesh@Gu@physx@@UEBAIXZ 00000001800035e0 f i Cooking.obj
 0001:000025f0       ?getNbRows@HeightField@Gu@physx@@UEBAIXZ 00000001800035f0 f i Cooking.obj
 0001:00002600       ?getNbVertices@ConvexMesh@Gu@physx@@UEBAIXZ 0000000180003600 f i Cooking.obj
 0001:00002610       ?getParams@Cooking@physx@@UEBAAEBUPxCookingParams@2@XZ 0000000180003610 f   Cooking.obj
 0001:00002610       ?getDenormalizeScale@QuantizerImpl@@UEBAAEBVPxVec3@physx@@XZ 0000000180003610 f   Quantizer.obj
 0001:00002620       ?getSample@HeightField@Gu@physx@@UEBAAEBUPxHeightFieldSample@3@II@Z 0000000180003620 f i Cooking.obj
 0001:00002630       ?getSampleStride@HeightField@Gu@physx@@UEBAIXZ 0000000180003630 f i Cooking.obj
 0001:00002640       ?getTimestamp@HeightField@Gu@physx@@UEBAIXZ 0000000180003640 f i Cooking.obj
 0001:00002650       ?getTriangleMaterialIndex@HeightField@Gu@physx@@UEBAGI@Z 0000000180003650 f i Cooking.obj
 0001:00002680       ?getTriangleNormal@HeightField@Gu@physx@@UEBA?AVPxVec3@3@I@Z 0000000180003680 f i Cooking.obj
 0001:00002780       ?getVertices@ConvexMesh@Gu@physx@@UEBAPEBVPxVec3@3@XZ 0000000180003780 f i Cooking.obj
 0001:000027a0       ?isKindOf@PxBase@physx@@MEBA_NPEBD@Z 00000001800037a0 f i Cooking.obj
 0001:000027d0       ?isKindOf@PxConvexMesh@physx@@MEBA_NPEBD@Z 00000001800037d0 f i Cooking.obj
 0001:00002820       ?isKindOf@PxHeightField@physx@@MEBA_NPEBD@Z 0000000180003820 f i Cooking.obj
 0001:00002870       ?isReleasable@PxBase@physx@@UEBA_NXZ 0000000180003870 f i Cooking.obj
 0001:00002880       ?outputSegment@RenderOutput@Cm@physx@@QEAAXAEBVPxVec3@3@0@Z 0000000180003880 f i Cooking.obj
 0001:00002940       ?platformMismatch@Cooking@physx@@UEBA_NXZ 0000000180003940 f   Cooking.obj
 0001:00002950       ?preExportDataReset@HeightField@Gu@physx@@QEAAXXZ 0000000180003950 f i Cooking.obj
 0001:00002950       ?preExportDataReset@ConvexMesh@Gu@physx@@QEAAXXZ 0000000180003950 f i Cooking.obj
 0001:00002960       ?recreate@?$Array@UPxDebugLine@physx@@V?$ReflectionAllocator@UPxDebugLine@physx@@@shdfnd@2@@shdfnd@physx@@IEAAXI@Z 0000000180003960 f i Cooking.obj
 0001:000029f0       ?release@Cooking@physx@@UEAAXXZ 00000001800039f0 f   Cooking.obj
 0001:00002a10       ?reserveSegments@RenderOutput@Cm@physx@@QEAAPEAUPxDebugLine@3@I@Z 0000000180003a10 f i Cooking.obj
 0001:00002a80       ?setParams@Cooking@physx@@UEAAXAEBUPxCookingParams@2@@Z 0000000180003a80 f   Cooking.obj
 0001:00002ae0       ?validateConvexMesh@Cooking@physx@@UEBA_NAEBVPxConvexMeshDesc@2@@Z 0000000180003ae0 f   Cooking.obj
 0001:00002b40       ?validateTriangleMesh@Cooking@physx@@UEBA_NAEBVPxTriangleMeshDesc@2@@Z 0000000180003b40 f   Cooking.obj
 0001:00002c50       PxCreateCooking            0000000180003c50 f   Cooking.obj
 0001:00002d40       ??0ReducedVertexCloud@physx@@QEAA@PEBVPxVec3@1@I@Z 0000000180003d40 f   CookingUtils.obj
 0001:00002d60       ??1ReducedVertexCloud@physx@@QEAA@XZ 0000000180003d60 f   CookingUtils.obj
 0001:00002d70       ?Clean@ReducedVertexCloud@physx@@QEAAAEAV12@XZ 0000000180003d70 f   CookingUtils.obj
 0001:00002de0       ?Reduce@ReducedVertexCloud@physx@@QEAA_NPEAUREDUCEDCLOUD@2@@Z 0000000180003de0 f   CookingUtils.obj
 0001:00003100       ??$?_UI@@YAPEAX_KV?$ReflectionAllocator@I@shdfnd@physx@@PEBDH@Z 0000000180004100 f i EdgeList.obj
 0001:000031a0       ??0EdgeListBuilder@Gu@physx@@QEAA@XZ 00000001800041a0 f   EdgeList.obj
 0001:000031c0       ??1EdgeList@Gu@physx@@QEAA@XZ 00000001800041c0 f   EdgeList.obj
 0001:00003260       ??1EdgeListBuilder@Gu@physx@@QEAA@XZ 0000000180004260 f   EdgeList.obj
 0001:00003270       ?computeActiveEdges@EdgeListBuilder@Gu@physx@@AEAA_NIPEBIPEBGPEBVPxVec3@3@M@Z 0000000180004270 f   EdgeList.obj
 0001:00004830       ?createEdgesToFaces@EdgeListBuilder@Gu@physx@@AEAA_NIPEBIPEBG@Z 0000000180005830 f   EdgeList.obj
 0001:00004a90       ?createFacesToEdges@EdgeListBuilder@Gu@physx@@AEAA_NIPEBIPEBG@Z 0000000180005a90 f   EdgeList.obj
 0001:00004ee0       ?init@EdgeListBuilder@Gu@physx@@QEAA_NAEBUEDGELISTCREATE@23@@Z 0000000180005ee0 f   EdgeList.obj
 0001:00005010       ??0MeshCleaner@physx@@QEAA@IPEBVPxVec3@1@IPEBIM@Z 0000000180006010 f   MeshCleaner.obj
 0001:000059b0       ??1MeshCleaner@physx@@QEAA@XZ 00000001800069b0 f   MeshCleaner.obj
 0001:00005a40       ??$kmeans_cluster@VPxVec3@physx@@M@@YAIPEBVPxVec3@physx@@IIPEAV01@PEAIMM@Z 0000000180006a40 f i Quantizer.obj
 0001:00006360       ??_EQuantizer@physx@@MEAAPEAXI@Z 0000000180007360 f i Quantizer.obj
 0001:00006360       ??_GQuantizer@physx@@MEAAPEAXI@Z 0000000180007360 f i Quantizer.obj
 0001:00006390       ??_GQuantizerImpl@@EEAAPEAXI@Z 0000000180007390 f i Quantizer.obj
 0001:00006390       ??_EQuantizerImpl@@EEAAPEAXI@Z 0000000180007390 f i Quantizer.obj
 0001:00006460       ?createQuantizer@physx@@YAPEAVQuantizer@1@XZ 0000000180007460 f   Quantizer.obj
 0001:00006510       ?getDenormalizeCenter@QuantizerImpl@@UEBAAEBVPxVec3@physx@@XZ 0000000180007510 f i Quantizer.obj
 0001:00006520       ?growAndPushBack@?$Array@VPxVec3@physx@@V?$ReflectionAllocator@VPxVec3@physx@@@shdfnd@2@@shdfnd@physx@@IEAAAEAVPxVec3@3@AEBV43@@Z 0000000180007520 f i Quantizer.obj
 0001:000066f0       ?kmeansQuantize3D@QuantizerImpl@@UEAAPEBVPxVec3@physx@@IPEBV23@I_NIAEAI@Z 00000001800076f0 f i Quantizer.obj
 0001:00006950       ?normalizeInput@QuantizerImpl@@AEAAXIPEBVPxVec3@physx@@I@Z 0000000180007950 f i Quantizer.obj
 0001:00006d80       ?release@QuantizerImpl@@UEAAXXZ 0000000180007d80 f i Quantizer.obj
 0001:00006da0       ??$copy@V?$ReflectionAllocator@USlab@NodeAllocator@Gu@physx@@@shdfnd@physx@@@?$Array@USlab@NodeAllocator@Gu@physx@@V?$ReflectionAllocator@USlab@NodeAllocator@Gu@physx@@@shdfnd@4@@shdfnd@physx@@IEAAXAEBV012@@Z 0000000180007da0 f i BVHStructureBuilder.obj
 0001:00006e20       ??4AABBTreeBuildNode@Gu@physx@@QEAAAEAV012@AEBV012@@Z 0000000180007e20 f i BVHStructureBuilder.obj
 0001:00006e20       ??0AABBTreeBuildNode@Gu@physx@@QEAA@AEBV012@@Z 0000000180007e20 f i BVHStructureBuilder.obj
 0001:00006e60       ??0AABBTreeBuildParams@Gu@physx@@QEAA@IIPEBVPxBounds3@2@@Z 0000000180007e60 f i BVHStructureBuilder.obj
 0001:00006e80       ??0BVHStructureBuilder@physx@@QEAA@XZ 0000000180007e80 f   BVHStructureBuilder.obj
 0001:00006ea0       ??0BuildStats@Gu@physx@@QEAA@XZ 0000000180007ea0 f i BVHStructureBuilder.obj
 0001:00006eb0       ??0NodeAllocator@Gu@physx@@QEAA@AEBV012@@Z 0000000180007eb0 f i BVHStructureBuilder.obj
 0001:00006ef0       ?reset@AABBTreeBuildParams@Gu@physx@@QEAAXXZ 0000000180007ef0 f i BVHStructureBuilder.obj
 0001:00006ef0       ??1AABBTreeBuildParams@Gu@physx@@QEAA@XZ 0000000180007ef0 f i BVHStructureBuilder.obj
 0001:00006f50       ??1BVHStructureBuilder@physx@@QEAA@XZ 0000000180007f50 f   BVHStructureBuilder.obj
 0001:00006fd0       ??4AABBTreeBuildParams@Gu@physx@@QEAAAEAV012@AEBV012@@Z 0000000180007fd0 f i BVHStructureBuilder.obj
 0001:00006ff0       ??4BuildStats@Gu@physx@@QEAAAEAU012@$$QEAU012@@Z 0000000180007ff0 f i BVHStructureBuilder.obj
 0001:00007000       ??4BuildStats@Gu@physx@@QEAAAEAU012@AEBU012@@Z 0000000180008000 f i BVHStructureBuilder.obj
 0001:00007010       ??4NodeAllocator@Gu@physx@@QEAAAEAV012@AEBV012@@Z 0000000180008010 f i BVHStructureBuilder.obj
 0001:000070c0       ??_FAABBTreeBuildParams@Gu@physx@@QEAAXXZ 00000001800080c0 f i BVHStructureBuilder.obj
 0001:000070e0       ??_V@YAXPEAX_K@Z           00000001800080e0 f i LIBCMT:delete_array_size.obj
 0001:000070e0       ?__global_delete@@YAXPEAX_K@Z 00000001800080e0 f i BVHStructureBuilder.obj
 0001:000070f0       ?allocate@?$Array@USlab@NodeAllocator@Gu@physx@@V?$ReflectionAllocator@USlab@NodeAllocator@Gu@physx@@@shdfnd@4@@shdfnd@physx@@IEAAPEAUSlab@NodeAllocator@Gu@3@I@Z 00000001800080f0 f i BVHStructureBuilder.obj
 0001:00007190       ?getCount@BuildStats@Gu@physx@@QEBAIXZ 0000000180008190 f i BVHStructureBuilder.obj
 0001:000071a0       ?getNbRuntimePrimitives@AABBTreeBuildNode@Gu@physx@@QEBAIXZ 00000001800081a0 f i BVHStructureBuilder.obj
 0001:000071a0       ?getNbPrimitives@AABBTreeBuildNode@Gu@physx@@QEBAIXZ 00000001800081a0 f i BVHStructureBuilder.obj
 0001:000071b0       ?getNeg@AABBTreeBuildNode@Gu@physx@@QEBAPEBV123@XZ 00000001800081b0 f i BVHStructureBuilder.obj
 0001:000071d0       ?getPrimitives@AABBTreeBuildNode@Gu@physx@@QEBAPEBIPEBI@Z 00000001800081d0 f i BVHStructureBuilder.obj
 0001:000071d0       ?getPrimitives@AABBTreeBuildNode@Gu@physx@@QEAAPEAIPEAI@Z 00000001800081d0 f i BVHStructureBuilder.obj
 0001:000071e0       ?increaseCount@BuildStats@Gu@physx@@QEAAXI@Z 00000001800081e0 f i BVHStructureBuilder.obj
 0001:000071f0       ?isLeaf@AABBTreeBuildNode@Gu@physx@@QEBA_NXZ 00000001800081f0 f i BVHStructureBuilder.obj
 0001:00007200       ?loadFromDesc@BVHStructureBuilder@physx@@QEAA_NAEBVPxBVHStructureDesc@2@@Z 0000000180008200 f   BVHStructureBuilder.obj
 0001:00007590       ?moveData@BVHStructureBuilder@physx@@QEAAXAEAUBVHStructureData@Gu@2@@Z 0000000180008590 f   BVHStructureBuilder.obj
 0001:000075d0       ?recreate@?$Array@USlab@NodeAllocator@Gu@physx@@V?$ReflectionAllocator@USlab@NodeAllocator@Gu@physx@@@shdfnd@4@@shdfnd@physx@@IEAAXI@Z 00000001800085d0 f i BVHStructureBuilder.obj
 0001:00007680       ?reset@BuildStats@Gu@physx@@QEAAXXZ 0000000180008680 f i BVHStructureBuilder.obj
 0001:00007690       ?save@BVHStructureBuilder@physx@@QEBA_NAEAVPxOutputStream@2@_N@Z 0000000180008690 f   BVHStructureBuilder.obj
 0001:00007810       ?setCount@BuildStats@Gu@physx@@QEAAXI@Z 0000000180008810 f i BVHStructureBuilder.obj
 0001:00007820       ?setNbRunTimePrimitives@AABBTreeBuildNode@Gu@physx@@QEAAXI@Z 0000000180008820 f i BVHStructureBuilder.obj
 0001:00007830       ?saveHeightField@physx@@YA_NAEBVHeightField@Gu@1@AEAVPxOutputStream@1@_N@Z 0000000180008830 f   HeightFieldCooking.obj
 0001:00007a70       ??$quickSelectFirstK@UBoundsLTE@physx@@@quickSelect@physx@@YAXPEIAIIIIAEBUBoundsLTE@1@@Z 0000000180008a70 f i RTreeCooking.obj
 0001:00007c50       ??$smallSort@I$$CBUSortBoundsPredicate@physx@@@internal@shdfnd@physx@@YAXPEAIHHAEBUSortBoundsPredicate@2@@Z 0000000180008c50 f i RTreeCooking.obj
 0001:00007f20       ??$sort@IU?$Less@I@shdfnd@physx@@V?$ReflectionAllocator@I@23@@shdfnd@physx@@YAXPEAIIAEBU?$Less@I@01@AEBV?$ReflectionAllocator@I@01@I@Z 0000000180008f20 f i RTreeCooking.obj
 0001:00008370       ??$sort@IUSortBoundsPredicate@physx@@V?$ReflectionAllocator@I@shdfnd@2@@shdfnd@physx@@YAXPEAIIAEBUSortBoundsPredicate@1@AEBV?$ReflectionAllocator@I@01@I@Z 0000000180009370 f i RTreeCooking.obj
 0001:00008850       ?allocate@?$Array@UInterval@physx@@V?$InlineAllocator@$0CAAA@V?$ReflectionAllocator@UInterval@physx@@@shdfnd@physx@@@shdfnd@2@@shdfnd@physx@@IEAAPEAUInterval@3@I@Z 0000000180009850 f i RTreeCooking.obj
 0001:00008910       ?allocate@?$Array@UPxBounds3V@physx@@V?$ReflectionAllocator@UPxBounds3V@physx@@@shdfnd@2@@shdfnd@physx@@IEAAPEAUPxBounds3V@3@I@Z 0000000180009910 f i RTreeCooking.obj
 0001:000089b0       ?allocate@?$Array@URTreeNodeNQ@physx@@V?$ReflectionAllocator@URTreeNodeNQ@physx@@@shdfnd@2@@shdfnd@physx@@IEAAPEAURTreeNodeNQ@3@I@Z 00000001800099b0 f i RTreeCooking.obj
 0001:00008a50       ?allocate@?$Array@URTreeNodeQ@Gu@physx@@V?$ReflectionAllocator@URTreeNodeQ@Gu@physx@@@shdfnd@3@@shdfnd@physx@@IEAAPEAURTreeNodeQ@Gu@3@I@Z 0000000180009a50 f i RTreeCooking.obj
 0001:00008af0       ?allocate@?$Array@VPxVec3@physx@@V?$ReflectionAllocator@VPxVec3@physx@@@shdfnd@2@@shdfnd@physx@@IEAAPEAVPxVec3@3@I@Z 0000000180009af0 f i RTreeCooking.obj
 0001:00008b90       ?allocate@?$ReflectionAllocator@I@shdfnd@physx@@QEAAPEAX_KPEBDH@Z 0000000180009b90 f i RTreeCooking.obj
 0001:00009810       ?buildFromTriangles@RTreeCooker@physx@@SAXAEAURTree@Gu@2@PEBVPxVec3@2@IPEBGPEBIIAEAV?$Array@IV?$ReflectionAllocator@I@shdfnd@physx@@@shdfnd@2@PEAURemapCallback@12@MW4Enum@PxMeshCookingHint@2@@Z 000000018000a810 f   RTreeCooking.obj
 0001:00009ab0       ?copy@?$Array@URTreeNodeNQ@physx@@V?$ReflectionAllocator@URTreeNodeNQ@physx@@@shdfnd@2@@shdfnd@physx@@KAXPEAURTreeNodeNQ@3@0PEBU43@@Z 000000018000aab0 f i RTreeCooking.obj
 0001:00009c70       ?copy@?$Array@VPxVec3@physx@@V?$ReflectionAllocator@VPxVec3@physx@@@shdfnd@2@@shdfnd@physx@@KAXPEAVPxVec3@3@0PEBV43@@Z 000000018000ac70 f i RTreeCooking.obj
 0001:00009d40       ?growAndPushBack@?$Array@IV?$ReflectionAllocator@I@shdfnd@physx@@@shdfnd@physx@@IEAAAEAIAEBI@Z 000000018000ad40 f i RTreeCooking.obj
 0001:00009e10       ?growAndPushBack@?$Array@UInterval@physx@@V?$InlineAllocator@$0CAAA@V?$ReflectionAllocator@UInterval@physx@@@shdfnd@physx@@@shdfnd@2@@shdfnd@physx@@IEAAAEAUInterval@3@AEBU43@@Z 000000018000ae10 f i RTreeCooking.obj
 0001:00009ef0       ?growAndPushBack@?$Array@UPxBounds3V@physx@@V?$ReflectionAllocator@UPxBounds3V@physx@@@shdfnd@2@@shdfnd@physx@@IEAAAEAUPxBounds3V@3@AEBU43@@Z 000000018000aef0 f i RTreeCooking.obj
 0001:00009fc0       ?growAndPushBack@?$Array@URTreeNodeNQ@physx@@V?$ReflectionAllocator@URTreeNodeNQ@physx@@@shdfnd@2@@shdfnd@physx@@IEAAAEAURTreeNodeNQ@3@AEBU43@@Z 000000018000afc0 f i RTreeCooking.obj
 0001:0000a090       ?growAndPushBack@?$Array@URTreeNodeQ@Gu@physx@@V?$ReflectionAllocator@URTreeNodeQ@Gu@physx@@@shdfnd@3@@shdfnd@physx@@IEAAAEAURTreeNodeQ@Gu@3@AEBU453@@Z 000000018000b090 f i RTreeCooking.obj
 0001:0000a170       ?recreate@?$Array@IV?$ReflectionAllocator@I@shdfnd@physx@@@shdfnd@physx@@IEAAXI@Z 000000018000b170 f i RTreeCooking.obj
 0001:0000a230       ?recreate@?$Array@UPxBounds3V@physx@@V?$ReflectionAllocator@UPxBounds3V@physx@@@shdfnd@2@@shdfnd@physx@@IEAAXI@Z 000000018000b230 f i RTreeCooking.obj
 0001:0000a2e0       ?recreate@?$Array@URTreeNodeNQ@physx@@V?$ReflectionAllocator@URTreeNodeNQ@physx@@@shdfnd@2@@shdfnd@physx@@IEAAXI@Z 000000018000b2e0 f i RTreeCooking.obj
 0001:0000a370       ?recreate@?$Array@URTreeNodeQ@Gu@physx@@V?$ReflectionAllocator@URTreeNodeQ@Gu@physx@@@shdfnd@3@@shdfnd@physx@@IEAAXI@Z 000000018000b370 f i RTreeCooking.obj
 0001:0000a430       ?recreate@?$Array@VPxVec3@physx@@V?$ReflectionAllocator@VPxVec3@physx@@@shdfnd@2@@shdfnd@physx@@IEAAXI@Z 000000018000b430 f i RTreeCooking.obj
 0001:0000a4c0       ?resize@?$Array@IV?$ReflectionAllocator@I@shdfnd@physx@@@shdfnd@physx@@QEAAXIAEBI@Z 000000018000b4c0 f i RTreeCooking.obj
 0001:0000a580       ?resizeUninitialized@?$Array@URTreeNodeNQ@physx@@V?$ReflectionAllocator@URTreeNodeNQ@physx@@@shdfnd@2@@shdfnd@physx@@QEAAXI@Z 000000018000b580 f i RTreeCooking.obj
 0001:0000a5c0       ?sort4@SubSortQuick@physx@@QEAAXPEIAIIAEAV?$Array@URTreeNodeNQ@physx@@V?$ReflectionAllocator@URTreeNodeNQ@physx@@@shdfnd@2@@shdfnd@2@AEAIAEAUPxBounds3V@2@I@Z 000000018000b5c0 f i RTreeCooking.obj
 0001:0000a950       ?sort4@SubSortSAH@physx@@QEAAXPEAIIAEAV?$Array@URTreeNodeNQ@physx@@V?$ReflectionAllocator@URTreeNodeNQ@physx@@@shdfnd@2@@shdfnd@2@AEAIIPEAURTreeNodeNQ@2@@Z 000000018000b950 f i RTreeCooking.obj
 0001:0000b020       ?split@SubSortSAH@physx@@QEAAIPEAII@Z 000000018000c020 f i RTreeCooking.obj
 0001:0000b750       ?computeLocalBounds@MeshBulider@physx@@IEAAXAEAVMeshDataBase@Gu@2@@Z 000000018000c750 f   MeshBuilder.obj
 0001:0000b7e0       ??$?_UG@@YAPEAX_KV?$ReflectionAllocator@G@shdfnd@physx@@PEBDH@Z 000000018000c7e0 f i TriangleMeshBuilder.obj
 0001:0000b880       ??$sort@UEdgeTriLookup@physx@@U?$Less@UEdgeTriLookup@physx@@@shdfnd@2@V?$ReflectionAllocator@UEdgeTriLookup@physx@@@42@@shdfnd@physx@@YAXPEAUEdgeTriLookup@1@IAEBU?$Less@UEdgeTriLookup@physx@@@01@AEBV?$ReflectionAllocator@UEdgeTriLookup@physx@@@01@I@Z 000000018000c880 f i TriangleMeshBuilder.obj
 0001:0000be00       ??0BV4TriangleMeshBuilder@physx@@QEAA@AEBUPxCookingParams@1@@Z 000000018000ce00 f   TriangleMeshBuilder.obj
 0001:0000bed0       ??0RTreeTriangleMeshBuilder@physx@@QEAA@AEBUPxCookingParams@1@@Z 000000018000ced0 f   TriangleMeshBuilder.obj
 0001:0000bf90       ??1BV4TriangleMeshBuilder@physx@@UEAA@XZ 000000018000cf90 f   TriangleMeshBuilder.obj
 0001:0000bff0       ??1MeshDataBase@Gu@physx@@UEAA@XZ 000000018000cff0 f i TriangleMeshBuilder.obj
 0001:0000c0d0       ??1RTreeTriangleData@Gu@physx@@UEAA@XZ 000000018000d0d0 f i TriangleMeshBuilder.obj
 0001:0000c140       ??1RTreeTriangleMeshBuilder@physx@@UEAA@XZ 000000018000d140 f   TriangleMeshBuilder.obj
 0001:0000c170       ??1TriangleMeshBuilder@physx@@UEAA@XZ 000000018000d170 f   TriangleMeshBuilder.obj
 0001:0000c1d0       ??1TriangleMeshData@Gu@physx@@UEAA@XZ 000000018000d1d0 f i TriangleMeshBuilder.obj
 0001:0000c2a0       ??_EBV4TriangleData@Gu@physx@@UEAAPEAXI@Z 000000018000d2a0 f i TriangleMeshBuilder.obj
 0001:0000c2a0       ??_GBV4TriangleData@Gu@physx@@UEAAPEAXI@Z 000000018000d2a0 f i TriangleMeshBuilder.obj
 0001:0000c320       ??_GBV4TriangleMeshBuilder@physx@@UEAAPEAXI@Z 000000018000d320 f i TriangleMeshBuilder.obj
 0001:0000c320       ??_EBV4TriangleMeshBuilder@physx@@UEAAPEAXI@Z 000000018000d320 f i TriangleMeshBuilder.obj
 0001:0000c3a0       ??_GMeshDataBase@Gu@physx@@UEAAPEAXI@Z 000000018000d3a0 f i TriangleMeshBuilder.obj
 0001:0000c3a0       ??_EMeshDataBase@Gu@physx@@UEAAPEAXI@Z 000000018000d3a0 f i TriangleMeshBuilder.obj
 0001:0000c400       ??_ERTreeCookerRemap@physx@@UEAAPEAXI@Z 000000018000d400 f i TriangleMeshBuilder.obj
 0001:0000c400       ??_GRTreeCookerRemap@physx@@UEAAPEAXI@Z 000000018000d400 f i TriangleMeshBuilder.obj
 0001:0000c430       ??_ERTreeTriangleData@Gu@physx@@UEAAPEAXI@Z 000000018000d430 f i TriangleMeshBuilder.obj
 0001:0000c430       ??_GRTreeTriangleData@Gu@physx@@UEAAPEAXI@Z 000000018000d430 f i TriangleMeshBuilder.obj
 0001:0000c490       ??_GRTreeTriangleMeshBuilder@physx@@UEAAPEAXI@Z 000000018000d490 f i TriangleMeshBuilder.obj
 0001:0000c490       ??_ERTreeTriangleMeshBuilder@physx@@UEAAPEAXI@Z 000000018000d490 f i TriangleMeshBuilder.obj
 0001:0000c4e0       ??_ERemapCallback@RTreeCooker@physx@@UEAAPEAXI@Z 000000018000d4e0 f i TriangleMeshBuilder.obj
 0001:0000c4e0       ??_GRemapCallback@RTreeCooker@physx@@UEAAPEAXI@Z 000000018000d4e0 f i TriangleMeshBuilder.obj
 0001:0000c510       ??_GTriangleMeshBuilder@physx@@UEAAPEAXI@Z 000000018000d510 f i TriangleMeshBuilder.obj
 0001:0000c510       ??_ETriangleMeshBuilder@physx@@UEAAPEAXI@Z 000000018000d510 f i TriangleMeshBuilder.obj
 0001:0000c550       ??_ETriangleMeshData@Gu@physx@@UEAAPEAXI@Z 000000018000d550 f i TriangleMeshBuilder.obj
 0001:0000c550       ??_GTriangleMeshData@Gu@physx@@UEAAPEAXI@Z 000000018000d550 f i TriangleMeshBuilder.obj
 0001:0000c5b0       ?allocateTriangles@TriangleMeshData@Gu@physx@@QEAAPEAXI_NI@Z 000000018000d5b0 f i TriangleMeshBuilder.obj
 0001:0000c690       ?allocateVertices@MeshDataBase@Gu@physx@@QEAAPEAVPxVec3@3@I@Z 000000018000d690 f i TriangleMeshBuilder.obj
 0001:0000cbb0       ?checkMeshIndicesSize@TriangleMeshBuilder@physx@@QEAAXXZ 000000018000dbb0 f   TriangleMeshBuilder.obj
 0001:0000ccc0       ?cleanMesh@TriangleMeshBuilder@physx@@QEAA_N_NPEAW4Enum@PxTriangleMeshCookingResult@2@@Z 000000018000dcc0 f   TriangleMeshBuilder.obj
 0001:0000d1b0       ?createGRBMidPhaseAndData@TriangleMeshBuilder@physx@@QEAAXI@Z 000000018000e1b0 f   TriangleMeshBuilder.obj
 0001:0000d430       ?createMidPhaseStructure@BV32TriangleMeshBuilder@physx@@SAXAEBUPxCookingParams@2@AEAVTriangleMeshData@Gu@2@AEAVBV32Tree@52@@Z 000000018000e430 f   TriangleMeshBuilder.obj
 0001:0000d600       ?createMidPhaseStructure@BV4TriangleMeshBuilder@physx@@UEAAXXZ 000000018000e600 f   TriangleMeshBuilder.obj
 0001:0000d8c0       ?createMidPhaseStructure@RTreeTriangleMeshBuilder@physx@@UEAAXXZ 000000018000e8c0 f   TriangleMeshBuilder.obj
 0001:0000d9a0       ?createSharedEdgeData@TriangleMeshBuilder@physx@@QEAAX_N0@Z 000000018000e9a0 f   TriangleMeshBuilder.obj
 0001:0000e050       ?length@charNode@@UEBAHXZ  000000018000f050 f i libvcruntime:undname.obj
 0001:0000e050       ?getMidphaseID@BV4TriangleMeshBuilder@physx@@UEBA?AW4Enum@PxMeshMidPhase@2@XZ 000000018000f050 f i TriangleMeshBuilder.obj
 0001:0000e050       DllMain                    000000018000f050 f i LIBCMT:dll_dllmain_stub.obj
 0001:0000e050       _get_startup_argv_mode     000000018000f050 f i LIBCMT:argv_mode.obj
 0001:0000e050       ?raw_length@charNode@@UEBAHXZ 000000018000f050 f i libvcruntime:undname.obj
 0001:0000e060       ?getMidphaseID@RTreeTriangleMeshBuilder@physx@@UEBA?AW4Enum@PxMeshMidPhase@2@XZ 000000018000f060 f i TriangleMeshBuilder.obj
 0001:0000e070       ?importMesh@TriangleMeshBuilder@physx@@IEAA_NAEBVPxTriangleMeshDesc@2@AEBUPxCookingParams@2@PEAW4Enum@PxTriangleMeshCookingResult@2@_N@Z 000000018000f070 f   TriangleMeshBuilder.obj
 0001:0000e3f0       ?loadFromDesc@TriangleMeshBuilder@physx@@QEAA_NAEBVPxTriangleMeshDesc@2@PEAW4Enum@PxTriangleMeshCookingResult@2@_N@Z 000000018000f3f0 f   TriangleMeshBuilder.obj
 0001:0000e870       ?onMeshIndexFormatChange@BV4TriangleMeshBuilder@physx@@UEAAXXZ 000000018000f870 f   TriangleMeshBuilder.obj
 0001:0000e8b0       ?remap@RTreeCookerRemap@physx@@UEAAXPEAIII@Z 000000018000f8b0 f i TriangleMeshBuilder.obj
 0001:0000e8d0       ?remapTopology@TriangleMeshBuilder@physx@@QEAAXPEBI@Z 000000018000f8d0 f   TriangleMeshBuilder.obj
 0001:0000ebd0       ?save@TriangleMeshBuilder@physx@@QEBA_NAEAVPxOutputStream@2@_NAEBUPxCookingParams@2@@Z 000000018000fbd0 f   TriangleMeshBuilder.obj
 0001:0000f1b0       ?saveMidPhaseStructure@BV4TriangleMeshBuilder@physx@@UEBAXAEAVPxOutputStream@2@_N@Z 00000001800101b0 f   TriangleMeshBuilder.obj
 0001:0000f350       ?saveMidPhaseStructure@RTreeTriangleMeshBuilder@physx@@UEBAXAEAVPxOutputStream@2@_N@Z 0000000180010350 f   TriangleMeshBuilder.obj
 0001:0000f590       ??0BigConvexDataBuilder@physx@@QEAA@PEBUConvexHullData@Gu@1@PEAVBigConvexData@1@PEBVPxVec3@1@@Z 0000000180010590 f   BigConvexDataBuilder.obj
 0001:0000f5a0       ??4BigConvexData@physx@@QEAAAEAV01@AEBV01@@Z 00000001800105a0 f i BigConvexDataBuilder.obj
 0001:0000f5c0       ?GetAdjacentVerts@BigConvexData@physx@@QEBAPEBEXZ 00000001800105c0 f i BigConvexDataBuilder.obj
 0001:0000f5d0       ?GetNbNeighbors@BigConvexData@physx@@QEBAGI@Z 00000001800105d0 f i BigConvexDataBuilder.obj
 0001:0000f5d0       ?GetValency@BigConvexData@physx@@QEBAGI@Z 00000001800105d0 f i BigConvexDataBuilder.obj
 0001:0000f5e0       ?GetNbSamples@BigConvexData@physx@@QEBAIXZ 00000001800105e0 f i BigConvexDataBuilder.obj
 0001:0000f5f0       ?raw_length@pcharNode@@UEBAHXZ 00000001800105f0 f i libvcruntime:undname.obj
 0001:0000f5f0       ?GetNbVerts@BigConvexData@physx@@QEBAIXZ 00000001800105f0 f i BigConvexDataBuilder.obj
 0001:0000f5f0       ?length@pcharNode@@UEBAHXZ 00000001800105f0 f i libvcruntime:undname.obj
 0001:0000f600       ?GetNeighbors@BigConvexData@physx@@QEBAPEBEI@Z 0000000180010600 f i BigConvexDataBuilder.obj
 0001:0000f610       ?GetOffset@BigConvexData@physx@@QEBAGI@Z 0000000180010610 f i BigConvexDataBuilder.obj
 0001:0000f620       ?GetSubdiv@BigConvexData@physx@@QEBAIXZ 0000000180010620 f i BigConvexDataBuilder.obj
 0001:0000f630       ?computeValencies@BigConvexDataBuilder@physx@@QEAA_NAEBVConvexHullBuilder@2@@Z 0000000180010630 f   BigConvexDataBuilder.obj
 0001:0000fa20       ?precompute@BigConvexDataBuilder@physx@@QEAA_NI@Z 0000000180010a20 f   BigConvexDataBuilder.obj
 0001:00010660       ?save@BigConvexDataBuilder@physx@@QEBA_NAEAVPxOutputStream@2@_N@Z 0000000180011660 f   BigConvexDataBuilder.obj
 0001:000108a0       ??$?_UE@@YAPEAX_KV?$ReflectionAllocator@E@shdfnd@physx@@PEBDH@Z 00000001800118a0 f i ConvexHullBuilder.obj
 0001:00010940       ??0ConvexHullBuilder@physx@@QEAA@PEAUConvexHullData@Gu@1@_N@Z 0000000180011940 f   ConvexHullBuilder.obj
 0001:00010970       ??1ConvexHullBuilder@physx@@QEAA@XZ 0000000180011970 f   ConvexHullBuilder.obj
 0001:00010a70       ?calculateVertexMapTable@ConvexHullBuilder@physx@@QEAA_NI_N@Z 0000000180011a70 f   ConvexHullBuilder.obj
 0001:00010c80       ?checkHullPolygons@ConvexHullBuilder@physx@@QEBA_NXZ 0000000180011c80 f   ConvexHullBuilder.obj
 0001:00011260       ?computeGeomCenter@ConvexHullBuilder@physx@@IEBA_NAEAVPxVec3@2@IPEAUHullTriangleData@2@@Z 0000000180012260 f   ConvexHullBuilder.obj
 0001:00011520       ?copy@ConvexHullBuilder@physx@@QEAA_NAEAUConvexHullData@Gu@2@AEAI@Z 0000000180012520 f   ConvexHullBuilder.obj
 0001:000117a0       ?createEdgeList@ConvexHullBuilder@physx@@QEAA_N_NI@Z 00000001800127a0 f   ConvexHullBuilder.obj
 0001:00012010       ?init@ConvexHullBuilder@physx@@QEAA_NIPEBVPxVec3@2@PEBIIIPEBUPxHullPolygon@2@_NPEAVConvexHullLib@2@@Z 0000000180013010 f   ConvexHullBuilder.obj
 0001:00012950       ?save@ConvexHullBuilder@physx@@QEBA_NAEAVPxOutputStream@2@_N@Z 0000000180013950 f   ConvexHullBuilder.obj
 0001:00012c70       ??1ConvexHullLib@physx@@UEAA@XZ 0000000180013c70 f   ConvexHullLib.obj
 0001:00012cd0       ??_EConvexHullLib@physx@@UEAAPEAXI@Z 0000000180013cd0 f i ConvexHullLib.obj
 0001:00012cd0       ??_GConvexHullLib@physx@@UEAAPEAXI@Z 0000000180013cd0 f i ConvexHullLib.obj
 0001:00013240       ?cleanupVertices@ConvexHullLib@physx@@IEAA_NIPEBVPxVec3@2@IAEAIPEAV32@AEAV32@3@Z 0000000180014240 f   ConvexHullLib.obj
 0001:000136c0       ?shiftAndcleanupVertices@ConvexHullLib@physx@@IEAA_NIPEBVPxVec3@2@IAEAIPEAV32@AEAV32@3@Z 00000001800146c0 f   ConvexHullLib.obj
 0001:00013ba0       ?shiftConvexMeshDesc@ConvexHullLib@physx@@IEAAXAEAVPxConvexMeshDesc@2@@Z 0000000180014ba0 f   ConvexHullLib.obj
 0001:00013c60       ?swapLargestFace@ConvexHullLib@physx@@IEAAXAEAVPxConvexMeshDesc@2@@Z 0000000180014c60 f   ConvexHullLib.obj
 0001:00013e50       ??0Box@Gu@physx@@QEAA@AEBV012@@Z 0000000180014e50 f i ConvexHullUtils.obj
 0001:00013e50       ??4Box@Gu@physx@@QEAAAEBV012@AEBV012@@Z 0000000180014e50 f i ConvexHullUtils.obj
 0001:00013eb0       ??0Box@Gu@physx@@QEAA@AEBVPxVec3@2@0AEBVPxMat33@2@@Z 0000000180014eb0 f i ConvexHullUtils.obj
 0001:00013f20       ??0ConvexHull@physx@@QEAA@AEBVPxVec3@1@AEBVPxTransform@1@AEBV?$Array@VPxPlane@physx@@V?$ReflectionAllocator@VPxPlane@physx@@@shdfnd@2@@shdfnd@1@@Z 0000000180014f20 f   ConvexHullUtils.obj
 0001:00015080       ??0PxQuat@physx@@QEAA@AEBVPxMat33@1@@Z 0000000180016080 f i ConvexHullUtils.obj
 0001:00015260       ?allocate@?$Array@VHalfEdge@ConvexHull@physx@@V?$ReflectionAllocator@VHalfEdge@ConvexHull@physx@@@shdfnd@3@@shdfnd@physx@@IEAAPEAVHalfEdge@ConvexHull@3@I@Z 0000000180016260 f i ConvexHullUtils.obj
 0001:00015300       ?allocate@?$Array@VPxPlane@physx@@V?$ReflectionAllocator@VPxPlane@physx@@@shdfnd@2@@shdfnd@physx@@IEAAPEAVPxPlane@3@I@Z 0000000180016300 f i ConvexHullUtils.obj
 0001:000153a0       ?assertIntact@ConvexHull@physx@@QEBA_NM@Z 00000001800163a0 f   ConvexHullUtils.obj
 0001:000156b0       ?computeAABBExtent@Box@Gu@physx@@QEBA?AVPxVec3@3@XZ 00000001800166b0 f i ConvexHullUtils.obj
 0001:00015770       ?computeBoxPoints@Box@Gu@physx@@QEBAXPEIAVPxVec3@3@@Z 0000000180016770 f i ConvexHullUtils.obj
 0001:000157b0       ?computeOBBFromConvex@physx@@YA_NAEBVPxConvexMeshDesc@1@AEAVPxVec3@1@AEAVPxTransform@1@@Z 00000001800167b0 f   ConvexHullUtils.obj
 0001:00016040       ?convexHullCrop@physx@@YAPEAVConvexHull@1@AEBV21@AEBVPxPlane@1@M@Z 0000000180017040 f   ConvexHullUtils.obj
 0001:00016de0       ?copy@?$Array@VPxPlane@physx@@V?$ReflectionAllocator@VPxPlane@physx@@@shdfnd@2@@shdfnd@physx@@KAXPEAVPxPlane@3@0PEBV43@@Z 0000000180017de0 f i ConvexHullUtils.obj
 0001:00016ee0       ?findCandidatePlane@ConvexHull@physx@@QEBAHMM@Z 0000000180017ee0 f   ConvexHullUtils.obj
 0001:00017330       ?getInverse@PxMat33@physx@@QEBA?BV12@XZ 0000000180018330 f i ConvexHullUtils.obj
 0001:00017580       ?getTransform@Box@Gu@physx@@QEBA?AVPxTransform@3@XZ 0000000180018580 f i ConvexHullUtils.obj
 0001:000175e0       ?growAndPushBack@?$Array@VHalfEdge@ConvexHull@physx@@V?$ReflectionAllocator@VHalfEdge@ConvexHull@physx@@@shdfnd@3@@shdfnd@physx@@IEAAAEAVHalfEdge@ConvexHull@3@AEBV453@@Z 00000001800185e0 f i ConvexHullUtils.obj
 0001:000176a0       ?growAndPushBack@?$Array@VPxPlane@physx@@V?$ReflectionAllocator@VPxPlane@physx@@@shdfnd@2@@shdfnd@physx@@IEAAAEAVPxPlane@3@AEBV43@@Z 00000001800186a0 f i ConvexHullUtils.obj
 0001:00017760       ?isValid@Box@Gu@physx@@QEBA_NXZ 0000000180018760 f i ConvexHullUtils.obj
 0001:00017780       ?maxNumVertsPerFace@ConvexHull@physx@@QEBAIXZ 0000000180018780 f   ConvexHullUtils.obj
 0001:000177f0       ?recreate@?$Array@VHalfEdge@ConvexHull@physx@@V?$ReflectionAllocator@VHalfEdge@ConvexHull@physx@@@shdfnd@3@@shdfnd@physx@@IEAAXI@Z 00000001800187f0 f i ConvexHullUtils.obj
 0001:00017890       ?recreate@?$Array@VPxPlane@physx@@V?$ReflectionAllocator@VPxPlane@physx@@@shdfnd@2@@shdfnd@physx@@IEAAXI@Z 0000000180018890 f i ConvexHullUtils.obj
 0001:00017920       ?resize@?$Array@VHalfEdge@ConvexHull@physx@@V?$ReflectionAllocator@VHalfEdge@ConvexHull@physx@@@shdfnd@3@@shdfnd@physx@@QEAAXIAEBVHalfEdge@ConvexHull@3@@Z 0000000180018920 f i ConvexHullUtils.obj
 0001:000179e0       ?resize@?$Array@VPxPlane@physx@@V?$ReflectionAllocator@VPxPlane@physx@@@shdfnd@2@@shdfnd@physx@@QEAAXIAEBVPxPlane@3@@Z 00000001800189e0 f i ConvexHullUtils.obj
 0001:00017b00       ?resize@?$Array@VPxVec3@physx@@V?$ReflectionAllocator@VPxVec3@physx@@@shdfnd@2@@shdfnd@physx@@QEAAXIAEBVPxVec3@3@@Z 0000000180018b00 f i ConvexHullUtils.obj
 0001:00017bf0       ?rotate@Box@Gu@physx@@QEBA?AVPxVec3@3@AEBV43@@Z 0000000180018bf0 f i ConvexHullUtils.obj
 0001:00017c80       ?rotateInv@Box@Gu@physx@@QEBA?AVPxVec3@3@AEBV43@@Z 0000000180018c80 f i ConvexHullUtils.obj
 0001:00017d10       ?setAxes@Box@Gu@physx@@QEAAXAEBVPxVec3@3@00@Z 0000000180018d10 f i ConvexHullUtils.obj
 0001:00017d50       ?setEmpty@Box@Gu@physx@@QEAAXXZ 0000000180018d50 f i ConvexHullUtils.obj
 0001:00017d90       ?transform@Box@Gu@physx@@QEBA?AVPxVec3@3@AEBV43@@Z 0000000180018d90 f i ConvexHullUtils.obj
 0001:00017e30       ??0ConvexMeshBuilder@physx@@QEAA@_N@Z 0000000180018e30 f   ConvexMeshBuilder.obj
 0001:00017e90       ??1ConvexMeshBuilder@physx@@QEAA@XZ 0000000180018e90 f   ConvexMeshBuilder.obj
 0001:000182e0       ?build@ConvexMeshBuilder@physx@@QEAA_NAEBVPxConvexMeshDesc@2@I_NPEAVConvexHullLib@2@@Z 00000001800192e0 f   ConvexMeshBuilder.obj
 0001:000185f0       ?computeHullPolygons@ConvexMeshBuilder@physx@@QEAA_NAEBIPEBVPxVec3@2@0PEBIAEAVPxAllocatorCallback@2@AEAIAEAPEAV32@4AEAPEAI4AEAPEAUPxHullPolygon@2@@Z 00000001800195f0 f   ConvexMeshBuilder.obj
 0001:00018810       ?computeMassInfo@ConvexMeshBuilder@physx@@QEAAX_N@Z 0000000180019810 f   ConvexMeshBuilder.obj
 0001:00018be0       ?copy@ConvexMeshBuilder@physx@@QEAA_NAEAUConvexHullInitData@Gu@2@@Z 0000000180019be0 f   ConvexMeshBuilder.obj
 0001:00018d00       ?isFinite@PxVec3@physx@@QEBA_NXZ 0000000180019d00 f i ConvexMeshBuilder.obj
 0001:00018d60       ?loadConvexHull@ConvexMeshBuilder@physx@@QEAA_NAEBVPxConvexMeshDesc@2@PEAVConvexHullLib@2@@Z 0000000180019d60 f   ConvexMeshBuilder.obj
 0001:00018fe0       ?save@ConvexMeshBuilder@physx@@QEBA_NAEAVPxOutputStream@2@_N@Z 0000000180019fe0 f   ConvexMeshBuilder.obj
 0001:000191f0       ??$copy@V?$ReflectionAllocator@VPair@@@shdfnd@physx@@@?$Array@VPair@@V?$ReflectionAllocator@VPair@@@shdfnd@physx@@@shdfnd@physx@@IEAAXAEBV012@@Z 000000018001a1f0 f i ConvexPolygonsBuilder.obj
 0001:00019270       ??0ConvexPolygonsBuilder@physx@@QEAA@PEAUConvexHullData@Gu@1@_N@Z 000000018001a270 f   ConvexPolygonsBuilder.obj
 0001:00019290       ??1ConvexPolygonsBuilder@physx@@QEAA@XZ 000000018001a290 f   ConvexPolygonsBuilder.obj
 0001:00019b00       ?allocate@?$Array@VPair@@V?$ReflectionAllocator@VPair@@@shdfnd@physx@@@shdfnd@physx@@IEAAPEAVPair@@I@Z 000000018001ab00 f i ConvexPolygonsBuilder.obj
 0001:0001a320       ?computeHullPolygons@ConvexPolygonsBuilder@physx@@QEAA_NAEBIPEBVPxVec3@2@0PEBI@Z 000000018001b320 f   ConvexPolygonsBuilder.obj
 0001:0001b3c0       ?createPolygonData@ConvexPolygonsBuilder@physx@@AEAA_NXZ 000000018001c3c0 f   ConvexPolygonsBuilder.obj
 0001:0001bfa0       ?createTrianglesFromPolygons@ConvexPolygonsBuilder@physx@@AEAA_NXZ 000000018001cfa0 f   ConvexPolygonsBuilder.obj
 0001:0001d620       ?growAndPushBack@?$Array@VPair@@V?$ReflectionAllocator@VPair@@@shdfnd@physx@@@shdfnd@physx@@IEAAAEAVPair@@AEBV4@@Z 000000018001e620 f i ConvexPolygonsBuilder.obj
 0001:0001d6e0       ??0QuickHull@local@@QEAA@AEBUPxCookingParams@physx@@AEBVPxConvexMeshDesc@3@@Z 000000018001e6e0 f   QuickHullConvexHullLib.obj
 0001:0001d790       ??0QuickHullConvexHullLib@physx@@QEAA@AEBVPxConvexMeshDesc@1@AEBUPxCookingParams@1@@Z 000000018001e790 f   QuickHullConvexHullLib.obj
 0001:0001d880       ??1?$MemBlock@UQuickHullHalfEdge@local@@$0A@@local@@QEAA@XZ 000000018001e880 f i QuickHullConvexHullLib.obj
 0001:0001d880       ??1?$MemBlock@UQuickHullFace@local@@$00@local@@QEAA@XZ 000000018001e880 f i QuickHullConvexHullLib.obj
 0001:0001d910       ??1QuickHull@local@@QEAA@XZ 000000018001e910 f   QuickHullConvexHullLib.obj
 0001:0001da50       ??_GConvexHull@physx@@QEAAPEAXI@Z 000000018001ea50 f i QuickHullConvexHullLib.obj
 0001:0001db30       ??_GQuickHullConvexHullLib@physx@@UEAAPEAXI@Z 000000018001eb30 f i QuickHullConvexHullLib.obj
 0001:0001db30       ??_EQuickHullConvexHullLib@physx@@UEAAPEAXI@Z 000000018001eb30 f i QuickHullConvexHullLib.obj
 0001:0001dc30       ?addPointToHull@QuickHull@local@@IEAA_NPEBUQuickHullVertex@2@AEAUQuickHullFace@2@AEA_N@Z 000000018001ec30 f   QuickHullConvexHullLib.obj
 0001:0001df00       ?addSimplex@QuickHull@local@@IEAAXPEAUQuickHullVertex@2@_N@Z 000000018001ef00 f   QuickHullConvexHullLib.obj
 0001:0001e3d0       ?allocate@?$Array@PEAUQuickHullFace@local@@V?$ReflectionAllocator@PEAUQuickHullFace@local@@@shdfnd@physx@@@shdfnd@physx@@IEAAPEAPEAUQuickHullFace@local@@I@Z 000000018001f3d0 f i QuickHullConvexHullLib.obj
 0001:0001e470       ?allocate@?$Array@PEAUQuickHullHalfEdge@local@@V?$ReflectionAllocator@PEAUQuickHullHalfEdge@local@@@shdfnd@physx@@@shdfnd@physx@@IEAAPEAPEAUQuickHullHalfEdge@local@@I@Z 000000018001f470 f i QuickHullConvexHullLib.obj
 0001:0001e510       ?allocate@?$Array@PEAUQuickHullVertex@local@@V?$ReflectionAllocator@PEAUQuickHullVertex@local@@@shdfnd@physx@@@shdfnd@physx@@IEAAPEAPEAUQuickHullVertex@local@@I@Z 000000018001f510 f i QuickHullConvexHullLib.obj
 0001:0001e5b0       ?allocate@?$Array@UExpandPoint@local@@V?$ReflectionAllocator@UExpandPoint@local@@@shdfnd@physx@@@shdfnd@physx@@IEAAPEAUExpandPoint@local@@I@Z 000000018001f5b0 f i QuickHullConvexHullLib.obj
 0001:0001e650       ?buildHull@QuickHull@local@@QEAA?AW4Enum@QuickHullResult@2@XZ 000000018001f650 f   QuickHullConvexHullLib.obj
 0001:0001e860       ?calculateHorizon@QuickHull@local@@IEAAXAEBVPxVec3@physx@@PEAUQuickHullHalfEdge@2@AEAUQuickHullFace@2@AEAV?$Array@PEAUQuickHullHalfEdge@local@@V?$ReflectionAllocator@PEAUQuickHullHalfEdge@local@@@shdfnd@physx@@@shdfnd@4@AEAV?$Array@PEAUQuickHullFace@local@@V?$ReflectionAllocator@PEAUQuickHullFace@local@@@shdfnd@physx@@@84@@Z 000000018001f860 f   QuickHullConvexHullLib.obj
 0001:0001ea10       ?canMergeFaces@QuickHull@local@@IEAA_NAEBUQuickHullHalfEdge@2@@Z 000000018001fa10 f   QuickHullConvexHullLib.obj
 0001:0001f240       ?cleanupForSimplex@QuickHullConvexHullLib@physx@@IEAA_NPEAVPxVec3@2@IPEAUQuickHullVertex@local@@1AEAM2@Z 0000000180020240 f   QuickHullConvexHullLib.obj
 0001:0001fe10       ?computeMinMaxVerts@QuickHull@local@@IEAAXXZ 0000000180020e10 f   QuickHullConvexHullLib.obj
 0001:000201e0       ?connectHalfEdges@QuickHullFace@local@@AEAAPEAU12@PEAUQuickHullHalfEdge@2@0@Z 00000001800211e0 f   QuickHullConvexHullLib.obj
 0001:00020540       ?copy@?$Array@UExpandPoint@local@@V?$ReflectionAllocator@UExpandPoint@local@@@shdfnd@physx@@@shdfnd@physx@@KAXPEAUExpandPoint@local@@0PEBU45@@Z 0000000180021540 f i QuickHullConvexHullLib.obj
 0001:000205f0       ?createConvexHull@QuickHullConvexHullLib@physx@@UEAA?AW4Enum@PxConvexMeshCookingResult@2@XZ 00000001800215f0 f   QuickHullConvexHullLib.obj
 0001:000209f0       ?createEdgeList@QuickHullConvexHullLib@physx@@UEAA_NIPEBEPEAPEAEPEAPEAG2@Z 00000001800219f0 f   QuickHullConvexHullLib.obj
 0001:00020c20       ?createTriangle@QuickHull@local@@IEAAPEAUQuickHullFace@2@AEBUQuickHullVertex@2@00@Z 0000000180021c20 f   QuickHullConvexHullLib.obj
 0001:00020fb0       ?doAdjacentMerge@QuickHull@local@@IEAA_NAEAUQuickHullFace@2@_NAEA_N@Z 0000000180021fb0 f   QuickHullConvexHullLib.obj
 0001:000212f0       ?expandHull@QuickHullConvexHullLib@physx@@IEAA?AW4Enum@PxConvexMeshCookingResult@2@XZ 00000001800222f0 f   QuickHullConvexHullLib.obj
 0001:00021fc0       ?expandHullOBB@QuickHullConvexHullLib@physx@@IEAA?AW4Enum@PxConvexMeshCookingResult@2@XZ 0000000180022fc0 f   QuickHullConvexHullLib.obj
 0001:000223e0       ?fillConvexMeshDesc@QuickHullConvexHullLib@physx@@UEAAXAEAVPxConvexMeshDesc@2@@Z 00000001800233e0 f   QuickHullConvexHullLib.obj
 0001:00022430       ?fillConvexMeshDescFromCroppedHull@QuickHullConvexHullLib@physx@@IEAAXAEAVPxConvexMeshDesc@2@@Z 0000000180023430 f   QuickHullConvexHullLib.obj
 0001:00022630       ?fillConvexMeshDescFromQuickHull@QuickHullConvexHullLib@physx@@IEAAXAEAVPxConvexMeshDesc@2@@Z 0000000180023630 f   QuickHullConvexHullLib.obj
 0001:000229c0       ?findSimplex@QuickHull@local@@IEAA_NXZ 00000001800239c0 f   QuickHullConvexHullLib.obj
 0001:00023670       ?getFreeItem@?$MemBlock@UQuickHullFace@local@@$00@local@@QEAAPEAUQuickHullFace@2@XZ 0000000180024670 f i QuickHullConvexHullLib.obj
 0001:000237a0       ?getFreeItem@?$MemBlock@UQuickHullHalfEdge@local@@$0A@@local@@QEAAPEAUQuickHullHalfEdge@2@XZ 00000001800247a0 f i QuickHullConvexHullLib.obj
 0001:00023870       ?growAndPushBack@?$Array@PEAUQuickHullFace@local@@V?$ReflectionAllocator@PEAUQuickHullFace@local@@@shdfnd@physx@@@shdfnd@physx@@IEAAAEAPEAUQuickHullFace@local@@AEBQEAU45@@Z 0000000180024870 f i QuickHullConvexHullLib.obj
 0001:00023930       ?growAndPushBack@?$Array@PEAUQuickHullHalfEdge@local@@V?$ReflectionAllocator@PEAUQuickHullHalfEdge@local@@@shdfnd@physx@@@shdfnd@physx@@IEAAAEAPEAUQuickHullHalfEdge@local@@AEBQEAU45@@Z 0000000180024930 f i QuickHullConvexHullLib.obj
 0001:000239f0       ?growAndPushBack@?$Array@PEAUQuickHullVertex@local@@V?$ReflectionAllocator@PEAUQuickHullVertex@local@@@shdfnd@physx@@@shdfnd@physx@@IEAAAEAPEAUQuickHullVertex@local@@AEBQEAU45@@Z 00000001800249f0 f i QuickHullConvexHullLib.obj
 0001:00023ab0       ?growAndPushBack@?$Array@UExpandPoint@local@@V?$ReflectionAllocator@UExpandPoint@local@@@shdfnd@physx@@@shdfnd@physx@@IEAAAEAUExpandPoint@local@@AEBU45@@Z 0000000180024ab0 f i QuickHullConvexHullLib.obj
 0001:00023bb0       ?init@?$MemBlock@UQuickHullFace@local@@$00@local@@QEAAXI@Z 0000000180024bb0 f i QuickHullConvexHullLib.obj
 0001:00023cb0       ?init@?$MemBlock@UQuickHullHalfEdge@local@@$0A@@local@@QEAAXI@Z 0000000180024cb0 f i QuickHullConvexHullLib.obj
 0001:00023d50       ?mergeAdjacentFace@QuickHullFace@local@@QEAA_NPEAUQuickHullHalfEdge@2@AEAV?$Array@PEAUQuickHullFace@local@@V?$ReflectionAllocator@PEAUQuickHullFace@local@@@shdfnd@physx@@@shdfnd@physx@@@Z 0000000180024d50 f   QuickHullConvexHullLib.obj
 0001:000241a0       ?nextPointToAdd@QuickHull@local@@IEAAPEAUQuickHullVertex@2@AEAPEAUQuickHullFace@2@@Z 00000001800251a0 f   QuickHullConvexHullLib.obj
 0001:00024320       ?parseInputVertices@QuickHull@local@@QEAAXPEBVPxVec3@physx@@I@Z 0000000180025320 f   QuickHullConvexHullLib.obj
 0001:000244b0       ?postMergeHull@QuickHull@local@@IEAAXXZ 00000001800254b0 f   QuickHullConvexHullLib.obj
 0001:00024700       ?preallocate@QuickHull@local@@QEAAXI@Z 0000000180025700 f   QuickHullConvexHullLib.obj
 0001:00024840       ?recreate@?$Array@PEAUQuickHullFace@local@@V?$ReflectionAllocator@PEAUQuickHullFace@local@@@shdfnd@physx@@@shdfnd@physx@@IEAAXI@Z 0000000180025840 f i QuickHullConvexHullLib.obj
 0001:000248e0       ?recreate@?$Array@PEAUQuickHullHalfEdge@local@@V?$ReflectionAllocator@PEAUQuickHullHalfEdge@local@@@shdfnd@physx@@@shdfnd@physx@@IEAAXI@Z 00000001800258e0 f i QuickHullConvexHullLib.obj
 0001:00024980       ?recreate@?$Array@PEAUQuickHullVertex@local@@V?$ReflectionAllocator@PEAUQuickHullVertex@local@@@shdfnd@physx@@@shdfnd@physx@@IEAAXI@Z 0000000180025980 f i QuickHullConvexHullLib.obj
 0001:00024a20       ?recreate@?$Array@UExpandPoint@local@@V?$ReflectionAllocator@UExpandPoint@local@@@shdfnd@physx@@@shdfnd@physx@@IEAAXI@Z 0000000180025a20 f i QuickHullConvexHullLib.obj
 0001:00024ab0       ?resolveUnclaimedPoints@QuickHull@local@@IEAAXAEBV?$Array@PEAUQuickHullFace@local@@V?$ReflectionAllocator@PEAUQuickHullFace@local@@@shdfnd@physx@@@shdfnd@physx@@@Z 0000000180025ab0 f   QuickHullConvexHullLib.obj
 0001:000257b0       ?computeVolumeIntegralsEberly@physx@@YA_NAEBVPxConvexMeshDesc@1@MAEAUPxIntegrals@1@AEBVPxVec3@1@@Z 00000001800267b0 f   VolumeIntegration.obj
 0001:000257f0       ?computeVolumeIntegralsEberlySIMD@physx@@YA_NAEBVPxConvexMeshDesc@1@MAEAUPxIntegrals@1@AEBVPxVec3@1@@Z 00000001800267f0 f   VolumeIntegration.obj
 0001:00025e30       ?cookingDelayHook@@YAP6A_JXZIPEAUDelayLoadInfo@@@Z 0000000180026e30 f   WindowsCookingDelayLoadHook.obj
 0001:00025f10       PxSetPhysXCookingDelayLoadHook 0000000180026f10 f   WindowsCookingDelayLoadHook.obj
 0001:00025f18       __imp_load_??0RadixSortBuffered@Cm@physx@@QEAA@XZ 0000000180026f18 f   PhysXCommon_64:PhysXCommon_64.dll
 0001:00025f24       ??0RadixSortBuffered@Cm@physx@@QEAA@XZ 0000000180026f24 f   PhysXCommon_64:PhysXCommon_64.dll
 0001:00025f2a       __tailMerge_physxcommon_64_dll 0000000180026f2a     PhysXCommon_64:PhysXCommon_64.dll
 0001:00025fa3       __imp_load_??1RadixSortBuffered@Cm@physx@@UEAA@XZ 0000000180026fa3 f   PhysXCommon_64:PhysXCommon_64.dll
 0001:00025faf       ??1RadixSortBuffered@Cm@physx@@UEAA@XZ 0000000180026faf f   PhysXCommon_64:PhysXCommon_64.dll
 0001:00025fb5       __imp_load_?Sort@RadixSortBuffered@Cm@physx@@QEAAAEAV123@PEBIIW4RadixHint@23@@Z 0000000180026fb5 f   PhysXCommon_64:PhysXCommon_64.dll
 0001:00025fc1       ?Sort@RadixSortBuffered@Cm@physx@@QEAAAEAV123@PEBIIW4RadixHint@23@@Z 0000000180026fc1 f   PhysXCommon_64:PhysXCommon_64.dll
 0001:00025fc7       __imp_load_??0HeightField@Gu@physx@@QEAA@PEAVGuMeshFactory@2@@Z 0000000180026fc7 f   PhysXCommon_64:PhysXCommon_64.dll
 0001:00025fd3       ??0HeightField@Gu@physx@@QEAA@PEAVGuMeshFactory@2@@Z 0000000180026fd3 f   PhysXCommon_64:PhysXCommon_64.dll
 0001:00025fd9       __imp_load_?loadFromDesc@HeightField@Gu@physx@@QEAA_NAEBVPxHeightFieldDesc@3@@Z 0000000180026fd9 f   PhysXCommon_64:PhysXCommon_64.dll
 0001:00025fe5       ?loadFromDesc@HeightField@Gu@physx@@QEAA_NAEBVPxHeightFieldDesc@3@@Z 0000000180026fe5 f   PhysXCommon_64:PhysXCommon_64.dll
 0001:00025feb       __imp_load_?computeCellCoordinates@HeightField@Gu@physx@@QEBAIMMAEAM0@Z 0000000180026feb f   PhysXCommon_64:PhysXCommon_64.dll
 0001:00025ff7       ?computeCellCoordinates@HeightField@Gu@physx@@QEBAIMMAEAM0@Z 0000000180026ff7 f   PhysXCommon_64:PhysXCommon_64.dll
 0001:00025ffd       __imp_load_?releaseMemory@HeightField@Gu@physx@@QEAAXXZ 0000000180026ffd f   PhysXCommon_64:PhysXCommon_64.dll
 0001:00026009       ?releaseMemory@HeightField@Gu@physx@@QEAAXXZ 0000000180027009 f   PhysXCommon_64:PhysXCommon_64.dll
 0001:0002600f       __imp_load_??1HeightField@Gu@physx@@UEAA@XZ 000000018002700f f   PhysXCommon_64:PhysXCommon_64.dll
 0001:0002601b       ??1HeightField@Gu@physx@@UEAA@XZ 000000018002701b f   PhysXCommon_64:PhysXCommon_64.dll
 0001:00026021       __imp_load_??0NodeAllocator@Gu@physx@@QEAA@XZ 0000000180027021 f   PhysXCommon_64:PhysXCommon_64.dll
 0001:0002602d       ??0NodeAllocator@Gu@physx@@QEAA@XZ 000000018002702d f   PhysXCommon_64:PhysXCommon_64.dll
 0001:00026033       __imp_load_??1NodeAllocator@Gu@physx@@QEAA@XZ 0000000180027033 f   PhysXCommon_64:PhysXCommon_64.dll
 0001:0002603f       ??1NodeAllocator@Gu@physx@@QEAA@XZ 000000018002703f f   PhysXCommon_64:PhysXCommon_64.dll
 0001:00026045       __imp_load_?release@NodeAllocator@Gu@physx@@QEAAXXZ 0000000180027045 f   PhysXCommon_64:PhysXCommon_64.dll
 0001:00026051       ?release@NodeAllocator@Gu@physx@@QEAAXXZ 0000000180027051 f   PhysXCommon_64:PhysXCommon_64.dll
 0001:00026057       __imp_load_?buildAABBTree@Gu@physx@@YA_NAEAVAABBTreeBuildParams@12@AEAVNodeAllocator@12@AEAUBuildStats@12@AEAPEAI@Z 0000000180027057 f   PhysXCommon_64:PhysXCommon_64.dll
 0001:00026063       ?buildAABBTree@Gu@physx@@YA_NAEAVAABBTreeBuildParams@12@AEAVNodeAllocator@12@AEAUBuildStats@12@AEAPEAI@Z 0000000180027063 f   PhysXCommon_64:PhysXCommon_64.dll
 0001:00026069       __imp_load_?writeDword@physx@@YAXI_NAEAVPxOutputStream@1@@Z 0000000180027069 f   PhysXCommon_64:PhysXCommon_64.dll
 0001:00026075       ?writeDword@physx@@YAXI_NAEAVPxOutputStream@1@@Z 0000000180027075 f   PhysXCommon_64:PhysXCommon_64.dll
 0001:0002607b       __imp_load_?writeFloatBuffer@physx@@YAXPEBMI_NAEAVPxOutputStream@1@@Z 000000018002707b f   PhysXCommon_64:PhysXCommon_64.dll
 0001:00026087       ?writeFloatBuffer@physx@@YAXPEBMI_NAEAVPxOutputStream@1@@Z 0000000180027087 f   PhysXCommon_64:PhysXCommon_64.dll
 0001:0002608d       __imp_load_?writeHeader@physx@@YA_NCCCCI_NAEAVPxOutputStream@1@@Z 000000018002708d f   PhysXCommon_64:PhysXCommon_64.dll
 0001:00026099       ?writeHeader@physx@@YA_NCCCCI_NAEAVPxOutputStream@1@@Z 0000000180027099 f   PhysXCommon_64:PhysXCommon_64.dll
 0001:0002609f       __imp_load_?writeWord@physx@@YAXG_NAEAVPxOutputStream@1@@Z 000000018002709f f   PhysXCommon_64:PhysXCommon_64.dll
 0001:000260ab       ?writeWord@physx@@YAXG_NAEAVPxOutputStream@1@@Z 00000001800270ab f   PhysXCommon_64:PhysXCommon_64.dll
 0001:000260b1       __imp_load_?writeFloat@physx@@YAXM_NAEAVPxOutputStream@1@@Z 00000001800270b1 f   PhysXCommon_64:PhysXCommon_64.dll
 0001:000260bd       ?writeFloat@physx@@YAXM_NAEAVPxOutputStream@1@@Z 00000001800270bd f   PhysXCommon_64:PhysXCommon_64.dll
 0001:000260c3       __imp_load_?computeBoundsAroundVertices@Gu@physx@@YAXAEAVPxBounds3@2@IPEIBVPxVec3@2@@Z 00000001800270c3 f   PhysXCommon_64:PhysXCommon_64.dll
 0001:000260cf       ?computeBoundsAroundVertices@Gu@physx@@YAXAEAVPxBounds3@2@IPEIBVPxVec3@2@@Z 00000001800270cf f   PhysXCommon_64:PhysXCommon_64.dll
 0001:000260d5       __imp_load_??0SourceMesh@Gu@physx@@QEAA@XZ 00000001800270d5 f   PhysXCommon_64:PhysXCommon_64.dll
 0001:000260e1       ??0SourceMesh@Gu@physx@@QEAA@XZ 00000001800270e1 f   PhysXCommon_64:PhysXCommon_64.dll
 0001:000260e7       __imp_load_??1SourceMesh@Gu@physx@@QEAA@XZ 00000001800270e7 f   PhysXCommon_64:PhysXCommon_64.dll
 0001:000260f3       ??1SourceMesh@Gu@physx@@QEAA@XZ 00000001800270f3 f   PhysXCommon_64:PhysXCommon_64.dll
 0001:000260f9       __imp_load_??0BV4Tree@Gu@physx@@QEAA@XZ 00000001800270f9 f   PhysXCommon_64:PhysXCommon_64.dll
 0001:00026105       ??0BV4Tree@Gu@physx@@QEAA@XZ 0000000180027105 f   PhysXCommon_64:PhysXCommon_64.dll
 0001:0002610b       __imp_load_??1BV4Tree@Gu@physx@@QEAA@XZ 000000018002710b f   PhysXCommon_64:PhysXCommon_64.dll
 0001:00026117       ??1BV4Tree@Gu@physx@@QEAA@XZ 0000000180027117 f   PhysXCommon_64:PhysXCommon_64.dll
 0001:0002611d       __imp_load_??0BV32Tree@Gu@physx@@QEAA@XZ 000000018002711d f   PhysXCommon_64:PhysXCommon_64.dll
 0001:00026129       ??0BV32Tree@Gu@physx@@QEAA@XZ 0000000180027129 f   PhysXCommon_64:PhysXCommon_64.dll
 0001:0002612f       __imp_load_??1BV32Tree@Gu@physx@@QEAA@XZ 000000018002712f f   PhysXCommon_64:PhysXCommon_64.dll
 0001:0002613b       ??1BV32Tree@Gu@physx@@QEAA@XZ 000000018002713b f   PhysXCommon_64:PhysXCommon_64.dll
 0001:00026141       __imp_load_?writeWordBuffer@physx@@YAXPEBGI_NAEAVPxOutputStream@1@@Z 0000000180027141 f   PhysXCommon_64:PhysXCommon_64.dll
 0001:0002614d       ?writeWordBuffer@physx@@YAXPEBGI_NAEAVPxOutputStream@1@@Z 000000018002714d f   PhysXCommon_64:PhysXCommon_64.dll
 0001:00026153       __imp_load_?computeMaxIndex@physx@@YAIPEBII@Z 0000000180027153 f   PhysXCommon_64:PhysXCommon_64.dll
 0001:0002615f       ?computeMaxIndex@physx@@YAIPEBII@Z 000000018002715f f   PhysXCommon_64:PhysXCommon_64.dll
 0001:00026165       __imp_load_?storeIndices@physx@@YAXIIPEBIAEAVPxOutputStream@1@_N@Z 0000000180027165 f   PhysXCommon_64:PhysXCommon_64.dll
 0001:00026171       ?storeIndices@physx@@YAXIIPEBIAEAVPxOutputStream@1@_N@Z 0000000180027171 f   PhysXCommon_64:PhysXCommon_64.dll
 0001:00026177       __imp_load_?BuildBV4Ex@Gu@physx@@YA_NAEAVBV4Tree@12@AEAVSourceMesh@12@MI@Z 0000000180027177 f   PhysXCommon_64:PhysXCommon_64.dll
 0001:00026183       ?BuildBV4Ex@Gu@physx@@YA_NAEAVBV4Tree@12@AEAVSourceMesh@12@MI@Z 0000000180027183 f   PhysXCommon_64:PhysXCommon_64.dll
 0001:00026189       __imp_load_?BuildBV32Ex@Gu@physx@@YA_NAEAVBV32Tree@12@AEAVSourceMesh@12@MI@Z 0000000180027189 f   PhysXCommon_64:PhysXCommon_64.dll
 0001:00026195       ?BuildBV32Ex@Gu@physx@@YA_NAEAVBV32Tree@12@AEAVSourceMesh@12@MI@Z 0000000180027195 f   PhysXCommon_64:PhysXCommon_64.dll
 0001:0002619b       __imp_load_?computeMaxIndex@physx@@YAGPEBGI@Z 000000018002719b f   PhysXCommon_64:PhysXCommon_64.dll
 0001:000261a7       ?computeMaxIndex@physx@@YAGPEBGI@Z 00000001800271a7 f   PhysXCommon_64:PhysXCommon_64.dll
 0001:000261ad       __imp_load_?WriteHeader@Gu@physx@@YA_NEEEEI_NAEAVPxOutputStream@2@@Z 00000001800271ad f   PhysXCommon_64:PhysXCommon_64.dll
 0001:000261b9       ?WriteHeader@Gu@physx@@YA_NEEEEI_NAEAVPxOutputStream@2@@Z 00000001800271b9 f   PhysXCommon_64:PhysXCommon_64.dll
 0001:000261bf       __imp_load_?StoreIndices@Gu@physx@@YAXGIPEBGAEAVPxOutputStream@2@_N@Z 00000001800271bf f   PhysXCommon_64:PhysXCommon_64.dll
 0001:000261cb       ?StoreIndices@Gu@physx@@YAXGIPEBGAEAVPxOutputStream@2@_N@Z 00000001800271cb f   PhysXCommon_64:PhysXCommon_64.dll
 0001:000261d1       __imp_load_?CreateOffsets@BigConvexData@physx@@IEAAXXZ 00000001800271d1 f   PhysXCommon_64:PhysXCommon_64.dll
 0001:000261dd       ?CreateOffsets@BigConvexData@physx@@IEAAXXZ 00000001800271dd f   PhysXCommon_64:PhysXCommon_64.dll
 0001:000261e3       __imp_load_?computeOBBPoints@Gu@physx@@YAXPEIAVPxVec3@2@AEBV32@1111@Z 00000001800271e3 f   PhysXCommon_64:PhysXCommon_64.dll
 0001:000261ef       ?computeOBBPoints@Gu@physx@@YAXPEIAVPxVec3@2@AEBV32@1111@Z 00000001800271ef f   PhysXCommon_64:PhysXCommon_64.dll
 0001:000261f5       __imp_load_??0BigConvexData@physx@@QEAA@XZ 00000001800271f5 f   PhysXCommon_64:PhysXCommon_64.dll
 0001:00026201       ??0BigConvexData@physx@@QEAA@XZ 0000000180027201 f   PhysXCommon_64:PhysXCommon_64.dll
 0001:00026207       __imp_load_??1BigConvexData@physx@@QEAA@XZ 0000000180027207 f   PhysXCommon_64:PhysXCommon_64.dll
 0001:00026213       ??1BigConvexData@physx@@QEAA@XZ 0000000180027213 f   PhysXCommon_64:PhysXCommon_64.dll
 0001:00026219       __imp_load_PxGetFoundation 0000000180027219 f   PhysXFoundation_64:PhysXFoundation_64.dll
 0001:00026225       PxGetFoundation            0000000180027225 f   PhysXFoundation_64:PhysXFoundation_64.dll
 0001:0002622b       __tailMerge_physxfoundation_64_dll 000000018002722b     PhysXFoundation_64:PhysXFoundation_64.dll
 0001:000262a4       __imp_load_?getAllocator@shdfnd@physx@@YAAEAVPxAllocatorCallback@2@XZ 00000001800272a4 f   PhysXFoundation_64:PhysXFoundation_64.dll
 0001:000262b0       ?getAllocator@shdfnd@physx@@YAAEAVPxAllocatorCallback@2@XZ 00000001800272b0 f   PhysXFoundation_64:PhysXFoundation_64.dll
 0001:000262b6       __imp_load_?getInstance@Foundation@shdfnd@physx@@SAAEAV123@XZ 00000001800272b6 f   PhysXFoundation_64:PhysXFoundation_64.dll
 0001:000262c2       ?getInstance@Foundation@shdfnd@physx@@SAAEAV123@XZ 00000001800272c2 f   PhysXFoundation_64:PhysXFoundation_64.dll
 0001:000262c8       __imp_load_?error@Foundation@shdfnd@physx@@QEAAXW4Enum@PxErrorCode@3@PEBDH1ZZ 00000001800272c8 f   PhysXFoundation_64:PhysXFoundation_64.dll
 0001:000262d4       ?error@Foundation@shdfnd@physx@@QEAAXW4Enum@PxErrorCode@3@PEBDH1ZZ 00000001800272d4 f   PhysXFoundation_64:PhysXFoundation_64.dll
 0001:000262da       __imp_load_?incRefCount@Foundation@shdfnd@physx@@SAXXZ 00000001800272da f   PhysXFoundation_64:PhysXFoundation_64.dll
 0001:000262e6       ?incRefCount@Foundation@shdfnd@physx@@SAXXZ 00000001800272e6 f   PhysXFoundation_64:PhysXFoundation_64.dll
 0001:000262ec       __imp_load_?decRefCount@Foundation@shdfnd@physx@@SAXXZ 00000001800272ec f   PhysXFoundation_64:PhysXFoundation_64.dll
 0001:000262f8       ?decRefCount@Foundation@shdfnd@physx@@SAXXZ 00000001800272f8 f   PhysXFoundation_64:PhysXFoundation_64.dll
 0001:000262fe       __imp_load_??0FPUGuard@shdfnd@physx@@QEAA@XZ 00000001800272fe f   PhysXFoundation_64:PhysXFoundation_64.dll
 0001:0002630a       ??0FPUGuard@shdfnd@physx@@QEAA@XZ 000000018002730a f   PhysXFoundation_64:PhysXFoundation_64.dll
 0001:00026310       __imp_load_??1FPUGuard@shdfnd@physx@@QEAA@XZ 0000000180027310 f   PhysXFoundation_64:PhysXFoundation_64.dll
 0001:0002631c       ??1FPUGuard@shdfnd@physx@@QEAA@XZ 000000018002731c f   PhysXFoundation_64:PhysXFoundation_64.dll
 0001:00026322       __imp_load_?allocate@TempAllocator@shdfnd@physx@@QEAAPEAX_KPEBDH@Z 0000000180027322 f   PhysXFoundation_64:PhysXFoundation_64.dll
 0001:0002632e       ?allocate@TempAllocator@shdfnd@physx@@QEAAPEAX_KPEBDH@Z 000000018002732e f   PhysXFoundation_64:PhysXFoundation_64.dll
 0001:00026334       __imp_load_?deallocate@TempAllocator@shdfnd@physx@@QEAAXPEAX@Z 0000000180027334 f   PhysXFoundation_64:PhysXFoundation_64.dll
 0001:00026340       ?deallocate@TempAllocator@shdfnd@physx@@QEAAXPEAX@Z 0000000180027340 f   PhysXFoundation_64:PhysXFoundation_64.dll
 0001:00026346       __imp_load_?PxDiagonalize@physx@@YA?AVPxVec3@1@AEBVPxMat33@1@AEAVPxQuat@1@@Z 0000000180027346 f   PhysXFoundation_64:PhysXFoundation_64.dll
 0001:00026352       ?PxDiagonalize@physx@@YA?AVPxVec3@1@AEBVPxMat33@1@AEAVPxQuat@1@@Z 0000000180027352 f   PhysXFoundation_64:PhysXFoundation_64.dll
 0001:00026358       ?DloadAcquireSectionWriteAccess@@YAXXZ 0000000180027358 f i Delayimp:delayhlp.obj
 0001:00026404       ?DloadGetSRWLockFunctionPointers@@YAEXZ 0000000180027404 f i Delayimp:delayhlp.obj
 0001:000264a0       ?DloadMakePermanentImageCommit@@YAXPEAX_K@Z 00000001800274a0 f i Delayimp:delayhlp.obj
 0001:00026538       ?DloadObtainSection@@YAPEAXPEAK0@Z 0000000180027538 f i Delayimp:delayhlp.obj
 0001:000265d4       ?DloadProtectSection@@YAXKPEAK@Z 00000001800275d4 f i Delayimp:delayhlp.obj
 0001:00026664       ?DloadReleaseSectionWriteAccess@@YAXXZ 0000000180027664 f i Delayimp:delayhlp.obj
 0001:000266f8       __delayLoadHelper2         00000001800276f8 f   Delayimp:delayhlp.obj
 0001:000269d0       ??_V@YAXPEAX@Z             00000001800279d0 f   LIBCMT:delete_array.obj
 0001:000269d0       ??3@YAXPEAX_K@Z            00000001800279d0 f   LIBCMT:delete_scalar_size.obj
 0001:000269d8       ??_Etype_info@@UEAAPEAXI@Z 00000001800279d8 f i LIBCMT:std_type_info_static.obj
 0001:000269d8       ??_Gtype_info@@UEAAPEAXI@Z 00000001800279d8 f i LIBCMT:std_type_info_static.obj
 0001:00026a04       ?__scrt_initialize_type_info@@YAXXZ 0000000180027a04 f   LIBCMT:tncleanup.obj
 0001:00026a14       ?__scrt_uninitialize_type_info@@YAXXZ 0000000180027a14 f   LIBCMT:tncleanup.obj
 0001:00026a30       _alloca_probe              0000000180027a30 f   LIBCMT:chkstk.obj
 0001:00026a30       __chkstk                   0000000180027a30 f   LIBCMT:chkstk.obj
 0001:00026a84       ??3@YAXPEAX@Z              0000000180027a84 f   LIBCMT:delete_scalar.obj
 0001:00026a90       __vdecl_sinf4              0000000180027a90 f   LIBCMT:svml_ssinf4_dispatch.obj
 0001:00026ab0       __libm_sse2_sincosf_       0000000180027ab0 f   LIBCMT:svml_ssinf4_dispatch.obj
 0001:00026af3       __libm_sse2_sincosf4_      0000000180027af3 f   LIBCMT:svml_ssinf4_dispatch.obj
 0001:00026e20       _DllMainCRTStartup         0000000180027e20 f   LIBCMT:dll_dllmain.obj
 0001:00026e60       __isa_available_init       0000000180027e60 f   LIBCMT:cpu_disp.obj
 0001:00027010       __sse2_sinf4@@16           0000000180028010 f   LIBCMT:svml_ssinf4_sse2.obj
 0001:00027950       __sse4_sinf4@@16           0000000180028950 f   LIBCMT:svml_ssinf4_sse4.obj
 0001:000280c4       __security_init_cookie     00000001800290c4 f   LIBCMT:gs_support.obj
 0001:00028170       __local_stdio_printf_options 0000000180029170 f i LIBCMT:default_local_stdio_options.obj
 0001:00028178       __local_stdio_scanf_options 0000000180029178 f i LIBCMT:default_local_stdio_options.obj
 0001:00028180       __scrt_initialize_default_local_stdio_options 0000000180029180 f   LIBCMT:default_local_stdio_options.obj
 0001:0002819c       __scrt_acquire_startup_lock 000000018002919c f   LIBCMT:utility.obj
 0001:000281d8       __scrt_dllmain_after_initialize_c 00000001800291d8 f   LIBCMT:utility.obj
 0001:0002820c       __scrt_dllmain_before_initialize_c 000000018002920c f   LIBCMT:utility.obj
 0001:00028224       __scrt_dllmain_crt_thread_attach 0000000180029224 f   LIBCMT:utility.obj
 0001:0002824c       __scrt_dllmain_crt_thread_detach 000000018002924c f   LIBCMT:utility.obj
 0001:00028264       __scrt_dllmain_exception_filter 0000000180029264 f   LIBCMT:utility.obj
 0001:000282c4       __scrt_dllmain_uninitialize_c 00000001800292c4 f   LIBCMT:utility.obj
 0001:000282f4       __scrt_dllmain_uninitialize_critical 00000001800292f4 f   LIBCMT:utility.obj
 0001:00028308       __scrt_initialize_crt      0000000180029308 f   LIBCMT:utility.obj
 0001:00028354       __scrt_initialize_onexit_tables 0000000180029354 f   LIBCMT:utility.obj
 0001:000283e0       __scrt_is_nonwritable_in_current_image 00000001800293e0 f   LIBCMT:utility.obj
 0001:00028478       __scrt_release_startup_lock 0000000180029478 f   LIBCMT:utility.obj
 0001:0002849c       __scrt_uninitialize_crt    000000018002949c f   LIBCMT:utility.obj
 0001:000284c8       __scrt_get_dyn_tls_init_callback 00000001800294c8 f   LIBCMT:dyn_tls_init.obj
 0001:000284d0       __crt_debugger_hook        00000001800294d0 f   LIBCMT:utility_desktop.obj
 0001:000284d8       __scrt_fastfail            00000001800294d8 f   LIBCMT:utility_desktop.obj
 0001:00028624       _RTC_Initialize            0000000180029624 f   LIBCMT:initsect.obj
 0001:00028660       _RTC_Terminate             0000000180029660 f   LIBCMT:initsect.obj
 0001:000286a0       __common_ssin_cout_rare    00000001800296a0 f   LIBCMT:svml_s_sin_cout.obj
 0001:00028710       __scrt_is_ucrt_dll_in_use  0000000180029710 f   LIBCMT:ucrt_detection.obj
 0001:0002871c       _get_purecall_handler      000000018002971c f   libvcruntime:purevirt.obj
 0001:00028724       _purecall                  0000000180029724 f   libvcruntime:purevirt.obj
 0001:00028748       __std_type_info_compare    0000000180029748 f   libvcruntime:std_type_info.obj
 0001:00028770       __std_type_info_destroy_list 0000000180029770 f   libvcruntime:std_type_info.obj
 0001:0002879c       __std_type_info_name       000000018002979c f   libvcruntime:std_type_info.obj
 0001:000288d0       memset_repmovs             00000001800298d0 f   libvcruntime:memset.obj
 0001:000288f0       memset                     00000001800298f0 f   libvcruntime:memset.obj
 0001:00028a90       memcpy_repmovs             0000000180029a90 f   libvcruntime:memcpy.obj
 0001:00028ab0       memmove                    0000000180029ab0 f   libvcruntime:memcpy.obj
 0001:00028ab0       memcpy                     0000000180029ab0 f   libvcruntime:memcpy.obj
 0001:00028e88       strstr                     0000000180029e88 f   libvcruntime:strstr.obj
 0001:00029084       __C_specific_handler       000000018002a084 f   libvcruntime:riscchandler.obj
 0001:00029290       __vcrt_initialize          000000018002a290 f   libvcruntime:initialization.obj
 0001:000292b8       __vcrt_thread_attach       000000018002a2b8 f   libvcruntime:initialization.obj
 0001:000292cc       __vcrt_thread_detach       000000018002a2cc f   libvcruntime:initialization.obj
 0001:000292e0       __vcrt_uninitialize        000000018002a2e0 f   libvcruntime:initialization.obj
 0001:000292fc       __vcrt_uninitialize_critical 000000018002a2fc f   libvcruntime:initialization.obj
 0001:0002930c       __DestructExceptionObject  000000018002a30c f   libvcruntime:ehhelpers.obj
 0001:0002937c       ?_CallMemberFunction0@@YAXQEAX0@Z 000000018002a37c f i libvcruntime:ehhelpers.obj
 0001:00029380       _IsExceptionObjectToBeDestroyed 000000018002a380 f   libvcruntime:ehhelpers.obj
 0001:000293b0       __AdjustPointer            000000018002a3b0 f   libvcruntime:ehhelpers.obj
 0001:000293d4       __FrameUnwindFilter        000000018002a3d4 f   libvcruntime:ehhelpers.obj
 0001:0002943c       ??$?0$00@DName@@QEAA@PEBDU?$StringLifeSelector@$00@@@Z 000000018002a43c f i libvcruntime:undname.obj
 0001:0002947c       ??$?0$0A@@DName@@QEAA@PEBDU?$StringLifeSelector@$0A@@@@Z 000000018002a47c f i libvcruntime:undname.obj
 0001:0002947c       ??$?0$01@DName@@QEAA@PEBDU?$StringLifeSelector@$01@@@Z 000000018002a47c f i libvcruntime:undname.obj
 0001:000294bc       ??$?0$0A@@pcharNode@@QEAA@PEBDHU?$StringLifeSelector@$0A@@@@Z 000000018002a4bc f i libvcruntime:undname.obj
 0001:000294bc       ??$?0$01@pcharNode@@QEAA@PEBDHU?$StringLifeSelector@$01@@@Z 000000018002a4bc f i libvcruntime:undname.obj
 0001:00029530       ??$append@VDNameNode@@@DName@@AEAAXPEBVDNameNode@@@Z 000000018002a530 f i libvcruntime:undname.obj
 0001:00029530       ??$append@VcharNode@@@DName@@AEAAXPEBVcharNode@@@Z 000000018002a530 f i libvcruntime:undname.obj
 0001:00029530       ??$append@VpcharNode@@@DName@@AEAAXPEBVpcharNode@@@Z 000000018002a530 f i libvcruntime:undname.obj
 0001:00029530       ??$append@VDNameStatusNode@@@DName@@AEAAXPEBVDNameStatusNode@@@Z 000000018002a530 f i libvcruntime:undname.obj
 0001:00029594       ??$doPchar@$00@DName@@AEAAXPEBDH@Z 000000018002a594 f i libvcruntime:undname.obj
 0001:0002962c       ??$doPchar@$0A@@DName@@AEAAXPEBDH@Z 000000018002a62c f i libvcruntime:undname.obj
 0001:0002962c       ??$doPchar@$01@DName@@AEAAXPEBDH@Z 000000018002a62c f i libvcruntime:undname.obj
 0001:000296c4       ??0DName@@QEAA@AEAPEBDD@Z  000000018002a6c4 f   libvcruntime:undname.obj
 0001:00029774       ??0DName@@QEAA@AEBUStringLiteral@@@Z 000000018002a774 f   libvcruntime:undname.obj
 0001:000297a0       ??0DName@@QEAA@PEAV0@@Z    000000018002a7a0 f   libvcruntime:undname.obj
 0001:00029824       ??0DName@@QEAA@_J@Z        000000018002a824 f   libvcruntime:undname.obj
 0001:000298cc       ??0DName@@QEAA@_K@Z        000000018002a8cc f   libvcruntime:undname.obj
 0001:0002995c       ??2@YAPEAX_KAEAV_HeapManager@@H@Z 000000018002a95c f   libvcruntime:undname.obj
 0001:00029988       ??AReplicator@@QEBA?AVDName@@H@Z 000000018002a988 f   libvcruntime:undname.obj
 0001:000299c8       ??HDName@@QEBA?AV0@AEBUStringLiteral@@@Z 000000018002a9c8 f   libvcruntime:undname.obj
 0001:000299f4       ??HDName@@QEBA?AV0@AEBV0@@Z 000000018002a9f4 f   libvcruntime:undname.obj
 0001:00029a20       ??HDName@@QEBA?AV0@D@Z     000000018002aa20 f   libvcruntime:undname.obj
 0001:00029a4c       ??HDName@@QEBA?AV0@W4DNameStatus@@@Z 000000018002aa4c f   libvcruntime:undname.obj
 0001:00029a78       ??YDName@@QEAAAEAV0@AEBUStringLiteral@@@Z 000000018002aa78 f   libvcruntime:undname.obj
 0001:00029af8       ??YDName@@QEAAAEAV0@AEBV0@@Z 000000018002aaf8 f   libvcruntime:undname.obj
 0001:00029b7c       ??YDName@@QEAAAEAV0@D@Z    000000018002ab7c f   libvcruntime:undname.obj
 0001:00029be8       ??YDName@@QEAAAEAV0@W4DNameStatus@@@Z 000000018002abe8 f   libvcruntime:undname.obj
 0001:00029c54       ??YReplicator@@QEAAAEAV0@AEBVDName@@@Z 000000018002ac54 f   libvcruntime:undname.obj
 0001:00029cbc       ?UScore@UnDecorator@@SA?AUStringLiteral@@W4Tokens@@@Z 000000018002acbc f   libvcruntime:undname.obj
 0001:00029d08       ?composeDeclaration@UnDecorator@@CA?AVDName@@AEBV2@@Z 000000018002ad08 f i libvcruntime:undname.obj
 0001:0002ab8c       ?doPchar@DName@@AEAAXD@Z   000000018002bb8c f   libvcruntime:undname.obj
 0001:0002abdc       ?getArgumentList@UnDecorator@@CA?AVDName@@XZ 000000018002bbdc f   libvcruntime:undname.obj
 0001:0002ad08       ?getArgumentTypes@UnDecorator@@CA?AVDName@@XZ 000000018002bd08 f   libvcruntime:undname.obj
 0001:0002ae64       ?getArrayType@UnDecorator@@CA?AVDName@@AEBV2@@Z 000000018002be64 f i libvcruntime:undname.obj
 0001:0002b0c0       ?getBasedType@UnDecorator@@CA?AVDName@@XZ 000000018002c0c0 f   libvcruntime:undname.obj
 0001:0002b1b8       ?getBasicDataType@UnDecorator@@CA?AVDName@@AEBV2@@Z 000000018002c1b8 f   libvcruntime:undname.obj
 0001:0002b720       ?getCallingConvention@UnDecorator@@CA?AVDName@@XZ 000000018002c720 f   libvcruntime:undname.obj
 0001:0002b860       ?getDataIndirectType@UnDecorator@@CA?AVDName@@AEBV2@W4IndirectionKind@@0H@Z 000000018002c860 f   libvcruntime:undname.obj
 0001:0002c0f8       ?getDataType@UnDecorator@@CA?AVDName@@PEAV2@@Z 000000018002d0f8 f   libvcruntime:undname.obj
 0001:0002c20c       ?getDecoratedName@UnDecorator@@CA?AVDName@@XZ 000000018002d20c f   libvcruntime:undname.obj
 0001:0002c4fc       ?getDimension@UnDecorator@@CA?AVDName@@_N@Z 000000018002d4fc f   libvcruntime:undname.obj
 0001:0002c678       ?getDispatchTarget@UnDecorator@@CA?AVDName@@XZ 000000018002d678 f   libvcruntime:undname.obj
 0001:0002c6c4       ?getECSUDataType@UnDecorator@@CA?AVDName@@XZ 000000018002d6c4 f   libvcruntime:undname.obj
 0001:0002c89c       ?getEnumType@UnDecorator@@CA?AVDName@@XZ 000000018002d89c f i libvcruntime:undname.obj
 0001:0002c9c4       ?getExtendedDataIndirectType@UnDecorator@@CA?AVDName@@AEAW4IndirectionKind@@AEA_NH@Z 000000018002d9c4 f   libvcruntime:undname.obj
 0001:0002cbb0       ?getExternalDataType@UnDecorator@@CA?AVDName@@AEBV2@@Z 000000018002dbb0 f i libvcruntime:undname.obj
[...]
 0004:00002acc       $pdata$?setSBCS@@YAXPEAU__crt_multibyte_data@@@Z 000000018005bacc     libucrt:mbctype.obj
 0004:00002ad8       $pdata$?update_thread_multibyte_data_internal@@YAPEAU__crt_multibyte_data@@QEAU__acrt_ptd@@QEAPEAU1@@Z 000000018005bad8     libucrt:mbctype.obj
 0004:00002ae4       $pdata$?fin$0@?0??update_thread_multibyte_data_internal@@YAPEAU__crt_multibyte_data@@QEAU__acrt_ptd@@QEAPEAU1@@Z@4HA 000000018005bae4     libucrt:mbctype.obj
 0004:00002af0       $pdata$?setmbcp_internal@@YAHH_NQEAU__acrt_ptd@@QEAPEAU__crt_multibyte_data@@@Z 000000018005baf0     libucrt:mbctype.obj
 0004:00002afc       $pdata$?setSBUpLow@@YAXPEAU__crt_multibyte_data@@@Z 000000018005bafc     libucrt:mbctype.obj
 0004:00002b08       $pdata$??$?RV<lambda_efdfa57d1f175319df784efa44bb7b81>@@AEAV<lambda_5f0a4c1567f8adc6734073e5d1e1b35c>@@V<lambda_2e8a7d3640ea6ccb4c2413664c2db6fd>@@@?$__crt_seh_guarded_call@X@@QEAAX$$QEAV<lambda_efdfa57d1f175319df784efa44bb7b81>@@AEAV<lambda_5f0a4c1567f8adc6734073e5d1e1b35c>@@$$QEAV<lambda_2e8a7d3640ea6ccb4c2413664c2db6fd>@@@Z 000000018005bb08     libucrt:mbctype.obj
 0004:00002b14       $pdata$?x_ismbbtype_l@@YAHPEAU__crt_locale_pointers@@IHH@Z 000000018005bb14     libucrt:ismbbyte.obj
 0004:00002b20       $pdata$__acrt_initialize_command_line 000000018005bb20     libucrt:argv_data.obj
 0004:00002b2c       $pdata$__acrt_WideCharToMultiByte 000000018005bb2c     libucrt:widechartomultibyte.obj
 0004:00002b38       $pdata$__dcrt_get_narrow_environment_from_os 000000018005bb38     libucrt:get_environment_from_os.obj
 0004:00002b44       $pdata$_recalloc_base      000000018005bb44     libucrt:recalloc.obj
 0004:00002b50       $pdata$__acrt_initialize_winapi_thunks 000000018005bb50     libucrt:winapi_thunks.obj
 0004:00002b5c       $pdata$__acrt_uninitialize_winapi_thunks 000000018005bb5c     libucrt:winapi_thunks.obj
 0004:00002b68       $pdata$__acrt_AreFileApisANSI 000000018005bb68     libucrt:winapi_thunks.obj
 0004:00002b74       $pdata$__acrt_FlsAlloc     000000018005bb74     libucrt:winapi_thunks.obj
 0004:00002b80       $pdata$__acrt_FlsFree      000000018005bb80     libucrt:winapi_thunks.obj
 0004:00002b8c       $pdata$__acrt_FlsGetValue  000000018005bb8c     libucrt:winapi_thunks.obj
 0004:00002b98       $pdata$__acrt_FlsSetValue  000000018005bb98     libucrt:winapi_thunks.obj
 0004:00002ba4       $pdata$__acrt_InitializeCriticalSectionEx 000000018005bba4     libucrt:winapi_thunks.obj
 0004:00002bb0       $pdata$__acrt_LCMapStringEx 000000018005bbb0     libucrt:winapi_thunks.obj
 0004:00002bbc       $pdata$__acrt_LocaleNameToLCID 000000018005bbbc     libucrt:winapi_thunks.obj
 0004:00002bc8       $pdata$__acrt_AppPolicyGetProcessTerminationMethodInternal 000000018005bbc8     libucrt:winapi_thunks.obj
 0004:00002bd4       $pdata$?try_get_function@@YAPEAXW4function_id@?A0x391cf84c@@QEBDQEBW4module_id@2@2@Z 000000018005bbd4     libucrt:winapi_thunks.obj
 0004:00002be0       $pdata$__acrt_initialize_heap 000000018005bbe0     libucrt:heap_handle.obj
 0004:00002bec       $pdata$__acrt_initialize_lowio 000000018005bbec     libucrt:ioinit.obj
 0004:00002bf8       $pdata$__acrt_initialize_lowio$fin$0 000000018005bbf8     libucrt:ioinit.obj
 0004:00002bf8       $pdata$__acrt_lowio_ensure_fh_exists$fin$0 000000018005bbf8     libucrt:osfinfo.obj
 0004:00002c04       $pdata$__acrt_uninitialize_lowio 000000018005bc04     libucrt:ioinit.obj
 0004:00002c10       $pdata$?initialize_inherited_file_handles_nolock@@YAXXZ 000000018005bc10     libucrt:ioinit.obj
 0004:00002c1c       $pdata$?initialize_stdio_handles_nolock@@YAXXZ 000000018005bc1c     libucrt:ioinit.obj
 0004:00002c28       $pdata$__acrt_execute_initializers 000000018005bc28     libucrt:shared_initialization.obj
 0004:00002c34       $pdata$__acrt_execute_uninitializers 000000018005bc34     libucrt:shared_initialization.obj
 0004:00002c40       $pdata$_callnewh           000000018005bc40     libucrt:new_handler.obj
 0004:00002c4c       $pdata$_query_new_handler  000000018005bc4c     libucrt:new_handler.obj
 0004:00002c58       $pdata$_query_new_handler$fin$0 000000018005bc58     libucrt:new_handler.obj
 0004:00002c64       $pdata$__acrt_get_sigabrt_handler 000000018005bc64     libucrt:signal.obj
 0004:00002c70       $pdata$raise               000000018005bc70     libucrt:signal.obj
 0004:00002c7c       $pdata$raise$fin$0         000000018005bc7c     libucrt:signal.obj
 0004:00002c88       $pdata$??$?RV<lambda_450d765d439847d4c735a33c368b5fc0>@@AEAV<lambda_44731a7d0e6d81c3e6aa82d741081786>@@V<lambda_601a2a7da3b7a96e9554ac7215c4b07c>@@@?$__crt_seh_guarded_call@P6AXH@Z@@QEAAP6AXH@Z$$QEAV<lambda_450d765d439847d4c735a33c368b5fc0>@@AEAV<lambda_44731a7d0e6d81c3e6aa82d741081786>@@$$QEAV<lambda_601a2a7da3b7a96e9554ac7215c4b07c>@@@Z 000000018005bc88     libucrt:signal.obj
 0004:00002c94       $pdata$_fflush_nolock      000000018005bc94     libucrt:fflush.obj
 0004:00002ca0       $pdata$__acrt_stdio_flush_nolock 000000018005bca0     libucrt:fflush.obj
 0004:00002cac       $pdata$?common_flush_all@@YAH_N@Z 000000018005bcac     libucrt:fflush.obj
 0004:00002cb8       $pdata$??$?RV<lambda_842d9ff0dc9ef11c61343bbaebe7f885>@@AEAV<lambda_c5860995281e5c4ce005b3de8f5874ee>@@V<lambda_d90129c13df834fdcbf8d2b88dafcf2d>@@@?$__crt_seh_guarded_call@X@@QEAAX$$QEAV<lambda_842d9ff0dc9ef11c61343bbaebe7f885>@@AEAV<lambda_c5860995281e5c4ce005b3de8f5874ee>@@$$QEAV<lambda_d90129c13df834fdcbf8d2b88dafcf2d>@@@Z 000000018005bcb8     libucrt:fflush.obj
 0004:00002cc4       $pdata$?fin$0@?0???$?RV<lambda_842d9ff0dc9ef11c61343bbaebe7f885>@@AEAV<lambda_c5860995281e5c4ce005b3de8f5874ee>@@V<lambda_d90129c13df834fdcbf8d2b88dafcf2d>@@@?$__crt_seh_guarded_call@X@@QEAAX$$QEAV<lambda_842d9ff0dc9ef11c61343bbaebe7f885>@@AEAV<lambda_c5860995281e5c4ce005b3de8f5874ee>@@$$QEAV<lambda_d90129c13df834fdcbf8d2b88dafcf2d>@@@Z@4HA 000000018005bcc4     libucrt:fflush.obj
 0004:00002cd0       $pdata$??$?RV<lambda_886d6c58226a84441f68b9f2b8217b83>@@AEAV<lambda_ab61a845afdef5b7c387490eaf3616ee>@@V<lambda_f7f22ab5edc0698d5f6905b0d3f44752>@@@?$__crt_seh_guarded_call@X@@QEAAX$$QEAV<lambda_886d6c58226a84441f68b9f2b8217b83>@@AEAV<lambda_ab61a845afdef5b7c387490eaf3616ee>@@$$QEAV<lambda_f7f22ab5edc0698d5f6905b0d3f44752>@@@Z 000000018005bcd0     libucrt:fflush.obj
 0004:00002cdc       $pdata$?fin$0@?0???$?RV<lambda_886d6c58226a84441f68b9f2b8217b83>@@AEAV<lambda_ab61a845afdef5b7c387490eaf3616ee>@@V<lambda_f7f22ab5edc0698d5f6905b0d3f44752>@@@?$__crt_seh_guarded_call@X@@QEAAX$$QEAV<lambda_886d6c58226a84441f68b9f2b8217b83>@@AEAV<lambda_ab61a845afdef5b7c387490eaf3616ee>@@$$QEAV<lambda_f7f22ab5edc0698d5f6905b0d3f44752>@@@Z@4HA 000000018005bcdc     libucrt:fflush.obj
 0004:00002ce8       $pdata$__acrt_initialize_stdio 000000018005bce8     libucrt:_file.obj
 0004:00002cf4       $pdata$__acrt_uninitialize_stdio 000000018005bcf4     libucrt:_file.obj
 0004:00002d00       $pdata$_malloc_base        000000018005bd00     libucrt:malloc_base.obj
 0004:00002d0c       $pdata$strtol              000000018005bd0c     libucrt:strtox.obj
 0004:00002d18       $pdata$_mbtowc_l           000000018005bd18     libucrt:mbtowc.obj
 0004:00002d24       $pdata$wctomb_s            000000018005bd24     libucrt:wctomb.obj
 0004:00002d30       $pdata$_wctomb_s_l         000000018005bd30     libucrt:wctomb.obj
 0004:00002d3c       $pdata$__acrt_update_locale_info 000000018005bd3c     libucrt:locale_update.obj
 0004:00002d48       $pdata$__acrt_update_multibyte_info 000000018005bd48     libucrt:locale_update.obj
 0004:00002d54       $pdata$__acrt_fp_format    000000018005bd54     libucrt:cvt.obj
 0004:00002d60       $pdata$?fp_format_e_internal@@YAHQEAD_KH_NIQEAU_strflt@@2QEAU__crt_locale_pointers@@@Z 000000018005bd60     libucrt:cvt.obj
 0004:00002d6c       $pdata$?fp_format_e@@YAHQEBNQEAD_K12H_NIQEAU__crt_locale_pointers@@@Z 000000018005bd6c     libucrt:cvt.obj
 0004:00002d78       $pdata$?fp_format_a@@YAHQEBNPEAD_KQEAD2H_NIQEAU__crt_locale_pointers@@@Z 000000018005bd78     libucrt:cvt.obj
 0004:00002d84       $pdata$?fp_format_f_internal@@YAHQEAD_KHQEAU_strflt@@_NQEAU__crt_locale_pointers@@@Z 000000018005bd84     libucrt:cvt.obj
 0004:00002d90       $pdata$?fp_format_g@@YAHQEBNQEAD_K12H_NIQEAU__crt_locale_pointers@@@Z 000000018005bd90     libucrt:cvt.obj
 0004:00002d9c       $pdata$_fileno             000000018005bd9c     libucrt:fileno.obj
 0004:00002da8       $pdata$__acrt_uninitialize_locale 000000018005bda8     libucrt:wsetlocale.obj
 0004:00002db4       $pdata$??$?RV<lambda_410d79af7f07d98d83a3f525b3859a53>@@AEAV<lambda_3e16ef9562a7dcce91392c22ab16ea36>@@V<lambda_38119f0e861e05405d8a144b9b982f0a>@@@?$__crt_seh_guarded_call@X@@QEAAX$$QEAV<lambda_410d79af7f07d98d83a3f525b3859a53>@@AEAV<lambda_3e16ef9562a7dcce91392c22ab16ea36>@@$$QEAV<lambda_38119f0e861e05405d8a144b9b982f0a>@@@Z 000000018005bdb4     libucrt:wsetlocale.obj
 0004:00002dc0       $pdata$?fin$0@?0???$?RV<lambda_410d79af7f07d98d83a3f525b3859a53>@@AEAV<lambda_3e16ef9562a7dcce91392c22ab16ea36>@@V<lambda_38119f0e861e05405d8a144b9b982f0a>@@@?$__crt_seh_guarded_call@X@@QEAAX$$QEAV<lambda_410d79af7f07d98d83a3f525b3859a53>@@AEAV<lambda_3e16ef9562a7dcce91392c22ab16ea36>@@$$QEAV<lambda_38119f0e861e05405d8a144b9b982f0a>@@@Z@4HA 000000018005bdc0     libucrt:wsetlocale.obj
 0004:00002dcc       $pdata$__pctype_func       000000018005bdcc     libucrt:ctype.obj
 0004:00002dd8       $pdata$_isctype_l          000000018005bdd8     libucrt:isctype.obj
 0004:00002df0       $pdata$_set_errno_from_matherr 000000018005bdf0     libucrt:fpexcept.obj
 0004:00002dfc       $pdata$_raise_excf         000000018005bdfc     libucrt:fpexcept.obj
 0004:00002e08       $pdata$_raise_exc          000000018005be08     libucrt:fpexcept.obj
 0004:00002e14       $pdata$_raise_exc_ex       000000018005be14     libucrt:fpexcept.obj
 0004:00002e20       $pdata$__acrt_release_locale_ref 000000018005be20     libucrt:locale_refcounting.obj
 0004:00002e2c       $pdata$__acrt_free_locale  000000018005be2c     libucrt:locale_refcounting.obj
 0004:00002e38       $pdata$__acrt_locale_free_lc_time_if_unreferenced 000000018005be38     libucrt:locale_refcounting.obj
 0004:00002e44       $pdata$__acrt_update_thread_locale_data 000000018005be44     libucrt:locale_refcounting.obj
 0004:00002e50       $pdata$__acrt_update_thread_locale_data$fin$0 000000018005be50     libucrt:locale_refcounting.obj
 0004:00002e5c       $pdata$_updatetlocinfoEx_nolock 000000018005be5c     libucrt:locale_refcounting.obj
 0004:00002e68       $pdata$qsort               000000018005be68     libucrt:qsort.obj
 0004:00002e74       $pdata$4$qsort             000000018005be74     libucrt:qsort.obj
 0004:00002e80       $pdata$5$qsort             000000018005be80     libucrt:qsort.obj
 0004:00002e8c       $pdata$strncpy_s           000000018005be8c     libucrt:strncpy_s.obj
 0004:00002e98       $pdata$strpbrk             000000018005be98     libucrt:strpbrk.obj
 0004:00002ea4       $pdata$fallbackMethod      000000018005bea4     libucrt:strpbrk.obj
 0004:00002eb0       $pdata$_mbsdec_l           000000018005beb0     libucrt:mbsdec.obj
 0004:00002ebc       $pdata$__acrt_GetStringTypeA 000000018005bebc     libucrt:getstringtypea.obj
 0004:00002ec8       $pdata$__acrt_LCMapStringA 000000018005bec8     libucrt:lcmapstringa.obj
 0004:00002ed4       $pdata$?__acrt_LCMapStringA_stat@@YAHPEAU__crt_locale_pointers@@PEB_WKPEBDHPEADHHH@Z 000000018005bed4     libucrt:lcmapstringa.obj
 0004:00002ee0       $pdata$?initialize_multibyte@@YAHXZ 000000018005bee0     libucrt:multibyte_initializer.obj
 0004:00002eec       $pdata$_msize_base         000000018005beec     libucrt:msize.obj
 0004:00002ef8       $pdata$_realloc_base       000000018005bef8     libucrt:realloc_base.obj
 0004:00002f04       $pdata$__acrt_DownlevelLocaleNameToLCID 000000018005bf04     libucrt:lcidtoname_downlevel.obj
 0004:00002f10       $pdata$_get_osfhandle      000000018005bf10     libucrt:osfinfo.obj
 0004:00002f1c       $pdata$_free_osfhnd        000000018005bf1c     libucrt:osfinfo.obj
 0004:00002f28       $pdata$__acrt_lowio_create_handle_array 000000018005bf28     libucrt:osfinfo.obj
 0004:00002f34       $pdata$__acrt_lowio_destroy_handle_array 000000018005bf34     libucrt:osfinfo.obj
 0004:00002f40       $pdata$__acrt_lowio_ensure_fh_exists 000000018005bf40     libucrt:osfinfo.obj
 0004:00002f4c       $pdata$_commit             000000018005bf4c     libucrt:commit.obj
 0004:00002f58       $pdata$??$?RV<lambda_a37b2b86f63e897a80ea819b0eb08c01>@@AEAV<lambda_38ce7e780aa69e748d6df282ebc68efe>@@V<lambda_99fb1378e971ab6e7edea83e3a7a83a2>@@@?$__crt_seh_guarded_call@H@@QEAAH$$QEAV<lambda_a37b2b86f63e897a80ea819b0eb08c01>@@AEAV<lambda_38ce7e780aa69e748d6df282ebc68efe>@@$$QEAV<lambda_99fb1378e971ab6e7edea83e3a7a83a2>@@@Z 000000018005bf58     libucrt:commit.obj
 0004:00002f64       $pdata$?fin$0@?0???$?RV<lambda_751a882b2c74d4b022dec766aa51a29a>@@AEAV<lambda_628dfdc04ba53c8bfc02c9951375f3f5>@@V<lambda_f6c7be5f7998530c34de24c7437d6b54>@@@?$__crt_seh_guarded_call@H@@QEAAH$$QEAV<lambda_751a882b2c74d4b022dec766aa51a29a>@@AEAV<lambda_628dfdc04ba53c8bfc02c9951375f3f5>@@$$QEAV<lambda_f6c7be5f7998530c34de24c7437d6b54>@@@Z@4HA 000000018005bf64     libucrt:close.obj
 0004:00002f64       $pdata$?fin$0@?0???$?RV<lambda_a37b2b86f63e897a80ea819b0eb08c01>@@AEAV<lambda_38ce7e780aa69e748d6df282ebc68efe>@@V<lambda_99fb1378e971ab6e7edea83e3a7a83a2>@@@?$__crt_seh_guarded_call@H@@QEAAH$$QEAV<lambda_a37b2b86f63e897a80ea819b0eb08c01>@@AEAV<lambda_38ce7e780aa69e748d6df282ebc68efe>@@$$QEAV<lambda_99fb1378e971ab6e7edea83e3a7a83a2>@@@Z@4HA 000000018005bf64     libucrt:commit.obj
 0004:00002f70       $pdata$_write              000000018005bf70     libucrt:write.obj
 0004:00002f7c       $pdata$_write$fin$0        000000018005bf7c     libucrt:write.obj
 0004:00002f88       $pdata$_write_nolock       000000018005bf88     libucrt:write.obj
 0004:00002f94       $pdata$?write_double_translated_ansi_nolock@@YA?AUwrite_result@?A0x17268360@@HQEBDI@Z 000000018005bf94     libucrt:write.obj
 0004:00002fa0       $pdata$?write_text_ansi_nolock@@YA?AUwrite_result@?A0x17268360@@HQEBDI@Z 000000018005bfa0     libucrt:write.obj
 0004:00002fac       $pdata$?write_text_utf16le_nolock@@YA?AUwrite_result@?A0x17268360@@HQEBDI@Z 000000018005bfac     libucrt:write.obj
 0004:00002fb8       $pdata$?write_text_utf8_nolock@@YA?AUwrite_result@?A0x17268360@@HQEBDI@Z 000000018005bfb8     libucrt:write.obj
 0004:00002fc4       $pdata$_fcloseall          000000018005bfc4     libucrt:closeall.obj
 0004:00002fd0       $pdata$_fcloseall$fin$0    000000018005bfd0     libucrt:closeall.obj
 0004:00002fdc       $pdata$__acrt_stdio_free_buffer_nolock 000000018005bfdc     libucrt:_freebuf.obj
 0004:00002fe8       $pdata$_isatty             000000018005bfe8     libucrt:isatty.obj
 0004:00002ff4       $pdata$_isleadbyte_l       000000018005bff4     libucrt:_wctype.obj
 0004:00003000       $pdata$?__mbrtowc_utf8@__crt_mbstring@@YA_KPEA_WPEBD_KPEAU_Mbstatet@@@Z 000000018005c000     libucrt:mbrtowc.obj
 0004:0000300c       $pdata$?__mbsrtowcs_utf8@__crt_mbstring@@YA_KPEA_WPEAPEBD_KPEAU_Mbstatet@@@Z 000000018005c00c     libucrt:mbrtowc.obj
 0004:00003018       $pdata$?__c32rtomb_utf8@__crt_mbstring@@YA_KPEAD_UPEAU_Mbstatet@@@Z 000000018005c018     libucrt:c32rtomb.obj
 0004:00003024       $pdata$__acrt_fp_strflt_to_string 000000018005c024     libucrt:_fptostr.obj
 0004:00003030       $pdata$memcpy_s            000000018005c030     libucrt:cfout.obj
 0004:0000303c       $pdata$__acrt_fltout       000000018005c03c     libucrt:cfout.obj
 0004:00003048       $pdata$?divide@__crt_strtox@@YA_KAEAUbig_integer@1@AEBU21@@Z 000000018005c048     libucrt:cfout.obj
 0004:00003054       $pdata$0$?divide@__crt_strtox@@YA_KAEAUbig_integer@1@AEBU21@@Z 000000018005c054     libucrt:cfout.obj
 0004:00003060       $pdata$1$?divide@__crt_strtox@@YA_KAEAUbig_integer@1@AEBU21@@Z 000000018005c060     libucrt:cfout.obj
 0004:0000306c       $pdata$__acrt_locale_free_monetary 000000018005c06c     libucrt:initmon.obj
 0004:00003078       $pdata$__acrt_locale_free_numeric 000000018005c078     libucrt:initnum.obj
 0004:00003084       $pdata$__acrt_locale_free_time 000000018005c084     libucrt:inittime.obj
 0004:00003090       $pdata$?free_crt_array_internal@@YAXQEAPEBX_K@Z 000000018005c090     libucrt:inittime.obj
 0004:0000309c       $pdata$??$common_lseek_nolock@_J@@YA_JH_JH@Z 000000018005c09c     libucrt:lseek.obj
 0004:000030a8       $pdata$_putwch_nolock      000000018005c0a8     libucrt:putwch.obj
 0004:000030b4       $pdata$fclose              000000018005c0b4     libucrt:fclose.obj
 0004:000030c0       $pdata$fclose$fin$0        000000018005c0c0     libucrt:fclose.obj
 0004:000030cc       $pdata$_fclose_nolock      000000018005c0cc     libucrt:fclose.obj
 0004:000030d8       $pdata$?__mbrtoc32_utf8@__crt_mbstring@@YA_KPEA_UPEBD_KPEAU_Mbstatet@@@Z 000000018005c0d8     libucrt:mbrtoc32.obj
 0004:000030e4       $pdata$fegetenv            000000018005c0e4     libucrt:fegetenv.obj
 0004:000030f0       $pdata$fesetenv            000000018005c0f0     libucrt:fesetenv.obj
 0004:000030fc       $pdata$feholdexcept        000000018005c0fc     libucrt:feholdexcept.obj
 0004:00003114       $pdata$__acrt_fenv_set_control 000000018005c114     libucrt:_fenvutils.obj
 0004:00003120       $pdata$__dcrt_lowio_ensure_console_output_initialized 000000018005c120     libucrt:initcon.obj
 0004:0000312c       $pdata$__dcrt_write_console 000000018005c12c     libucrt:initcon.obj
 0004:00003138       $pdata$__dcrt_terminate_console_output 000000018005c138     libucrt:initcon.obj
 0004:00003144       $pdata$_close              000000018005c144     libucrt:close.obj
 0004:00003150       $pdata$_close_nolock       000000018005c150     libucrt:close.obj
 0004:0000315c       $pdata$??$?RV<lambda_751a882b2c74d4b022dec766aa51a29a>@@AEAV<lambda_628dfdc04ba53c8bfc02c9951375f3f5>@@V<lambda_f6c7be5f7998530c34de24c7437d6b54>@@@?$__crt_seh_guarded_call@H@@QEAAH$$QEAV<lambda_751a882b2c74d4b022dec766aa51a29a>@@AEAV<lambda_628dfdc04ba53c8bfc02c9951375f3f5>@@$$QEAV<lambda_f6c7be5f7998530c34de24c7437d6b54>@@@Z 000000018005c15c     libucrt:close.obj
 0004:00003168       $pdata$_clearfp            000000018005c168     libucrt:ieee.obj
 0004:00003174       $pdata$_log_special_common 000000018005c174     libucrt:log_special.obj
 0004:00003180       $pdata$_log10_special      000000018005c180     libucrt:log_special.obj
 0004:0000318c       $pdata$_IsNonwritableInCurrentImage 000000018005c18c     LIBCMT:pesect.obj
 0004:00003198       $pdata$_IsNonwritableInCurrentImage$filt$0 000000018005c198     LIBCMT:pesect.obj
 0004:000031a4       $pdata$__GSHandlerCheckCommon 000000018005c1a4     LIBCMT:gshandler.obj
 0004:000031b0       $pdata$__GSHandlerCheck    000000018005c1b0     LIBCMT:gshandler.obj
 0004:000031c8       $pdata$__report_securityfailure 000000018005c1c8     LIBCMT:gs_report.obj
 0004:000031d4       $pdata$__report_rangecheckfailure 000000018005c1d4     LIBCMT:gs_report.obj
 0004:000031e0       $pdata$__report_gsfailure  000000018005c1e0     LIBCMT:gs_report.obj
 0004:000031ec       $pdata$capture_current_context 000000018005c1ec     LIBCMT:gs_report.obj
 0004:000031f8       $pdata$capture_previous_context 000000018005c1f8     LIBCMT:gs_report.obj
 0004:00003204       $pdata$__raise_securityfailure 000000018005c204     LIBCMT:gs_report.obj
 0005:00000000       _2il0floatpacket$19        000000018005d000     LIBCMT:svml_ssinf4_sse2.obj
 0005:00002200       _vmlsSinHATab              000000018005f200     LIBCMT:svml_s_sin_cout.obj
 0005:00002210       MsetTab                    000000018005f210     libvcruntime:memset.obj
 0005:00002260       MoveSmall                  000000018005f260     libvcruntime:memcpy.obj
 0006:000000a0       $R000000                   00000001800600a0     PhysXCooking.res
 0006:000003d0       $R000330                   00000001800603d0     PhysXCooking.res
