 PhysXCooking_64

 Timestamp is 60c47905 (Sat Jun 12 17:06:13 2021)

 Preferred load address is 0000000180000000

 Start         Length     Name                   Class
 0001:00000000 000003c0H .text$di                CODE
 0001:000003c0 00041ee0H .text$mn                CODE
 0001:000422a0 00000040H .text$mn$00             CODE
 0001:000422e0 00000490H .text$x                 CODE
 0002:00000000 00000258H .idata$5                DATA
 0002:00000258 00000028H .00cfg                  DATA
 0002:00000280 00000008H .CRT$XCA                DATA
 0002:00000288 000001e0H .CRT$XCU                DATA
 0002:00000468 00000008H .CRT$XCZ                DATA
 0002:00000470 00000008H .CRT$XIA                DATA
 0002:00000478 00000018H .CRT$XIC                DATA
 0002:00000490 00000008H .CRT$XIZ                DATA
 0002:00000498 00000008H .CRT$XPA                DATA
 0002:000004a0 00000010H .CRT$XPX                DATA
 0002:000004b0 00000008H .CRT$XPXA               DATA
 0002:000004b8 00000008H .CRT$XPZ                DATA
 0002:000004c0 00000008H .CRT$XTA                DATA
 0002:000004c8 00000008H .CRT$XTZ                DATA
 0002:000004d0 00000000H .gehcont$y              DATA
 0002:000004d0 00000000H .gfids$y                DATA
 0002:000004d0 0000b338H .rdata                  DATA
 0002:0000b808 0000043cH .rdata$r                DATA
 0002:0000bc44 000003e4H .rdata$zzzdbg           DATA
 0002:0000c028 00000008H .rtc$IAA                DATA
 0002:0000c030 00000008H .rtc$IZZ                DATA
 0002:0000c038 00000008H .rtc$TAA                DATA
 0002:0000c040 00000008H .rtc$TZZ                DATA
 0002:0000c048 00003b88H .xdata                  DATA
 0002:0000fbd0 00000084H .xdata$x                DATA
 0002:0000fc54 00000040H .didat$2                DATA
 0002:0000fc94 00000024H .didat$3                DATA
 0002:0000fcb8 000001b0H .didat$4                DATA
 0002:0000fe68 00000a50H .didat$6                DATA
 0002:000108b8 000001b8H .didat$7                DATA
 0002:00010a70 00001d34H .edata                  DATA
 0002:000127a4 00000014H .idata$2                DATA
 0002:000127b8 00000018H .idata$3                DATA
 0002:000127d0 00000258H .idata$4                DATA
 0002:00012a28 00000576H .idata$6                DATA
 0003:00000000 00000a30H .data                   DATA
 0003:00000a30 00000448H .data$r                 DATA
 0003:00000e78 000001b8H .didat$5                DATA
 0003:00001030 000015d0H .bss                    DATA
 0004:00000000 00003078H .pdata                  DATA
 0005:00000000 000022a4H _RDATA                  DATA
 0006:00000000 000000a0H .rsrc$01                DATA
 0006:000000a0 000004b0H .rsrc$02                DATA

  Address         Publics by Value              Rva+Base               Lib:Object

 0000:00000000       __arm64x_redirection_metadata_count 0000000000000000     <absolute>
 0000:00000000       __hybrid_code_map          0000000000000000     <absolute>
 0000:00000000       __guard_longjmp_table      0000000000000000     <absolute>
 0000:00000000       __guard_iat_count          0000000000000000     <absolute>
 0000:00000000       __arm64x_redirection_metadata 0000000000000000     <absolute>
 0000:00000000       __guard_eh_cont_count      0000000000000000     <absolute>
 0000:00000000       __arm64x_native_entrypoint 0000000000000000     <absolute>
 0000:00000000       __guard_iat_table          0000000000000000     <absolute>
 0000:00000000       __volatile_metadata        0000000000000000     <absolute>
 0000:00000000       __x64_code_ranges_to_entry_points 0000000000000000     <absolute>
 0000:00000000       __guard_longjmp_count      0000000000000000     <absolute>
 0000:00000000       __hybrid_code_map_count    0000000000000000     <absolute>
 0000:00000000       __guard_eh_cont_table      0000000000000000     <absolute>
 0000:00000000       __guard_fids_count         0000000000000000     <absolute>
 0000:00000000       __x64_code_ranges_to_entry_points_count 0000000000000000     <absolute>
 0000:00000000       __enclave_config           0000000000000000     <absolute>
 0000:00000000       __arm64x_extra_rfe_table   0000000000000000     <absolute>
 0000:00000000       ___safe_se_handler_count   0000000000000000     <absolute>
 0000:00000000       __dynamic_value_reloc_table 0000000000000000     <absolute>
 0000:00000000       __AbsoluteZero             0000000000000000     <absolute>
 0000:00000000       ___safe_se_handler_table   0000000000000000     <absolute>
 0000:00000000       __arm64x_extra_rfe_table_size 0000000000000000     <absolute>
 0000:00000000       __guard_fids_table         0000000000000000     <absolute>
 0000:00000000       __hybrid_auxiliary_iat     0000000000000000     <absolute>
 0000:00000100       __guard_flags              0000000000000100     <absolute>
 0000:00000000       __ImageBase                0000000180000000     <linker-defined>
 0001:000003c0       ??$?_UV?$ReflectionAllocator@VAdjTriangle@physx@@@shdfnd@physx@@@UserAllocated@shdfnd@physx@@SAPEAX_KV?$ReflectionAllocator@VAdjTriangle@physx@@@12@PEBDH@Z 00000001800013c0 f i Adjacencies.obj
 0001:00000460       ??0AdjacenciesBuilder@physx@@QEAA@XZ 0000000180001460 f   Adjacencies.obj
 0001:00000470       ?getAABB@AABBTreeBuildNode@Gu@physx@@QEBAAEBVPxBounds3@3@XZ 0000000180001470 f i BVHStructureBuilder.obj
 0001:00000470       ??0HeightFieldData@Gu@physx@@QEAA@W4PxEMPTY@2@@Z 0000000180001470 f i Cooking.obj
 0001:00000470       ?getPaddedBounds@HeightFieldData@Gu@physx@@QEBAAEBVCenterExtentsPadded@23@XZ 0000000180001470 f i Cooking.obj
 0001:00000470       ??0AABBTreeBuildNode@Gu@physx@@QEAA@XZ 0000000180001470 f i BVHStructureBuilder.obj
 0001:00000470       ??0BigConvexData@physx@@QEAA@W4PxEMPTY@1@@Z 0000000180001470 f i BigConvexDataBuilder.obj
 0001:00000470       ??$forward@_K@std@@YA$$QEA_KAEA_K@Z 0000000180001470 f i libvcruntime:undname.obj
 0001:00000470       ??0Allocator@shdfnd@physx@@QEAA@PEBD@Z 0000000180001470 f i Adjacencies.obj
 0001:00000470       ??0Box@Gu@physx@@QEAA@XZ   0000000180001470 f i ConvexHullUtils.obj
 0001:00000470       ??4Allocator@shdfnd@physx@@QEAAAEAV012@AEBV012@@Z 0000000180001470 f i Adjacencies.obj
 0001:00000470       ??4PxFoundation@physx@@QEAAAEAV01@AEBV01@@Z 0000000180001470 f i Adjacencies.obj
 0001:00000470       ??4MutexImpl@shdfnd@physx@@QEAAAEAV012@AEBV012@@Z 0000000180001470 f i Adjacencies.obj
 0001:00000470       ??4Allocator@shdfnd@physx@@QEAAAEAV012@$$QEAV012@@Z 0000000180001470 f i Adjacencies.obj
 0001:00000480       ??0PxFoundation@physx@@QEAA@XZ 0000000180001480 f i Adjacencies.obj
 0001:00000480       ??0PxFoundation@physx@@QEAA@AEBV01@@Z 0000000180001480 f i Adjacencies.obj
 0001:00000490       ??1Adjacencies@physx@@QEAA@XZ 0000000180001490 f   Adjacencies.obj
 0001:00000500       ??1AdjacenciesBuilder@physx@@QEAA@XZ 0000000180001500 f   Adjacencies.obj
 0001:00000510       ??1PxFoundation@physx@@MEAA@XZ 0000000180001510 f i Adjacencies.obj
 0001:00000520       ??_EPxFoundation@physx@@MEAAPEAXI@Z 0000000180001520 f i Adjacencies.obj
 0001:000005b0       ??1AABBTreeBuildNode@Gu@physx@@QEAA@XZ 00000001800015b0 f i BVHStructureBuilder.obj
 0001:000005b0       ??1Box@Gu@physx@@QEAA@XZ   00000001800015b0 f i ConvexHullUtils.obj
 0001:000005b0       ??1HeightFieldData@Gu@physx@@QEAA@XZ 00000001800015b0 f i Cooking.obj
 0001:000005b0       ?onMeshIndexFormatChange@TriangleMeshBuilder@physx@@UEAAXXZ 00000001800015b0 f i TriangleMeshBuilder.obj
 0001:000005b0       _guard_check_icall_nop     00000001800015b0 f i LIBCMT:guard_support.obj
 0001:000005b0       ??1BigConvexDataBuilder@physx@@QEAA@XZ 00000001800015b0 f i BigConvexDataBuilder.obj
 0001:000005b0       ??_FAllocator@shdfnd@physx@@QEAAXXZ 00000001800015b0 f i Adjacencies.obj
 0001:000005c0       ??_FNamedAllocator@shdfnd@physx@@QEAAXXZ 00000001800015c0 f i Adjacencies.obj
 0001:000005d0       ?ComputeNbBoundaryEdges@Adjacencies@physx@@QEBAIXZ 00000001800015d0 f   Adjacencies.obj
 0001:000008b0       ?GetNbHits@RadixSort@Cm@physx@@QEBAIXZ 00000001800018b0 f i Adjacencies.obj
 0001:000008c0       ?GetNbTotalCalls@RadixSort@Cm@physx@@QEBAIXZ 00000001800018c0 f i Adjacencies.obj
 0001:000008d0       ?getErrorCallback@Foundation@shdfnd@physx@@UEAAAEAVPxErrorCallback@3@XZ 00000001800018d0 f i Adjacencies.obj
 0001:000008d0       ?GetRanks@RadixSort@Cm@physx@@QEBAPEBIXZ 00000001800018d0 f i Adjacencies.obj
 0001:000008e0       ?GetValencies@BigConvexData@physx@@QEBAPEBUValency@Gu@2@XZ 00000001800018e0 f i BigConvexDataBuilder.obj
 0001:000008e0       ?getPos@AABBTreeBuildNode@Gu@physx@@QEBAPEBV123@XZ 00000001800018e0 f i BVHStructureBuilder.obj
 0001:000008e0       ?GetRecyclable@RadixSort@Cm@physx@@QEBAPEAIXZ 00000001800018e0 f i Adjacencies.obj
 0001:000008f0       ?Init@AdjacenciesBuilder@physx@@QEAA_NAEBUADJACENCIESCREATE@2@@Z 00000001800018f0 f   Adjacencies.obj
 0001:00000ea0       ?getAllocator@Foundation@shdfnd@physx@@QEAAAEAVPxAllocatorCallback@3@XZ 0000000180001ea0 f i Adjacencies.obj
 0001:00000eb0       ?getAllocatorCallback@Foundation@shdfnd@physx@@UEAAAEAVPxAllocatorCallback@3@XZ 0000000180001eb0 f i Adjacencies.obj
 0001:00000ec0       ?getErrorLevel@Foundation@shdfnd@physx@@UEBA?AW4Enum@PxErrorCode@3@XZ 0000000180001ec0 f i Adjacencies.obj
 0001:00000ed0       ?getInternalErrorCallback@Foundation@shdfnd@physx@@QEAAAEAVPxErrorCallback@3@XZ 0000000180001ed0 f i Adjacencies.obj
 0001:00000ee0       ?getNamedAllocMap@Foundation@shdfnd@physx@@QEAAAEAV?$HashMap@PEBVNamedAllocator@shdfnd@physx@@PEBDU?$Hash@PEBVNamedAllocator@shdfnd@physx@@@23@VNonTrackingAllocator@23@@23@XZ 0000000180001ee0 f i Adjacencies.obj
 0001:00000ef0       ?getNamedAllocMutex@Foundation@shdfnd@physx@@QEAAAEAV?$MutexT@VAllocator@shdfnd@physx@@@23@XZ 0000000180001ef0 f i Adjacencies.obj
 0001:00000f00       ?getReportAllocationNames@Foundation@shdfnd@physx@@UEBA_NXZ 0000000180001f00 f i Adjacencies.obj
 0001:00000f10       ?getTempAllocFreeTable@Foundation@shdfnd@physx@@QEAAAEAV?$Array@PEATTempAllocatorChunk@shdfnd@physx@@VAllocator@23@@23@XZ 0000000180001f10 f i Adjacencies.obj
 0001:00000f20       ?getTempAllocMutex@Foundation@shdfnd@physx@@QEAAAEAV?$MutexT@VAllocator@shdfnd@physx@@@23@XZ 0000000180001f20 f i Adjacencies.obj
 0001:00000f30       ?invalidateRanks@RadixSort@Cm@physx@@QEAAXXZ 0000000180001f30 f i Adjacencies.obj
 0001:00000f40       ?setErrorLevel@Foundation@shdfnd@physx@@UEAAXW4Enum@PxErrorCode@3@@Z 0000000180001f40 f i Adjacencies.obj
 0001:00000f50       ?setReportAllocationNames@Foundation@shdfnd@physx@@UEAAX_N@Z 0000000180001f50 f i Adjacencies.obj
 0001:00000f60       ??0DebugText@Cm@physx@@QEAA@$$QEAU012@@Z 0000000180001f60 f i Cooking.obj
 0001:00000f60       ??0DebugText@Cm@physx@@QEAA@AEBU012@@Z 0000000180001f60 f i Cooking.obj
 0001:00001040       ??4HeightFieldData@Gu@physx@@QEAAAEAU012@$$QEAU012@@Z 0000000180002040 f i Cooking.obj
 0001:00001040       ??0HeightFieldData@Gu@physx@@QEAA@$$QEAU012@@Z 0000000180002040 f i Cooking.obj
 0001:00001040       ??0HeightFieldData@Gu@physx@@QEAA@AEBU012@@Z 0000000180002040 f i Cooking.obj
 0001:00001040       ??4HeightFieldData@Gu@physx@@QEAAAEAU012@AEBU012@@Z 0000000180002040 f i Cooking.obj
 0001:000010a0       ??0HeightFieldData@Gu@physx@@QEAA@XZ 00000001800020a0 f i Cooking.obj
 0001:000010b0       ??0RenderOutput@Cm@physx@@QEAA@AEAVRenderBuffer@12@@Z 00000001800020b0 f i Cooking.obj
 0001:00001100       ??0RenderOutput@Cm@physx@@QEAA@AEBV012@@Z 0000000180002100 f i Cooking.obj
 0001:000011a0       ??1PxConvexMesh@physx@@MEAA@XZ 00000001800021a0 f i Cooking.obj
 0001:000011a0       ??1PxHeightField@physx@@MEAA@XZ 00000001800021a0 f i Cooking.obj
 0001:000011b0       ??4DebugText@Cm@physx@@QEAAAEAU012@$$QEAU012@@Z 00000001800021b0 f i Cooking.obj
 0001:000011b0       ??4DebugText@Cm@physx@@QEAAAEAU012@AEBU012@@Z 00000001800021b0 f i Cooking.obj
 0001:000012e0       ??4FPUGuard@shdfnd@physx@@QEAAAEAV012@AEBV012@@Z 00000001800022e0 f i Cooking.obj
 0001:00001300       ??_GCooking@physx@@UEAAPEAXI@Z 0000000180002300 f i Cooking.obj
 0001:00001300       ??_ECooking@physx@@UEAAPEAXI@Z 0000000180002300 f i Cooking.obj
 0001:00001350       ??_EPxBase@physx@@MEAAPEAXI@Z 0000000180002350 f i Cooking.obj
 0001:00001350       ??_GPxBase@physx@@MEAAPEAXI@Z 0000000180002350 f i Cooking.obj
 0001:00001380       ??_EPxCooking@physx@@MEAAPEAXI@Z 0000000180002380 f i Cooking.obj
 0001:00001380       ??_GPxCooking@physx@@MEAAPEAXI@Z 0000000180002380 f i Cooking.obj
 0001:000013b0       ?computeHullPolygons@Cooking@physx@@UEBA_NAEBVPxSimpleTriangleMesh@2@AEAVPxAllocatorCallback@2@AEAIAEAPEAVPxVec3@2@2AEAPEAI2AEAPEAUPxHullPolygon@2@@Z 00000001800023b0 f   Cooking.obj
 0001:00001590       ?cookBVHStructure@Cooking@physx@@UEBA_NAEBVPxBVHStructureDesc@2@AEAVPxOutputStream@2@@Z 0000000180002590 f   Cooking.obj
 0001:00001670       ?cookConvexMesh@Cooking@physx@@UEBA_NAEBVPxConvexMeshDesc@2@AEAVPxOutputStream@2@PEAW4Enum@PxConvexMeshCookingResult@2@@Z 0000000180002670 f   Cooking.obj
 0001:00001850       ?cookConvexMeshInternal@Cooking@physx@@AEBA_NAEBVPxConvexMeshDesc@2@AEAVConvexMeshBuilder@2@PEAVConvexHullLib@2@PEAW4Enum@PxConvexMeshCookingResult@2@@Z 0000000180002850 f   Cooking.obj
 0001:00001ac0       ?cookHeightField@Cooking@physx@@UEBA_NAEBVPxHeightFieldDesc@2@AEAVPxOutputStream@2@@Z 0000000180002ac0 f   Cooking.obj
 0001:00001bc0       ?cookTriangleMesh@Cooking@physx@@UEBA_NAEBVPxTriangleMeshDesc@2@AEAVPxOutputStream@2@PEAW4Enum@PxTriangleMeshCookingResult@2@@Z 0000000180002bc0 f   Cooking.obj
 0001:00001d00       ?copy@?$Array@UPxDebugLine@physx@@VNamedAllocator@shdfnd@2@@shdfnd@physx@@KAXPEAUPxDebugLine@3@0PEBU43@@Z 0000000180002d00 f i Cooking.obj
 0001:00001eb0       ?createBVHStructure@Cooking@physx@@UEBAPEAVPxBVHStructure@2@AEBVPxBVHStructureDesc@2@AEAVPxPhysicsInsertionCallback@2@@Z 0000000180002eb0 f   Cooking.obj
 0001:00001f90       ?createConvexMesh@Cooking@physx@@UEBAPEAVPxConvexMesh@2@AEBVPxConvexMeshDesc@2@AEAVPxPhysicsInsertionCallback@2@PEAW4Enum@PxConvexMeshCookingResult@2@@Z 0000000180002f90 f   Cooking.obj
 0001:00002190       ?createHeightField@Cooking@physx@@UEBAPEAVPxHeightField@2@AEBVPxHeightFieldDesc@2@AEAVPxPhysicsInsertionCallback@2@@Z 0000000180003190 f   Cooking.obj
 0001:00002330       ?createTriangleMesh@Cooking@physx@@UEBAPEAVPxTriangleMesh@2@AEBVPxTriangleMeshDesc@2@AEAVPxPhysicsInsertionCallback@2@PEAW4Enum@PxTriangleMeshCookingResult@2@@Z 0000000180003330 f   Cooking.obj
 0001:00002480       ?getConcreteTypeName@PxConvexMesh@physx@@UEBAPEBDXZ 0000000180003480 f i Cooking.obj
 0001:00002490       ?getConcreteTypeName@PxHeightField@physx@@UEBAPEBDXZ 0000000180003490 f i Cooking.obj
 0001:000024a0       ?getConvexEdgeThreshold@HeightField@Gu@physx@@UEBAMXZ 00000001800034a0 f i Cooking.obj
 0001:000024b0       ?getFlags@HeightField@Gu@physx@@UEBA?AV?$PxFlags@W4Enum@PxHeightFieldFlag@physx@@G@3@XZ 00000001800034b0 f i Cooking.obj
 0001:000024c0       ?getFormat@HeightField@Gu@physx@@UEBA?AW4Enum@PxHeightFieldFormat@3@XZ 00000001800034c0 f i Cooking.obj
 0001:000024d0       ?getHeight@HeightField@Gu@physx@@UEBAMMM@Z 00000001800034d0 f i Cooking.obj
 0001:00002510       ?getHeightInternal2@HeightField@Gu@physx@@QEBAMIMM@Z 0000000180003510 f i Cooking.obj
 0001:00002680       ?getIndexBuffer@ConvexMesh@Gu@physx@@UEBAPEBEXZ 0000000180003680 f i Cooking.obj
 0001:000026c0       ?getNbColumns@HeightField@Gu@physx@@UEBAIXZ 00000001800036c0 f i Cooking.obj
 0001:000026d0       ?getNbPolygons@ConvexMesh@Gu@physx@@UEBAIXZ 00000001800036d0 f i Cooking.obj
 0001:000026e0       ?getNbRows@HeightField@Gu@physx@@UEBAIXZ 00000001800036e0 f i Cooking.obj
 0001:000026f0       ?getNbVertices@ConvexMesh@Gu@physx@@UEBAIXZ 00000001800036f0 f i Cooking.obj
 0001:00002700       ?getDenormalizeScale@QuantizerImpl@@UEBAAEBVPxVec3@physx@@XZ 0000000180003700 f   Quantizer.obj
 0001:00002700       ?getParams@Cooking@physx@@UEBAAEBUPxCookingParams@2@XZ 0000000180003700 f   Cooking.obj
 0001:00002710       ?getSample@HeightField@Gu@physx@@UEBAAEBUPxHeightFieldSample@3@II@Z 0000000180003710 f i Cooking.obj
 0001:00002720       ?getSampleStride@HeightField@Gu@physx@@UEBAIXZ 0000000180003720 f i Cooking.obj
 0001:00002730       ?getTimestamp@HeightField@Gu@physx@@UEBAIXZ 0000000180003730 f i Cooking.obj
 0001:00002740       ?getTriangleMaterialIndex@HeightField@Gu@physx@@UEBAGI@Z 0000000180003740 f i Cooking.obj
 0001:00002770       ?getTriangleNormal@HeightField@Gu@physx@@UEBA?AVPxVec3@3@I@Z 0000000180003770 f i Cooking.obj
 0001:00002870       ?getVertices@ConvexMesh@Gu@physx@@UEBAPEBVPxVec3@3@XZ 0000000180003870 f i Cooking.obj
 0001:00002890       ?isKindOf@PxBase@physx@@MEBA_NPEBD@Z 0000000180003890 f i Cooking.obj
 0001:000028c0       ?isKindOf@PxConvexMesh@physx@@MEBA_NPEBD@Z 00000001800038c0 f i Cooking.obj
 0001:00002910       ?isKindOf@PxHeightField@physx@@MEBA_NPEBD@Z 0000000180003910 f i Cooking.obj
 0001:00002960       ?isReleasable@PxBase@physx@@UEBA_NXZ 0000000180003960 f i Cooking.obj
 0001:00002970       ?outputSegment@RenderOutput@Cm@physx@@QEAAXAEBVPxVec3@3@0@Z 0000000180003970 f i Cooking.obj
 0001:00002a30       ?platformMismatch@Cooking@physx@@UEBA_NXZ 0000000180003a30 f   Cooking.obj
 0001:00002a40       ?preExportDataReset@HeightField@Gu@physx@@QEAAXXZ 0000000180003a40 f i Cooking.obj
 0001:00002a40       ?preExportDataReset@ConvexMesh@Gu@physx@@QEAAXXZ 0000000180003a40 f i Cooking.obj
 0001:00002a50       ?recreate@?$Array@UPxDebugLine@physx@@VNamedAllocator@shdfnd@2@@shdfnd@physx@@IEAAXI@Z 0000000180003a50 f i Cooking.obj
 0001:00002af0       ?release@Cooking@physx@@UEAAXXZ 0000000180003af0 f   Cooking.obj
 0001:00002b10       ?reserveSegments@RenderOutput@Cm@physx@@QEAAPEAUPxDebugLine@3@I@Z 0000000180003b10 f i Cooking.obj
 0001:00002b80       ?setParams@Cooking@physx@@UEAAXAEBUPxCookingParams@2@@Z 0000000180003b80 f   Cooking.obj
 0001:00002be0       ?validateConvexMesh@Cooking@physx@@UEBA_NAEBVPxConvexMeshDesc@2@@Z 0000000180003be0 f   Cooking.obj
 0001:00002c40       ?validateTriangleMesh@Cooking@physx@@UEBA_NAEBVPxTriangleMeshDesc@2@@Z 0000000180003c40 f   Cooking.obj
 0001:00002d50       PxCreateCooking            0000000180003d50 f   Cooking.obj
 0001:00002e40       ??0ReducedVertexCloud@physx@@QEAA@PEBVPxVec3@1@I@Z 0000000180003e40 f   CookingUtils.obj
 0001:00002e60       ??1ReducedVertexCloud@physx@@QEAA@XZ 0000000180003e60 f   CookingUtils.obj
 0001:00002e70       ?Clean@ReducedVertexCloud@physx@@QEAAAEAV12@XZ 0000000180003e70 f   CookingUtils.obj
 0001:00002ee0       ?Reduce@ReducedVertexCloud@physx@@QEAA_NPEAUREDUCEDCLOUD@2@@Z 0000000180003ee0 f   CookingUtils.obj
 0001:000031f0       ??$?_UI@@YAPEAX_KV?$ReflectionAllocator@I@shdfnd@physx@@PEBDH@Z 00000001800041f0 f i EdgeList.obj
 0001:00003290       ??0EdgeListBuilder@Gu@physx@@QEAA@XZ 0000000180004290 f   EdgeList.obj
 0001:000032b0       ??1EdgeList@Gu@physx@@QEAA@XZ 00000001800042b0 f   EdgeList.obj
 0001:00003350       ??1EdgeListBuilder@Gu@physx@@QEAA@XZ 0000000180004350 f   EdgeList.obj
 0001:00003360       ?computeActiveEdges@EdgeListBuilder@Gu@physx@@AEAA_NIPEBIPEBGPEBVPxVec3@3@M@Z 0000000180004360 f   EdgeList.obj
 0001:000049d0       ?createEdgesToFaces@EdgeListBuilder@Gu@physx@@AEAA_NIPEBIPEBG@Z 00000001800059d0 f   EdgeList.obj
 0001:00004c20       ?createFacesToEdges@EdgeListBuilder@Gu@physx@@AEAA_NIPEBIPEBG@Z 0000000180005c20 f   EdgeList.obj
 0001:000050a0       ?init@EdgeListBuilder@Gu@physx@@QEAA_NAEBUEDGELISTCREATE@23@@Z 00000001800060a0 f   EdgeList.obj
 0001:000051d0       ??0MeshCleaner@physx@@QEAA@IPEBVPxVec3@1@IPEBIM@Z 00000001800061d0 f   MeshCleaner.obj
 0001:00005b90       ??1MeshCleaner@physx@@QEAA@XZ 0000000180006b90 f   MeshCleaner.obj
 0001:00005c20       ??$kmeans_cluster@VPxVec3@physx@@M@@YAIPEBVPxVec3@physx@@IIPEAV01@PEAIMM@Z 0000000180006c20 f i Quantizer.obj
 0001:00006510       ??_GQuantizer@physx@@MEAAPEAXI@Z 0000000180007510 f i Quantizer.obj
 0001:00006510       ??_EQuantizer@physx@@MEAAPEAXI@Z 0000000180007510 f i Quantizer.obj
 0001:00006540       ??_EQuantizerImpl@@EEAAPEAXI@Z 0000000180007540 f i Quantizer.obj
 0001:00006540       ??_GQuantizerImpl@@EEAAPEAXI@Z 0000000180007540 f i Quantizer.obj
 0001:00006610       ?createQuantizer@physx@@YAPEAVQuantizer@1@XZ 0000000180007610 f   Quantizer.obj
 0001:00006730       ?getDenormalizeCenter@QuantizerImpl@@UEBAAEBVPxVec3@physx@@XZ 0000000180007730 f i Quantizer.obj
 0001:00006740       ?growAndPushBack@?$Array@VPxVec3@physx@@VNamedAllocator@shdfnd@2@@shdfnd@physx@@IEAAAEAVPxVec3@3@AEBV43@@Z 0000000180007740 f i Quantizer.obj
 0001:000068d0       ?kmeansQuantize3D@QuantizerImpl@@UEAAPEBVPxVec3@physx@@IPEBV23@I_NIAEAI@Z 00000001800078d0 f i Quantizer.obj
 0001:00006b40       ?normalizeInput@QuantizerImpl@@AEAAXIPEBVPxVec3@physx@@I@Z 0000000180007b40 f i Quantizer.obj
 0001:00006f70       ?release@QuantizerImpl@@UEAAXXZ 0000000180007f70 f i Quantizer.obj
 0001:00006f90       ??$copy@VNamedAllocator@shdfnd@physx@@@?$Array@USlab@NodeAllocator@Gu@physx@@VNamedAllocator@shdfnd@4@@shdfnd@physx@@IEAAXAEBV012@@Z 0000000180007f90 f i BVHStructureBuilder.obj
 0001:00007010       ??0AABBTreeBuildNode@Gu@physx@@QEAA@AEBV012@@Z 0000000180008010 f i BVHStructureBuilder.obj
 0001:00007010       ??4AABBTreeBuildNode@Gu@physx@@QEAAAEAV012@AEBV012@@Z 0000000180008010 f i BVHStructureBuilder.obj
 0001:00007050       ??0AABBTreeBuildParams@Gu@physx@@QEAA@IIPEBVPxBounds3@2@@Z 0000000180008050 f i BVHStructureBuilder.obj
 0001:00007070       ??0BVHStructureBuilder@physx@@QEAA@XZ 0000000180008070 f   BVHStructureBuilder.obj
 0001:00007090       ??0BuildStats@Gu@physx@@QEAA@XZ 0000000180008090 f i BVHStructureBuilder.obj
 0001:000070a0       ??0NodeAllocator@Gu@physx@@QEAA@AEBV012@@Z 00000001800080a0 f i BVHStructureBuilder.obj
 0001:00007110       ??1AABBTreeBuildParams@Gu@physx@@QEAA@XZ 0000000180008110 f i BVHStructureBuilder.obj
 0001:00007110       ?reset@AABBTreeBuildParams@Gu@physx@@QEAAXXZ 0000000180008110 f i BVHStructureBuilder.obj
 0001:00007170       ??1BVHStructureBuilder@physx@@QEAA@XZ 0000000180008170 f   BVHStructureBuilder.obj
 0001:000071f0       ??4AABBTreeBuildParams@Gu@physx@@QEAAAEAV012@AEBV012@@Z 00000001800081f0 f i BVHStructureBuilder.obj
 0001:00007210       ??4BuildStats@Gu@physx@@QEAAAEAU012@$$QEAU012@@Z 0000000180008210 f i BVHStructureBuilder.obj
 0001:00007220       ??4BuildStats@Gu@physx@@QEAAAEAU012@AEBU012@@Z 0000000180008220 f i BVHStructureBuilder.obj
 0001:00007230       ??4NodeAllocator@Gu@physx@@QEAAAEAV012@AEBV012@@Z 0000000180008230 f i BVHStructureBuilder.obj
 0001:000072e0       ??_FAABBTreeBuildParams@Gu@physx@@QEAAXXZ 00000001800082e0 f i BVHStructureBuilder.obj
 0001:00007300       ??_V@YAXPEAX_K@Z           0000000180008300 f i LIBCMT:delete_array_size.obj
 0001:00007300       ?__global_delete@@YAXPEAX_K@Z 0000000180008300 f i BVHStructureBuilder.obj
 0001:00007310       ?allocate@?$Array@USlab@NodeAllocator@Gu@physx@@VNamedAllocator@shdfnd@4@@shdfnd@physx@@IEAAPEAUSlab@NodeAllocator@Gu@3@I@Z 0000000180008310 f i BVHStructureBuilder.obj
 0001:00007370       ?getCount@BuildStats@Gu@physx@@QEBAIXZ 0000000180008370 f i BVHStructureBuilder.obj
 0001:00007380       ?getNbPrimitives@AABBTreeBuildNode@Gu@physx@@QEBAIXZ 0000000180008380 f i BVHStructureBuilder.obj
 0001:00007380       ?getNbRuntimePrimitives@AABBTreeBuildNode@Gu@physx@@QEBAIXZ 0000000180008380 f i BVHStructureBuilder.obj
 0001:00007390       ?getNeg@AABBTreeBuildNode@Gu@physx@@QEBAPEBV123@XZ 0000000180008390 f i BVHStructureBuilder.obj
 0001:000073b0       ?getPrimitives@AABBTreeBuildNode@Gu@physx@@QEBAPEBIPEBI@Z 00000001800083b0 f i BVHStructureBuilder.obj
 0001:000073b0       ?getPrimitives@AABBTreeBuildNode@Gu@physx@@QEAAPEAIPEAI@Z 00000001800083b0 f i BVHStructureBuilder.obj
 0001:000073c0       ?increaseCount@BuildStats@Gu@physx@@QEAAXI@Z 00000001800083c0 f i BVHStructureBuilder.obj
 0001:000073d0       ?isLeaf@AABBTreeBuildNode@Gu@physx@@QEBA_NXZ 00000001800083d0 f i BVHStructureBuilder.obj
 0001:000073e0       ?loadFromDesc@BVHStructureBuilder@physx@@QEAA_NAEBVPxBVHStructureDesc@2@@Z 00000001800083e0 f   BVHStructureBuilder.obj
 0001:00007730       ?moveData@BVHStructureBuilder@physx@@QEAAXAEAUBVHStructureData@Gu@2@@Z 0000000180008730 f   BVHStructureBuilder.obj
 0001:00007770       ?recreate@?$Array@USlab@NodeAllocator@Gu@physx@@VNamedAllocator@shdfnd@4@@shdfnd@physx@@IEAAXI@Z 0000000180008770 f i BVHStructureBuilder.obj
 0001:00007820       ?reset@BuildStats@Gu@physx@@QEAAXXZ 0000000180008820 f i BVHStructureBuilder.obj
 0001:00007830       ?save@BVHStructureBuilder@physx@@QEBA_NAEAVPxOutputStream@2@_N@Z 0000000180008830 f   BVHStructureBuilder.obj
 0001:000079b0       ?setCount@BuildStats@Gu@physx@@QEAAXI@Z 00000001800089b0 f i BVHStructureBuilder.obj
 0001:000079c0       ?setNbRunTimePrimitives@AABBTreeBuildNode@Gu@physx@@QEAAXI@Z 00000001800089c0 f i BVHStructureBuilder.obj
 0001:000079d0       ?saveHeightField@physx@@YA_NAEBVHeightField@Gu@1@AEAVPxOutputStream@1@_N@Z 00000001800089d0 f   HeightFieldCooking.obj
 0001:00007c10       ??$quickSelectFirstK@UBoundsLTE@physx@@@quickSelect@physx@@YAXPEIAIIIIAEBUBoundsLTE@1@@Z 0000000180008c10 f i RTreeCooking.obj
 0001:00007df0       ??$smallSort@I$$CBUSortBoundsPredicate@physx@@@internal@shdfnd@physx@@YAXPEAIHHAEBUSortBoundsPredicate@2@@Z 0000000180008df0 f i RTreeCooking.obj
 0001:000080c0       ??$sort@IU?$Less@I@shdfnd@physx@@VNamedAllocator@23@@shdfnd@physx@@YAXPEAIIAEBU?$Less@I@01@AEBVNamedAllocator@01@I@Z 00000001800090c0 f i RTreeCooking.obj
 0001:00008480       ??$sort@IUSortBoundsPredicate@physx@@VNamedAllocator@shdfnd@2@@shdfnd@physx@@YAXPEAIIAEBUSortBoundsPredicate@1@AEBVNamedAllocator@01@I@Z 0000000180009480 f i RTreeCooking.obj
 0001:000088e0       ??0?$InlineArray@UInterval@physx@@$0EAA@VNamedAllocator@shdfnd@2@@shdfnd@physx@@QEAA@AEBVNamedAllocator@12@@Z 00000001800098e0 f i RTreeCooking.obj
 0001:000089b0       ?allocate@?$Array@UInterval@physx@@V?$InlineAllocator@$0CAAA@VNamedAllocator@shdfnd@physx@@@shdfnd@2@@shdfnd@physx@@IEAAPEAUInterval@3@I@Z 00000001800099b0 f i RTreeCooking.obj
 0001:000097c0       ?buildFromTriangles@RTreeCooker@physx@@SAXAEAURTree@Gu@2@PEBVPxVec3@2@IPEBGPEBIIAEAV?$Array@IVNamedAllocator@shdfnd@physx@@@shdfnd@2@PEAURemapCallback@12@MW4Enum@PxMeshCookingHint@2@@Z 000000018000a7c0 f   RTreeCooking.obj
 0001:00009a50       ?copy@?$Array@URTreeNodeNQ@physx@@VNamedAllocator@shdfnd@2@@shdfnd@physx@@KAXPEAURTreeNodeNQ@3@0PEBU43@@Z 000000018000aa50 f i RTreeCooking.obj
 0001:00009c10       ?copy@?$Array@VPxVec3@physx@@VNamedAllocator@shdfnd@2@@shdfnd@physx@@KAXPEAVPxVec3@3@0PEBV43@@Z 000000018000ac10 f i RTreeCooking.obj
 0001:00009ce0       ?growAndPushBack@?$Array@IVNamedAllocator@shdfnd@physx@@@shdfnd@physx@@IEAAAEAIAEBI@Z 000000018000ace0 f i RTreeCooking.obj
 0001:00009ce0       ?growAndPushBack@?$Array@VHalfEdge@ConvexHull@physx@@VNamedAllocator@shdfnd@3@@shdfnd@physx@@IEAAAEAVHalfEdge@ConvexHull@3@AEBV453@@Z 000000018000ace0 f i ConvexHullUtils.obj
 0001:00009db0       ?growAndPushBack@?$Array@UInterval@physx@@V?$InlineAllocator@$0CAAA@VNamedAllocator@shdfnd@physx@@@shdfnd@2@@shdfnd@physx@@IEAAAEAUInterval@3@AEBU43@@Z 000000018000adb0 f i RTreeCooking.obj
 0001:00009e90       ?growAndPushBack@?$Array@UPxBounds3V@physx@@VNamedAllocator@shdfnd@2@@shdfnd@physx@@IEAAAEAUPxBounds3V@3@AEBU43@@Z 000000018000ae90 f i RTreeCooking.obj
 0001:00009f90       ?growAndPushBack@?$Array@URTreeNodeNQ@physx@@VNamedAllocator@shdfnd@2@@shdfnd@physx@@IEAAAEAURTreeNodeNQ@3@AEBU43@@Z 000000018000af90 f i RTreeCooking.obj
 0001:0000a090       ?growAndPushBack@?$Array@URTreeNodeQ@Gu@physx@@VNamedAllocator@shdfnd@3@@shdfnd@physx@@IEAAAEAURTreeNodeQ@Gu@3@AEBU453@@Z 000000018000b090 f i RTreeCooking.obj
 0001:0000a190       ?recreate@?$Array@VHalfEdge@ConvexHull@physx@@VNamedAllocator@shdfnd@3@@shdfnd@physx@@IEAAXI@Z 000000018000b190 f i ConvexHullUtils.obj
 0001:0000a190       ?recreate@?$Array@IVNamedAllocator@shdfnd@physx@@@shdfnd@physx@@IEAAXI@Z 000000018000b190 f i RTreeCooking.obj
 0001:0000a240       ?recreate@?$Array@UPxBounds3V@physx@@VNamedAllocator@shdfnd@2@@shdfnd@physx@@IEAAXI@Z 000000018000b240 f i RTreeCooking.obj
 0001:0000a300       ?recreate@?$Array@URTreeNodeNQ@physx@@VNamedAllocator@shdfnd@2@@shdfnd@physx@@IEAAXI@Z 000000018000b300 f i RTreeCooking.obj
 0001:0000a3a0       ?recreate@?$Array@URTreeNodeQ@Gu@physx@@VNamedAllocator@shdfnd@3@@shdfnd@physx@@IEAAXI@Z 000000018000b3a0 f i RTreeCooking.obj
 0001:0000a460       ?recreate@?$Array@VPxVec3@physx@@VNamedAllocator@shdfnd@2@@shdfnd@physx@@IEAAXI@Z 000000018000b460 f i RTreeCooking.obj
 0001:0000a500       ?resize@?$Array@IVNamedAllocator@shdfnd@physx@@@shdfnd@physx@@QEAAXIAEBI@Z 000000018000b500 f i RTreeCooking.obj
 0001:0000a5c0       ?resizeUninitialized@?$Array@URTreeNodeNQ@physx@@VNamedAllocator@shdfnd@2@@shdfnd@physx@@QEAAXI@Z 000000018000b5c0 f i RTreeCooking.obj
 0001:0000a600       ?sort4@SubSortQuick@physx@@QEAAXPEIAIIAEAV?$Array@URTreeNodeNQ@physx@@VNamedAllocator@shdfnd@2@@shdfnd@2@AEAIAEAUPxBounds3V@2@I@Z 000000018000b600 f i RTreeCooking.obj
 0001:0000a990       ?sort4@SubSortSAH@physx@@QEAAXPEAIIAEAV?$Array@URTreeNodeNQ@physx@@VNamedAllocator@shdfnd@2@@shdfnd@2@AEAIIPEAURTreeNodeNQ@2@@Z 000000018000b990 f i RTreeCooking.obj
 0001:0000b0b0       ?split@SubSortSAH@physx@@QEAAIPEAII@Z 000000018000c0b0 f i RTreeCooking.obj
 0001:0000b820       ?computeLocalBounds@MeshBulider@physx@@IEAAXAEAVMeshDataBase@Gu@2@@Z 000000018000c820 f   MeshBuilder.obj
 0001:0000b8b0       ??$?_UG@@YAPEAX_KV?$ReflectionAllocator@G@shdfnd@physx@@PEBDH@Z 000000018000c8b0 f i TriangleMeshBuilder.obj
 0001:0000b950       ??$sort@UEdgeTriLookup@physx@@U?$Less@UEdgeTriLookup@physx@@@shdfnd@2@VNamedAllocator@42@@shdfnd@physx@@YAXPEAUEdgeTriLookup@1@IAEBU?$Less@UEdgeTriLookup@physx@@@01@AEBVNamedAllocator@01@I@Z 000000018000c950 f i TriangleMeshBuilder.obj
 0001:0000be40       ??0BV4TriangleMeshBuilder@physx@@QEAA@AEBUPxCookingParams@1@@Z 000000018000ce40 f   TriangleMeshBuilder.obj
 0001:0000bf10       ??0RTreeTriangleMeshBuilder@physx@@QEAA@AEBUPxCookingParams@1@@Z 000000018000cf10 f   TriangleMeshBuilder.obj
 0001:0000bfd0       ??1BV4TriangleMeshBuilder@physx@@UEAA@XZ 000000018000cfd0 f   TriangleMeshBuilder.obj
 0001:0000c030       ??1MeshDataBase@Gu@physx@@UEAA@XZ 000000018000d030 f i TriangleMeshBuilder.obj
 0001:0000c110       ??1RTreeTriangleData@Gu@physx@@UEAA@XZ 000000018000d110 f i TriangleMeshBuilder.obj
 0001:0000c180       ??1RTreeTriangleMeshBuilder@physx@@UEAA@XZ 000000018000d180 f   TriangleMeshBuilder.obj
 0001:0000c1b0       ??1TriangleMeshBuilder@physx@@UEAA@XZ 000000018000d1b0 f   TriangleMeshBuilder.obj
 0001:0000c210       ??1TriangleMeshData@Gu@physx@@UEAA@XZ 000000018000d210 f i TriangleMeshBuilder.obj
 0001:0000c2e0       ??_EBV4TriangleData@Gu@physx@@UEAAPEAXI@Z 000000018000d2e0 f i TriangleMeshBuilder.obj
 0001:0000c2e0       ??_GBV4TriangleData@Gu@physx@@UEAAPEAXI@Z 000000018000d2e0 f i TriangleMeshBuilder.obj
 0001:0000c360       ??_GBV4TriangleMeshBuilder@physx@@UEAAPEAXI@Z 000000018000d360 f i TriangleMeshBuilder.obj
 0001:0000c360       ??_EBV4TriangleMeshBuilder@physx@@UEAAPEAXI@Z 000000018000d360 f i TriangleMeshBuilder.obj
 0001:0000c3e0       ??_GMeshDataBase@Gu@physx@@UEAAPEAXI@Z 000000018000d3e0 f i TriangleMeshBuilder.obj
 0001:0000c3e0       ??_EMeshDataBase@Gu@physx@@UEAAPEAXI@Z 000000018000d3e0 f i TriangleMeshBuilder.obj
 0001:0000c440       ??_GRTreeCookerRemap@physx@@UEAAPEAXI@Z 000000018000d440 f i TriangleMeshBuilder.obj
 0001:0000c440       ??_ERTreeCookerRemap@physx@@UEAAPEAXI@Z 000000018000d440 f i TriangleMeshBuilder.obj
 0001:0000c470       ??_ERTreeTriangleData@Gu@physx@@UEAAPEAXI@Z 000000018000d470 f i TriangleMeshBuilder.obj
 0001:0000c470       ??_GRTreeTriangleData@Gu@physx@@UEAAPEAXI@Z 000000018000d470 f i TriangleMeshBuilder.obj
 0001:0000c4d0       ??_ERTreeTriangleMeshBuilder@physx@@UEAAPEAXI@Z 000000018000d4d0 f i TriangleMeshBuilder.obj
 0001:0000c4d0       ??_GRTreeTriangleMeshBuilder@physx@@UEAAPEAXI@Z 000000018000d4d0 f i TriangleMeshBuilder.obj
 0001:0000c520       ??_GRemapCallback@RTreeCooker@physx@@UEAAPEAXI@Z 000000018000d520 f i TriangleMeshBuilder.obj
 0001:0000c520       ??_ERemapCallback@RTreeCooker@physx@@UEAAPEAXI@Z 000000018000d520 f i TriangleMeshBuilder.obj
 0001:0000c550       ??_GTriangleMeshBuilder@physx@@UEAAPEAXI@Z 000000018000d550 f i TriangleMeshBuilder.obj
 0001:0000c550       ??_ETriangleMeshBuilder@physx@@UEAAPEAXI@Z 000000018000d550 f i TriangleMeshBuilder.obj
 0001:0000c590       ??_ETriangleMeshData@Gu@physx@@UEAAPEAXI@Z 000000018000d590 f i TriangleMeshBuilder.obj
 0001:0000c590       ??_GTriangleMeshData@Gu@physx@@UEAAPEAXI@Z 000000018000d590 f i TriangleMeshBuilder.obj
 0001:0000c5f0       ?allocateTriangles@TriangleMeshData@Gu@physx@@QEAAPEAXI_NI@Z 000000018000d5f0 f i TriangleMeshBuilder.obj
 0001:0000c6c0       ?allocateVertices@MeshDataBase@Gu@physx@@QEAAPEAVPxVec3@3@I@Z 000000018000d6c0 f i TriangleMeshBuilder.obj
 0001:0000cbd0       ?checkMeshIndicesSize@TriangleMeshBuilder@physx@@QEAAXXZ 000000018000dbd0 f   TriangleMeshBuilder.obj
 0001:0000cce0       ?cleanMesh@TriangleMeshBuilder@physx@@QEAA_N_NPEAW4Enum@PxTriangleMeshCookingResult@2@@Z 000000018000dce0 f   TriangleMeshBuilder.obj
 0001:0000d1a0       ?createGRBMidPhaseAndData@TriangleMeshBuilder@physx@@QEAAXI@Z 000000018000e1a0 f   TriangleMeshBuilder.obj
 0001:0000d520       ?createMidPhaseStructure@BV4TriangleMeshBuilder@physx@@UEAAXXZ 000000018000e520 f   TriangleMeshBuilder.obj
 0001:0000d7e0       ?createMidPhaseStructure@RTreeTriangleMeshBuilder@physx@@UEAAXXZ 000000018000e7e0 f   TriangleMeshBuilder.obj
 0001:0000d910       ?createSharedEdgeData@TriangleMeshBuilder@physx@@QEAAX_N0@Z 000000018000e910 f   TriangleMeshBuilder.obj
 0001:0000df60       _get_startup_argv_mode     000000018000ef60 f i LIBCMT:argv_mode.obj
 0001:0000df60       DllMain                    000000018000ef60 f i LIBCMT:dll_dllmain_stub.obj
 0001:0000df60       ?length@charNode@@UEBAHXZ  000000018000ef60 f i libvcruntime:undname.obj
 0001:0000df60       ?raw_length@charNode@@UEBAHXZ 000000018000ef60 f i libvcruntime:undname.obj
 0001:0000df60       ?getMidphaseID@BV4TriangleMeshBuilder@physx@@UEBA?AW4Enum@PxMeshMidPhase@2@XZ 000000018000ef60 f i TriangleMeshBuilder.obj
 0001:0000df70       ?getMidphaseID@RTreeTriangleMeshBuilder@physx@@UEBA?AW4Enum@PxMeshMidPhase@2@XZ 000000018000ef70 f i TriangleMeshBuilder.obj
 0001:0000df80       ?importMesh@TriangleMeshBuilder@physx@@IEAA_NAEBVPxTriangleMeshDesc@2@AEBUPxCookingParams@2@PEAW4Enum@PxTriangleMeshCookingResult@2@_N@Z 000000018000ef80 f   TriangleMeshBuilder.obj
 0001:0000e320       ?loadFromDesc@TriangleMeshBuilder@physx@@QEAA_NAEBVPxTriangleMeshDesc@2@PEAW4Enum@PxTriangleMeshCookingResult@2@_N@Z 000000018000f320 f   TriangleMeshBuilder.obj
 0001:0000e700       ?onMeshIndexFormatChange@BV4TriangleMeshBuilder@physx@@UEAAXXZ 000000018000f700 f   TriangleMeshBuilder.obj
 0001:0000e740       ?remap@RTreeCookerRemap@physx@@UEAAXPEAIII@Z 000000018000f740 f i TriangleMeshBuilder.obj
 0001:0000e760       ?remapTopology@TriangleMeshBuilder@physx@@QEAAXPEBI@Z 000000018000f760 f   TriangleMeshBuilder.obj
 0001:0000ea60       ?save@TriangleMeshBuilder@physx@@QEBA_NAEAVPxOutputStream@2@_NAEBUPxCookingParams@2@@Z 000000018000fa60 f   TriangleMeshBuilder.obj
 0001:0000f040       ?saveMidPhaseStructure@BV4TriangleMeshBuilder@physx@@UEBAXAEAVPxOutputStream@2@_N@Z 0000000180010040 f   TriangleMeshBuilder.obj
 0001:0000f1e0       ?saveMidPhaseStructure@RTreeTriangleMeshBuilder@physx@@UEBAXAEAVPxOutputStream@2@_N@Z 00000001800101e0 f   TriangleMeshBuilder.obj
 0001:0000f420       ??0BigConvexDataBuilder@physx@@QEAA@PEBUConvexHullData@Gu@1@PEAVBigConvexData@1@PEBVPxVec3@1@@Z 0000000180010420 f   BigConvexDataBuilder.obj
 0001:0000f430       ??4BigConvexData@physx@@QEAAAEAV01@AEBV01@@Z 0000000180010430 f i BigConvexDataBuilder.obj
 0001:0000f450       ?GetAdjacentVerts@BigConvexData@physx@@QEBAPEBEXZ 0000000180010450 f i BigConvexDataBuilder.obj
 0001:0000f460       ?GetValency@BigConvexData@physx@@QEBAGI@Z 0000000180010460 f i BigConvexDataBuilder.obj
 0001:0000f460       ?GetNbNeighbors@BigConvexData@physx@@QEBAGI@Z 0000000180010460 f i BigConvexDataBuilder.obj
 0001:0000f470       ?GetNbSamples@BigConvexData@physx@@QEBAIXZ 0000000180010470 f i BigConvexDataBuilder.obj
 0001:0000f480       ?raw_length@pcharNode@@UEBAHXZ 0000000180010480 f i libvcruntime:undname.obj
 0001:0000f480       ?GetNbVerts@BigConvexData@physx@@QEBAIXZ 0000000180010480 f i BigConvexDataBuilder.obj
 0001:0000f480       ?length@pcharNode@@UEBAHXZ 0000000180010480 f i libvcruntime:undname.obj
 0001:0000f490       ?GetNeighbors@BigConvexData@physx@@QEBAPEBEI@Z 0000000180010490 f i BigConvexDataBuilder.obj
 0001:0000f4a0       ?GetOffset@BigConvexData@physx@@QEBAGI@Z 00000001800104a0 f i BigConvexDataBuilder.obj
 0001:0000f4b0       ?GetSubdiv@BigConvexData@physx@@QEBAIXZ 00000001800104b0 f i BigConvexDataBuilder.obj
 0001:0000f4c0       ?computeValencies@BigConvexDataBuilder@physx@@QEAA_NAEBVConvexHullBuilder@2@@Z 00000001800104c0 f   BigConvexDataBuilder.obj
 0001:0000f8b0       ?precompute@BigConvexDataBuilder@physx@@QEAA_NI@Z 00000001800108b0 f   BigConvexDataBuilder.obj
 0001:000104f0       ?save@BigConvexDataBuilder@physx@@QEBA_NAEAVPxOutputStream@2@_N@Z 00000001800114f0 f   BigConvexDataBuilder.obj
 0001:00010730       ??$?_UE@@YAPEAX_KV?$ReflectionAllocator@E@shdfnd@physx@@PEBDH@Z 0000000180011730 f i ConvexHullBuilder.obj
 0001:000107d0       ??0ConvexHullBuilder@physx@@QEAA@PEAUConvexHullData@Gu@1@_N@Z 00000001800117d0 f   ConvexHullBuilder.obj
 0001:00010800       ??1ConvexHullBuilder@physx@@QEAA@XZ 0000000180011800 f   ConvexHullBuilder.obj
 0001:00010900       ?calculateVertexMapTable@ConvexHullBuilder@physx@@QEAA_NI_N@Z 0000000180011900 f   ConvexHullBuilder.obj
 0001:00010b10       ?checkHullPolygons@ConvexHullBuilder@physx@@QEBA_NXZ 0000000180011b10 f   ConvexHullBuilder.obj
 0001:000110f0       ?computeGeomCenter@ConvexHullBuilder@physx@@IEBA_NAEAVPxVec3@2@IPEAUHullTriangleData@2@@Z 00000001800120f0 f   ConvexHullBuilder.obj
 0001:000113b0       ?copy@ConvexHullBuilder@physx@@QEAA_NAEAUConvexHullData@Gu@2@AEAI@Z 00000001800123b0 f   ConvexHullBuilder.obj
 0001:00011620       ?createEdgeList@ConvexHullBuilder@physx@@QEAA_N_NI@Z 0000000180012620 f   ConvexHullBuilder.obj
 0001:00011e90       ?init@ConvexHullBuilder@physx@@QEAA_NIPEBVPxVec3@2@PEBIIIPEBUPxHullPolygon@2@_NPEAVConvexHullLib@2@@Z 0000000180012e90 f   ConvexHullBuilder.obj
 0001:00012800       ?save@ConvexHullBuilder@physx@@QEBA_NAEAVPxOutputStream@2@_N@Z 0000000180013800 f   ConvexHullBuilder.obj
 0001:00012b20       ??1ConvexHullLib@physx@@UEAA@XZ 0000000180013b20 f   ConvexHullLib.obj
 0001:00012b80       ??_GConvexHullLib@physx@@UEAAPEAXI@Z 0000000180013b80 f i ConvexHullLib.obj
 0001:00012b80       ??_EConvexHullLib@physx@@UEAAPEAXI@Z 0000000180013b80 f i ConvexHullLib.obj
 0001:000130f0       ?cleanupVertices@ConvexHullLib@physx@@IEAA_NIPEBVPxVec3@2@IAEAIPEAV32@AEAV32@3@Z 00000001800140f0 f   ConvexHullLib.obj
 0001:00013570       ?shiftAndcleanupVertices@ConvexHullLib@physx@@IEAA_NIPEBVPxVec3@2@IAEAIPEAV32@AEAV32@3@Z 0000000180014570 f   ConvexHullLib.obj
 0001:00013a60       ?shiftConvexMeshDesc@ConvexHullLib@physx@@IEAAXAEAVPxConvexMeshDesc@2@@Z 0000000180014a60 f   ConvexHullLib.obj
 0001:00013b20       ?swapLargestFace@ConvexHullLib@physx@@IEAAXAEAVPxConvexMeshDesc@2@@Z 0000000180014b20 f   ConvexHullLib.obj
 0001:00013d10       ??0Box@Gu@physx@@QEAA@AEBV012@@Z 0000000180014d10 f i ConvexHullUtils.obj
 0001:00013d10       ??4Box@Gu@physx@@QEAAAEBV012@AEBV012@@Z 0000000180014d10 f i ConvexHullUtils.obj
 0001:00013d70       ??0Box@Gu@physx@@QEAA@AEBVPxVec3@2@0AEBVPxMat33@2@@Z 0000000180014d70 f i ConvexHullUtils.obj
 0001:00013de0       ??0ConvexHull@physx@@QEAA@AEBVPxVec3@1@AEBVPxTransform@1@AEBV?$Array@VPxPlane@physx@@VNamedAllocator@shdfnd@2@@shdfnd@1@@Z 0000000180014de0 f   ConvexHullUtils.obj
 0001:00015110       ??0PxQuat@physx@@QEAA@AEBVPxMat33@1@@Z 0000000180016110 f i ConvexHullUtils.obj
 0001:000152f0       ?assertIntact@ConvexHull@physx@@QEBA_NM@Z 00000001800162f0 f   ConvexHullUtils.obj
 0001:00015600       ?computeAABBExtent@Box@Gu@physx@@QEBA?AVPxVec3@3@XZ 0000000180016600 f i ConvexHullUtils.obj
 0001:000156c0       ?computeBoxPoints@Box@Gu@physx@@QEBAXPEIAVPxVec3@3@@Z 00000001800166c0 f i ConvexHullUtils.obj
 0001:00015700       ?computeOBBFromConvex@physx@@YA_NAEBVPxConvexMeshDesc@1@AEAVPxVec3@1@AEAVPxTransform@1@@Z 0000000180016700 f   ConvexHullUtils.obj
 0001:00015fa0       ?convexHullCrop@physx@@YAPEAVConvexHull@1@AEBV21@AEBVPxPlane@1@M@Z 0000000180016fa0 f   ConvexHullUtils.obj
 0001:00016e50       ?copy@?$Array@VPxPlane@physx@@VNamedAllocator@shdfnd@2@@shdfnd@physx@@KAXPEAVPxPlane@3@0PEBV43@@Z 0000000180017e50 f i ConvexHullUtils.obj
 0001:00016f50       ?findCandidatePlane@ConvexHull@physx@@QEBAHMM@Z 0000000180017f50 f   ConvexHullUtils.obj
 0001:000173c0       ?getInverse@PxMat33@physx@@QEBA?BV12@XZ 00000001800183c0 f i ConvexHullUtils.obj
 0001:00017610       ?getTransform@Box@Gu@physx@@QEBA?AVPxTransform@3@XZ 0000000180018610 f i ConvexHullUtils.obj
 0001:00017670       ?growAndPushBack@?$Array@VPxPlane@physx@@VNamedAllocator@shdfnd@2@@shdfnd@physx@@IEAAAEAVPxPlane@3@AEBV43@@Z 0000000180018670 f i ConvexHullUtils.obj
 0001:00017750       ?isValid@Box@Gu@physx@@QEBA_NXZ 0000000180018750 f i ConvexHullUtils.obj
 0001:00017770       ?maxNumVertsPerFace@ConvexHull@physx@@QEBAIXZ 0000000180018770 f   ConvexHullUtils.obj
 0001:000177e0       ?recreate@?$Array@VPxPlane@physx@@VNamedAllocator@shdfnd@2@@shdfnd@physx@@IEAAXI@Z 00000001800187e0 f i ConvexHullUtils.obj
 0001:00017880       ?resize@?$Array@VHalfEdge@ConvexHull@physx@@VNamedAllocator@shdfnd@3@@shdfnd@physx@@QEAAXIAEBVHalfEdge@ConvexHull@3@@Z 0000000180018880 f i ConvexHullUtils.obj
 0001:00017940       ?resize@?$Array@VPxPlane@physx@@VNamedAllocator@shdfnd@2@@shdfnd@physx@@QEAAXIAEBVPxPlane@3@@Z 0000000180018940 f i ConvexHullUtils.obj
 0001:00017a60       ?resize@?$Array@VPxVec3@physx@@VNamedAllocator@shdfnd@2@@shdfnd@physx@@QEAAXIAEBVPxVec3@3@@Z 0000000180018a60 f i ConvexHullUtils.obj
 0001:00017b50       ?rotate@Box@Gu@physx@@QEBA?AVPxVec3@3@AEBV43@@Z 0000000180018b50 f i ConvexHullUtils.obj
 0001:00017be0       ?rotateInv@Box@Gu@physx@@QEBA?AVPxVec3@3@AEBV43@@Z 0000000180018be0 f i ConvexHullUtils.obj
 0001:00017c70       ?setAxes@Box@Gu@physx@@QEAAXAEBVPxVec3@3@00@Z 0000000180018c70 f i ConvexHullUtils.obj
 0001:00017cb0       ?setEmpty@Box@Gu@physx@@QEAAXXZ 0000000180018cb0 f i ConvexHullUtils.obj
 0001:00017cf0       ?transform@Box@Gu@physx@@QEBA?AVPxVec3@3@AEBV43@@Z 0000000180018cf0 f i ConvexHullUtils.obj
 0001:00017d90       ??0ConvexMeshBuilder@physx@@QEAA@_N@Z 0000000180018d90 f   ConvexMeshBuilder.obj
 0001:00017df0       ??1ConvexMeshBuilder@physx@@QEAA@XZ 0000000180018df0 f   ConvexMeshBuilder.obj
 0001:00018240       ?build@ConvexMeshBuilder@physx@@QEAA_NAEBVPxConvexMeshDesc@2@I_NPEAVConvexHullLib@2@@Z 0000000180019240 f   ConvexMeshBuilder.obj
 0001:00018570       ?computeHullPolygons@ConvexMeshBuilder@physx@@QEAA_NAEBIPEBVPxVec3@2@0PEBIAEAVPxAllocatorCallback@2@AEAIAEAPEAV32@4AEAPEAI4AEAPEAUPxHullPolygon@2@@Z 0000000180019570 f   ConvexMeshBuilder.obj
 0001:00018790       ?computeMassInfo@ConvexMeshBuilder@physx@@QEAAX_N@Z 0000000180019790 f   ConvexMeshBuilder.obj
 0001:00018b60       ?copy@ConvexMeshBuilder@physx@@QEAA_NAEAUConvexHullInitData@Gu@2@@Z 0000000180019b60 f   ConvexMeshBuilder.obj
 0001:00018c80       ?isFinite@PxVec3@physx@@QEBA_NXZ 0000000180019c80 f i ConvexMeshBuilder.obj
 0001:00018ce0       ?loadConvexHull@ConvexMeshBuilder@physx@@QEAA_NAEBVPxConvexMeshDesc@2@PEAVConvexHullLib@2@@Z 0000000180019ce0 f   ConvexMeshBuilder.obj
 0001:00018f60       ?save@ConvexMeshBuilder@physx@@QEBA_NAEAVPxOutputStream@2@_N@Z 0000000180019f60 f   ConvexMeshBuilder.obj
 0001:00019170       ??$copy@VNamedAllocator@shdfnd@physx@@@?$Array@VPair@@VNamedAllocator@shdfnd@physx@@@shdfnd@physx@@IEAAXAEBV012@@Z 000000018001a170 f i ConvexPolygonsBuilder.obj
 0001:000191f0       ??0ConvexPolygonsBuilder@physx@@QEAA@PEAUConvexHullData@Gu@1@_N@Z 000000018001a1f0 f   ConvexPolygonsBuilder.obj
 0001:00019210       ??1ConvexPolygonsBuilder@physx@@QEAA@XZ 000000018001a210 f   ConvexPolygonsBuilder.obj
 0001:00019a60       ?allocate@?$Array@VPair@@VNamedAllocator@shdfnd@physx@@@shdfnd@physx@@IEAAPEAVPair@@I@Z 000000018001aa60 f i ConvexPolygonsBuilder.obj
 0001:0001a240       ?computeHullPolygons@ConvexPolygonsBuilder@physx@@QEAA_NAEBIPEBVPxVec3@2@0PEBI@Z 000000018001b240 f   ConvexPolygonsBuilder.obj
 0001:0001b2f0       ?createPolygonData@ConvexPolygonsBuilder@physx@@AEAA_NXZ 000000018001c2f0 f   ConvexPolygonsBuilder.obj
 0001:0001bf20       ?createTrianglesFromPolygons@ConvexPolygonsBuilder@physx@@AEAA_NXZ 000000018001cf20 f   ConvexPolygonsBuilder.obj
 0001:0001d5f0       ?growAndPushBack@?$Array@VPair@@VNamedAllocator@shdfnd@physx@@@shdfnd@physx@@IEAAAEAVPair@@AEBV4@@Z 000000018001e5f0 f i ConvexPolygonsBuilder.obj
 0001:0001d6d0       ??0QuickHull@local@@QEAA@AEBUPxCookingParams@physx@@AEBVPxConvexMeshDesc@3@@Z 000000018001e6d0 f   QuickHullConvexHullLib.obj
 0001:0001d8c0       ??0QuickHullConvexHullLib@physx@@QEAA@AEBVPxConvexMeshDesc@1@AEBUPxCookingParams@1@@Z 000000018001e8c0 f   QuickHullConvexHullLib.obj
 0001:0001d9b0       ??1?$MemBlock@UQuickHullFace@local@@$00@local@@QEAA@XZ 000000018001e9b0 f i QuickHullConvexHullLib.obj
 0001:0001d9b0       ??1?$MemBlock@UQuickHullHalfEdge@local@@$0A@@local@@QEAA@XZ 000000018001e9b0 f i QuickHullConvexHullLib.obj
 0001:0001da30       ??_GConvexHull@physx@@QEAAPEAXI@Z 000000018001ea30 f i QuickHullConvexHullLib.obj
 0001:0001db00       ??_GQuickHull@local@@QEAAPEAXI@Z 000000018001eb00 f i QuickHullConvexHullLib.obj
 0001:0001dca0       ??_GQuickHullConvexHullLib@physx@@UEAAPEAXI@Z 000000018001eca0 f i QuickHullConvexHullLib.obj
 0001:0001dca0       ??_EQuickHullConvexHullLib@physx@@UEAAPEAXI@Z 000000018001eca0 f i QuickHullConvexHullLib.obj
 0001:0001dd90       ?addPointToHull@QuickHull@local@@IEAA_NPEBUQuickHullVertex@2@AEAUQuickHullFace@2@AEA_N@Z 000000018001ed90 f   QuickHullConvexHullLib.obj
 0001:0001e060       ?addSimplex@QuickHull@local@@IEAAXPEAUQuickHullVertex@2@_N@Z 000000018001f060 f   QuickHullConvexHullLib.obj
 0001:0001e530       ?buildHull@QuickHull@local@@QEAA?AW4Enum@QuickHullResult@2@XZ 000000018001f530 f   QuickHullConvexHullLib.obj
 0001:0001e740       ?calculateHorizon@QuickHull@local@@IEAAXAEBVPxVec3@physx@@PEAUQuickHullHalfEdge@2@AEAUQuickHullFace@2@AEAV?$Array@PEAUQuickHullHalfEdge@local@@VNamedAllocator@shdfnd@physx@@@shdfnd@4@AEAV?$Array@PEAUQuickHullFace@local@@VNamedAllocator@shdfnd@physx@@@84@@Z 000000018001f740 f   QuickHullConvexHullLib.obj
 0001:0001e8f0       ?canMergeFaces@QuickHull@local@@IEAA_NAEBUQuickHullHalfEdge@2@@Z 000000018001f8f0 f   QuickHullConvexHullLib.obj
 0001:0001f120       ?cleanupForSimplex@QuickHullConvexHullLib@physx@@IEAA_NPEAVPxVec3@2@IPEAUQuickHullVertex@local@@1AEAM2@Z 0000000180020120 f   QuickHullConvexHullLib.obj
 0001:0001fcf0       ?computeMinMaxVerts@QuickHull@local@@IEAAXXZ 0000000180020cf0 f   QuickHullConvexHullLib.obj
 0001:000200c0       ?connectHalfEdges@QuickHullFace@local@@AEAAPEAU12@PEAUQuickHullHalfEdge@2@0@Z 00000001800210c0 f   QuickHullConvexHullLib.obj
 0001:00020420       ?copy@?$Array@UExpandPoint@local@@VNamedAllocator@shdfnd@physx@@@shdfnd@physx@@KAXPEAUExpandPoint@local@@0PEBU45@@Z 0000000180021420 f i QuickHullConvexHullLib.obj
 0001:000204d0       ?createConvexHull@QuickHullConvexHullLib@physx@@UEAA?AW4Enum@PxConvexMeshCookingResult@2@XZ 00000001800214d0 f   QuickHullConvexHullLib.obj
 0001:000208c0       ?createEdgeList@QuickHullConvexHullLib@physx@@UEAA_NIPEBEPEAPEAEPEAPEAG2@Z 00000001800218c0 f   QuickHullConvexHullLib.obj
 0001:00020af0       ?createTriangle@QuickHull@local@@IEAAPEAUQuickHullFace@2@AEBUQuickHullVertex@2@00@Z 0000000180021af0 f   QuickHullConvexHullLib.obj
 0001:00020e80       ?doAdjacentMerge@QuickHull@local@@IEAA_NAEAUQuickHullFace@2@_NAEA_N@Z 0000000180021e80 f   QuickHullConvexHullLib.obj
 0001:000211c0       ?expandHull@QuickHullConvexHullLib@physx@@IEAA?AW4Enum@PxConvexMeshCookingResult@2@XZ 00000001800221c0 f   QuickHullConvexHullLib.obj
 0001:00021a20       ?expandHullOBB@QuickHullConvexHullLib@physx@@IEAA?AW4Enum@PxConvexMeshCookingResult@2@XZ 0000000180022a20 f   QuickHullConvexHullLib.obj
 0001:00021e50       ?fillConvexMeshDesc@QuickHullConvexHullLib@physx@@UEAAXAEAVPxConvexMeshDesc@2@@Z 0000000180022e50 f   QuickHullConvexHullLib.obj
 0001:00021ea0       ?fillConvexMeshDescFromCroppedHull@QuickHullConvexHullLib@physx@@IEAAXAEAVPxConvexMeshDesc@2@@Z 0000000180022ea0 f   QuickHullConvexHullLib.obj
 0001:00022090       ?fillConvexMeshDescFromQuickHull@QuickHullConvexHullLib@physx@@IEAAXAEAVPxConvexMeshDesc@2@@Z 0000000180023090 f   QuickHullConvexHullLib.obj
 0001:00022400       ?findSimplex@QuickHull@local@@IEAA_NXZ 0000000180023400 f   QuickHullConvexHullLib.obj
 0001:000230b0       ?getFreeItem@?$MemBlock@UQuickHullFace@local@@$00@local@@QEAAPEAUQuickHullFace@2@XZ 00000001800240b0 f i QuickHullConvexHullLib.obj
 0001:000231e0       ?getFreeItem@?$MemBlock@UQuickHullHalfEdge@local@@$0A@@local@@QEAAPEAUQuickHullHalfEdge@2@XZ 00000001800241e0 f i QuickHullConvexHullLib.obj
 0001:000232c0       ?growAndPushBack@?$Array@PEAUQuickHullHalfEdge@local@@VNamedAllocator@shdfnd@physx@@@shdfnd@physx@@IEAAAEAPEAUQuickHullHalfEdge@local@@AEBQEAU45@@Z 00000001800242c0 f i QuickHullConvexHullLib.obj
 0001:000232c0       ?growAndPushBack@?$Array@PEAUQuickHullFace@local@@VNamedAllocator@shdfnd@physx@@@shdfnd@physx@@IEAAAEAPEAUQuickHullFace@local@@AEBQEAU45@@Z 00000001800242c0 f i QuickHullConvexHullLib.obj
 0001:000232c0       ?growAndPushBack@?$Array@PEAUQuickHullVertex@local@@VNamedAllocator@shdfnd@physx@@@shdfnd@physx@@IEAAAEAPEAUQuickHullVertex@local@@AEBQEAU45@@Z 00000001800242c0 f i QuickHullConvexHullLib.obj
 0001:00023390       ?growAndPushBack@?$Array@UExpandPoint@local@@VNamedAllocator@shdfnd@physx@@@shdfnd@physx@@IEAAAEAUExpandPoint@local@@AEBU45@@Z 0000000180024390 f i QuickHullConvexHullLib.obj
 0001:000234c0       ?init@?$MemBlock@UQuickHullFace@local@@$00@local@@QEAAXI@Z 00000001800244c0 f i QuickHullConvexHullLib.obj
 0001:000235a0       ?init@?$MemBlock@UQuickHullHalfEdge@local@@$0A@@local@@QEAAXI@Z 00000001800245a0 f i QuickHullConvexHullLib.obj
 0001:00023640       ?mergeAdjacentFace@QuickHullFace@local@@QEAA_NPEAUQuickHullHalfEdge@2@AEAV?$Array@PEAUQuickHullFace@local@@VNamedAllocator@shdfnd@physx@@@shdfnd@physx@@@Z 0000000180024640 f   QuickHullConvexHullLib.obj
 0001:00023a90       ?nextPointToAdd@QuickHull@local@@IEAAPEAUQuickHullVertex@2@AEAPEAUQuickHullFace@2@@Z 0000000180024a90 f   QuickHullConvexHullLib.obj
 0001:00023c10       ?parseInputVertices@QuickHull@local@@QEAAXPEBVPxVec3@physx@@I@Z 0000000180024c10 f   QuickHullConvexHullLib.obj
 0001:00023da0       ?postMergeHull@QuickHull@local@@IEAAXXZ 0000000180024da0 f   QuickHullConvexHullLib.obj
 0001:00024000       ?preallocate@QuickHull@local@@QEAAXI@Z 0000000180025000 f   QuickHullConvexHullLib.obj
 0001:00024140       ?recreate@?$Array@PEAUQuickHullVertex@local@@VNamedAllocator@shdfnd@physx@@@shdfnd@physx@@IEAAXI@Z 0000000180025140 f i QuickHullConvexHullLib.obj
 0001:00024140       ?recreate@?$Array@PEAUQuickHullFace@local@@VNamedAllocator@shdfnd@physx@@@shdfnd@physx@@IEAAXI@Z 0000000180025140 f i QuickHullConvexHullLib.obj
 0001:00024140       ?recreate@?$Array@PEAUQuickHullHalfEdge@local@@VNamedAllocator@shdfnd@physx@@@shdfnd@physx@@IEAAXI@Z 0000000180025140 f i QuickHullConvexHullLib.obj
 0001:000241f0       ?recreate@?$Array@UExpandPoint@local@@VNamedAllocator@shdfnd@physx@@@shdfnd@physx@@IEAAXI@Z 00000001800251f0 f i QuickHullConvexHullLib.obj
 0001:00024290       ?resolveUnclaimedPoints@QuickHull@local@@IEAAXAEBV?$Array@PEAUQuickHullFace@local@@VNamedAllocator@shdfnd@physx@@@shdfnd@physx@@@Z 0000000180025290 f   QuickHullConvexHullLib.obj
 0001:00024f90       ?computeVolumeIntegralsEberly@physx@@YA_NAEBVPxConvexMeshDesc@1@MAEAUPxIntegrals@1@AEBVPxVec3@1@@Z 0000000180025f90 f   VolumeIntegration.obj
 0001:00024fd0       ?computeVolumeIntegralsEberlySIMD@physx@@YA_NAEBVPxConvexMeshDesc@1@MAEAUPxIntegrals@1@AEBVPxVec3@1@@Z 0000000180025fd0 f   VolumeIntegration.obj
 0001:00025610       ?cookingDelayHook@@YAP6A_JXZIPEAUDelayLoadInfo@@@Z 0000000180026610 f   WindowsCookingDelayLoadHook.obj
 0001:000256f0       PxSetPhysXCookingDelayLoadHook 00000001800266f0 f   WindowsCookingDelayLoadHook.obj
 0001:000256f8       __imp_load_??0RadixSortBuffered@Cm@physx@@QEAA@XZ 00000001800266f8 f   PhysXCommon_64:PhysXCommon_64.dll
 0001:00025704       ??0RadixSortBuffered@Cm@physx@@QEAA@XZ 0000000180026704 f   PhysXCommon_64:PhysXCommon_64.dll
 0001:0002570a       __tailMerge_physxcommon_64_dll 000000018002670a     PhysXCommon_64:PhysXCommon_64.dll
 0001:00025783       __imp_load_??1RadixSortBuffered@Cm@physx@@UEAA@XZ 0000000180026783 f   PhysXCommon_64:PhysXCommon_64.dll
 0001:0002578f       ??1RadixSortBuffered@Cm@physx@@UEAA@XZ 000000018002678f f   PhysXCommon_64:PhysXCommon_64.dll
 0001:00025795       __imp_load_?Sort@RadixSortBuffered@Cm@physx@@QEAAAEAV123@PEBIIW4RadixHint@23@@Z 0000000180026795 f   PhysXCommon_64:PhysXCommon_64.dll
 0001:000257a1       ?Sort@RadixSortBuffered@Cm@physx@@QEAAAEAV123@PEBIIW4RadixHint@23@@Z 00000001800267a1 f   PhysXCommon_64:PhysXCommon_64.dll
 0001:000257a7       __imp_load_??0HeightField@Gu@physx@@QEAA@PEAVGuMeshFactory@2@@Z 00000001800267a7 f   PhysXCommon_64:PhysXCommon_64.dll
 0001:000257b3       ??0HeightField@Gu@physx@@QEAA@PEAVGuMeshFactory@2@@Z 00000001800267b3 f   PhysXCommon_64:PhysXCommon_64.dll
 0001:000257b9       __imp_load_?loadFromDesc@HeightField@Gu@physx@@QEAA_NAEBVPxHeightFieldDesc@3@@Z 00000001800267b9 f   PhysXCommon_64:PhysXCommon_64.dll
 0001:000257c5       ?loadFromDesc@HeightField@Gu@physx@@QEAA_NAEBVPxHeightFieldDesc@3@@Z 00000001800267c5 f   PhysXCommon_64:PhysXCommon_64.dll
 0001:000257cb       __imp_load_?computeCellCoordinates@HeightField@Gu@physx@@QEBAIMMAEAM0@Z 00000001800267cb f   PhysXCommon_64:PhysXCommon_64.dll
 0001:000257d7       ?computeCellCoordinates@HeightField@Gu@physx@@QEBAIMMAEAM0@Z 00000001800267d7 f   PhysXCommon_64:PhysXCommon_64.dll
 0001:000257dd       __imp_load_?releaseMemory@HeightField@Gu@physx@@QEAAXXZ 00000001800267dd f   PhysXCommon_64:PhysXCommon_64.dll
 0001:000257e9       ?releaseMemory@HeightField@Gu@physx@@QEAAXXZ 00000001800267e9 f   PhysXCommon_64:PhysXCommon_64.dll
 0001:000257ef       __imp_load_??1HeightField@Gu@physx@@UEAA@XZ 00000001800267ef f   PhysXCommon_64:PhysXCommon_64.dll
 0001:000257fb       ??1HeightField@Gu@physx@@UEAA@XZ 00000001800267fb f   PhysXCommon_64:PhysXCommon_64.dll
 0001:00025801       __imp_load_??0NodeAllocator@Gu@physx@@QEAA@XZ 0000000180026801 f   PhysXCommon_64:PhysXCommon_64.dll
 0001:0002580d       ??0NodeAllocator@Gu@physx@@QEAA@XZ 000000018002680d f   PhysXCommon_64:PhysXCommon_64.dll
 0001:00025813       __imp_load_??1NodeAllocator@Gu@physx@@QEAA@XZ 0000000180026813 f   PhysXCommon_64:PhysXCommon_64.dll
 0001:0002581f       ??1NodeAllocator@Gu@physx@@QEAA@XZ 000000018002681f f   PhysXCommon_64:PhysXCommon_64.dll
 0001:00025825       __imp_load_?release@NodeAllocator@Gu@physx@@QEAAXXZ 0000000180026825 f   PhysXCommon_64:PhysXCommon_64.dll
 0001:00025831       ?release@NodeAllocator@Gu@physx@@QEAAXXZ 0000000180026831 f   PhysXCommon_64:PhysXCommon_64.dll
 0001:00025837       __imp_load_?buildAABBTree@Gu@physx@@YA_NAEAVAABBTreeBuildParams@12@AEAVNodeAllocator@12@AEAUBuildStats@12@AEAPEAI@Z 0000000180026837 f   PhysXCommon_64:PhysXCommon_64.dll
 0001:00025843       ?buildAABBTree@Gu@physx@@YA_NAEAVAABBTreeBuildParams@12@AEAVNodeAllocator@12@AEAUBuildStats@12@AEAPEAI@Z 0000000180026843 f   PhysXCommon_64:PhysXCommon_64.dll
 0001:00025849       __imp_load_?writeDword@physx@@YAXI_NAEAVPxOutputStream@1@@Z 0000000180026849 f   PhysXCommon_64:PhysXCommon_64.dll
 0001:00025855       ?writeDword@physx@@YAXI_NAEAVPxOutputStream@1@@Z 0000000180026855 f   PhysXCommon_64:PhysXCommon_64.dll
 0001:0002585b       __imp_load_?writeFloatBuffer@physx@@YAXPEBMI_NAEAVPxOutputStream@1@@Z 000000018002685b f   PhysXCommon_64:PhysXCommon_64.dll
 0001:00025867       ?writeFloatBuffer@physx@@YAXPEBMI_NAEAVPxOutputStream@1@@Z 0000000180026867 f   PhysXCommon_64:PhysXCommon_64.dll
 0001:0002586d       __imp_load_?writeHeader@physx@@YA_NCCCCI_NAEAVPxOutputStream@1@@Z 000000018002686d f   PhysXCommon_64:PhysXCommon_64.dll
 0001:00025879       ?writeHeader@physx@@YA_NCCCCI_NAEAVPxOutputStream@1@@Z 0000000180026879 f   PhysXCommon_64:PhysXCommon_64.dll
 0001:0002587f       __imp_load_?writeWord@physx@@YAXG_NAEAVPxOutputStream@1@@Z 000000018002687f f   PhysXCommon_64:PhysXCommon_64.dll
 0001:0002588b       ?writeWord@physx@@YAXG_NAEAVPxOutputStream@1@@Z 000000018002688b f   PhysXCommon_64:PhysXCommon_64.dll
 0001:00025891       __imp_load_?writeFloat@physx@@YAXM_NAEAVPxOutputStream@1@@Z 0000000180026891 f   PhysXCommon_64:PhysXCommon_64.dll
 0001:0002589d       ?writeFloat@physx@@YAXM_NAEAVPxOutputStream@1@@Z 000000018002689d f   PhysXCommon_64:PhysXCommon_64.dll
 0001:000258a3       __imp_load_?computeBoundsAroundVertices@Gu@physx@@YAXAEAVPxBounds3@2@IPEIBVPxVec3@2@@Z 00000001800268a3 f   PhysXCommon_64:PhysXCommon_64.dll
 0001:000258af       ?computeBoundsAroundVertices@Gu@physx@@YAXAEAVPxBounds3@2@IPEIBVPxVec3@2@@Z 00000001800268af f   PhysXCommon_64:PhysXCommon_64.dll
 0001:000258b5       __imp_load_??0SourceMesh@Gu@physx@@QEAA@XZ 00000001800268b5 f   PhysXCommon_64:PhysXCommon_64.dll
 0001:000258c1       ??0SourceMesh@Gu@physx@@QEAA@XZ 00000001800268c1 f   PhysXCommon_64:PhysXCommon_64.dll
 0001:000258c7       __imp_load_??1SourceMesh@Gu@physx@@QEAA@XZ 00000001800268c7 f   PhysXCommon_64:PhysXCommon_64.dll
 0001:000258d3       ??1SourceMesh@Gu@physx@@QEAA@XZ 00000001800268d3 f   PhysXCommon_64:PhysXCommon_64.dll
 0001:000258d9       __imp_load_??0BV4Tree@Gu@physx@@QEAA@XZ 00000001800268d9 f   PhysXCommon_64:PhysXCommon_64.dll
 0001:000258e5       ??0BV4Tree@Gu@physx@@QEAA@XZ 00000001800268e5 f   PhysXCommon_64:PhysXCommon_64.dll
 0001:000258eb       __imp_load_??1BV4Tree@Gu@physx@@QEAA@XZ 00000001800268eb f   PhysXCommon_64:PhysXCommon_64.dll
 0001:000258f7       ??1BV4Tree@Gu@physx@@QEAA@XZ 00000001800268f7 f   PhysXCommon_64:PhysXCommon_64.dll
 0001:000258fd       __imp_load_??0BV32Tree@Gu@physx@@QEAA@XZ 00000001800268fd f   PhysXCommon_64:PhysXCommon_64.dll
 0001:00025909       ??0BV32Tree@Gu@physx@@QEAA@XZ 0000000180026909 f   PhysXCommon_64:PhysXCommon_64.dll
 0001:0002590f       __imp_load_??1BV32Tree@Gu@physx@@QEAA@XZ 000000018002690f f   PhysXCommon_64:PhysXCommon_64.dll
 0001:0002591b       ??1BV32Tree@Gu@physx@@QEAA@XZ 000000018002691b f   PhysXCommon_64:PhysXCommon_64.dll
 0001:00025921       __imp_load_?writeWordBuffer@physx@@YAXPEBGI_NAEAVPxOutputStream@1@@Z 0000000180026921 f   PhysXCommon_64:PhysXCommon_64.dll
 0001:0002592d       ?writeWordBuffer@physx@@YAXPEBGI_NAEAVPxOutputStream@1@@Z 000000018002692d f   PhysXCommon_64:PhysXCommon_64.dll
 0001:00025933       __imp_load_?computeMaxIndex@physx@@YAIPEBII@Z 0000000180026933 f   PhysXCommon_64:PhysXCommon_64.dll
 0001:0002593f       ?computeMaxIndex@physx@@YAIPEBII@Z 000000018002693f f   PhysXCommon_64:PhysXCommon_64.dll
 0001:00025945       __imp_load_?storeIndices@physx@@YAXIIPEBIAEAVPxOutputStream@1@_N@Z 0000000180026945 f   PhysXCommon_64:PhysXCommon_64.dll
 0001:00025951       ?storeIndices@physx@@YAXIIPEBIAEAVPxOutputStream@1@_N@Z 0000000180026951 f   PhysXCommon_64:PhysXCommon_64.dll
 0001:00025957       __imp_load_?BuildBV4Ex@Gu@physx@@YA_NAEAVBV4Tree@12@AEAVSourceMesh@12@MI@Z 0000000180026957 f   PhysXCommon_64:PhysXCommon_64.dll
 0001:00025963       ?BuildBV4Ex@Gu@physx@@YA_NAEAVBV4Tree@12@AEAVSourceMesh@12@MI@Z 0000000180026963 f   PhysXCommon_64:PhysXCommon_64.dll
 0001:00025969       __imp_load_?BuildBV32Ex@Gu@physx@@YA_NAEAVBV32Tree@12@AEAVSourceMesh@12@MI@Z 0000000180026969 f   PhysXCommon_64:PhysXCommon_64.dll
 0001:00025975       ?BuildBV32Ex@Gu@physx@@YA_NAEAVBV32Tree@12@AEAVSourceMesh@12@MI@Z 0000000180026975 f   PhysXCommon_64:PhysXCommon_64.dll
 0001:0002597b       __imp_load_?computeMaxIndex@physx@@YAGPEBGI@Z 000000018002697b f   PhysXCommon_64:PhysXCommon_64.dll
 0001:00025987       ?computeMaxIndex@physx@@YAGPEBGI@Z 0000000180026987 f   PhysXCommon_64:PhysXCommon_64.dll
 0001:0002598d       __imp_load_?WriteHeader@Gu@physx@@YA_NEEEEI_NAEAVPxOutputStream@2@@Z 000000018002698d f   PhysXCommon_64:PhysXCommon_64.dll
 0001:00025999       ?WriteHeader@Gu@physx@@YA_NEEEEI_NAEAVPxOutputStream@2@@Z 0000000180026999 f   PhysXCommon_64:PhysXCommon_64.dll
 0001:0002599f       __imp_load_?StoreIndices@Gu@physx@@YAXGIPEBGAEAVPxOutputStream@2@_N@Z 000000018002699f f   PhysXCommon_64:PhysXCommon_64.dll
 0001:000259ab       ?StoreIndices@Gu@physx@@YAXGIPEBGAEAVPxOutputStream@2@_N@Z 00000001800269ab f   PhysXCommon_64:PhysXCommon_64.dll
 0001:000259b1       __imp_load_?CreateOffsets@BigConvexData@physx@@IEAAXXZ 00000001800269b1 f   PhysXCommon_64:PhysXCommon_64.dll
 0001:000259bd       ?CreateOffsets@BigConvexData@physx@@IEAAXXZ 00000001800269bd f   PhysXCommon_64:PhysXCommon_64.dll
 0001:000259c3       __imp_load_?computeOBBPoints@Gu@physx@@YAXPEIAVPxVec3@2@AEBV32@1111@Z 00000001800269c3 f   PhysXCommon_64:PhysXCommon_64.dll
 0001:000259cf       ?computeOBBPoints@Gu@physx@@YAXPEIAVPxVec3@2@AEBV32@1111@Z 00000001800269cf f   PhysXCommon_64:PhysXCommon_64.dll
 0001:000259d5       __imp_load_??0BigConvexData@physx@@QEAA@XZ 00000001800269d5 f   PhysXCommon_64:PhysXCommon_64.dll
 0001:000259e1       ??0BigConvexData@physx@@QEAA@XZ 00000001800269e1 f   PhysXCommon_64:PhysXCommon_64.dll
 0001:000259e7       __imp_load_??1BigConvexData@physx@@QEAA@XZ 00000001800269e7 f   PhysXCommon_64:PhysXCommon_64.dll
 0001:000259f3       ??1BigConvexData@physx@@QEAA@XZ 00000001800269f3 f   PhysXCommon_64:PhysXCommon_64.dll
 0001:000259f9       __imp_load_PxGetFoundation 00000001800269f9 f   PhysXFoundation_64:PhysXFoundation_64.dll
 0001:00025a05       PxGetFoundation            0000000180026a05 f   PhysXFoundation_64:PhysXFoundation_64.dll
 0001:00025a0b       __tailMerge_physxfoundation_64_dll 0000000180026a0b     PhysXFoundation_64:PhysXFoundation_64.dll
 0001:00025a84       __imp_load_?getAllocator@shdfnd@physx@@YAAEAVPxAllocatorCallback@2@XZ 0000000180026a84 f   PhysXFoundation_64:PhysXFoundation_64.dll
 0001:00025a90       ?getAllocator@shdfnd@physx@@YAAEAVPxAllocatorCallback@2@XZ 0000000180026a90 f   PhysXFoundation_64:PhysXFoundation_64.dll
 0001:00025a96       __imp_load_??0NamedAllocator@shdfnd@physx@@QEAA@PEBD@Z 0000000180026a96 f   PhysXFoundation_64:PhysXFoundation_64.dll
 0001:00025aa2       ??0NamedAllocator@shdfnd@physx@@QEAA@PEBD@Z 0000000180026aa2 f   PhysXFoundation_64:PhysXFoundation_64.dll
 0001:00025aa8       __imp_load_?getInstance@Foundation@shdfnd@physx@@SAAEAV123@XZ 0000000180026aa8 f   PhysXFoundation_64:PhysXFoundation_64.dll
 0001:00025ab4       ?getInstance@Foundation@shdfnd@physx@@SAAEAV123@XZ 0000000180026ab4 f   PhysXFoundation_64:PhysXFoundation_64.dll
 0001:00025aba       __imp_load_?error@Foundation@shdfnd@physx@@QEAAXW4Enum@PxErrorCode@3@PEBDH1ZZ 0000000180026aba f   PhysXFoundation_64:PhysXFoundation_64.dll
 0001:00025ac6       ?error@Foundation@shdfnd@physx@@QEAAXW4Enum@PxErrorCode@3@PEBDH1ZZ 0000000180026ac6 f   PhysXFoundation_64:PhysXFoundation_64.dll
 0001:00025acc       __imp_load_?allocate@NamedAllocator@shdfnd@physx@@QEAAPEAX_KPEBDH@Z 0000000180026acc f   PhysXFoundation_64:PhysXFoundation_64.dll
 0001:00025ad8       ?allocate@NamedAllocator@shdfnd@physx@@QEAAPEAX_KPEBDH@Z 0000000180026ad8 f   PhysXFoundation_64:PhysXFoundation_64.dll
 0001:00025ade       __imp_load_?deallocate@NamedAllocator@shdfnd@physx@@QEAAXPEAX@Z 0000000180026ade f   PhysXFoundation_64:PhysXFoundation_64.dll
 0001:00025aea       ?deallocate@NamedAllocator@shdfnd@physx@@QEAAXPEAX@Z 0000000180026aea f   PhysXFoundation_64:PhysXFoundation_64.dll
 0001:00025af0       __imp_load_?incRefCount@Foundation@shdfnd@physx@@SAXXZ 0000000180026af0 f   PhysXFoundation_64:PhysXFoundation_64.dll
 0001:00025afc       ?incRefCount@Foundation@shdfnd@physx@@SAXXZ 0000000180026afc f   PhysXFoundation_64:PhysXFoundation_64.dll
 0001:00025b02       __imp_load_?decRefCount@Foundation@shdfnd@physx@@SAXXZ 0000000180026b02 f   PhysXFoundation_64:PhysXFoundation_64.dll
 0001:00025b0e       ?decRefCount@Foundation@shdfnd@physx@@SAXXZ 0000000180026b0e f   PhysXFoundation_64:PhysXFoundation_64.dll
 0001:00025b14       __imp_load_??0FPUGuard@shdfnd@physx@@QEAA@XZ 0000000180026b14 f   PhysXFoundation_64:PhysXFoundation_64.dll
 0001:00025b20       ??0FPUGuard@shdfnd@physx@@QEAA@XZ 0000000180026b20 f   PhysXFoundation_64:PhysXFoundation_64.dll
 0001:00025b26       __imp_load_??1FPUGuard@shdfnd@physx@@QEAA@XZ 0000000180026b26 f   PhysXFoundation_64:PhysXFoundation_64.dll
 0001:00025b32       ??1FPUGuard@shdfnd@physx@@QEAA@XZ 0000000180026b32 f   PhysXFoundation_64:PhysXFoundation_64.dll
 0001:00025b38       __imp_load_??1NamedAllocator@shdfnd@physx@@QEAA@XZ 0000000180026b38 f   PhysXFoundation_64:PhysXFoundation_64.dll
 0001:00025b44       ??1NamedAllocator@shdfnd@physx@@QEAA@XZ 0000000180026b44 f   PhysXFoundation_64:PhysXFoundation_64.dll
 0001:00025b4a       __imp_load_??0NamedAllocator@shdfnd@physx@@QEAA@AEBV012@@Z 0000000180026b4a f   PhysXFoundation_64:PhysXFoundation_64.dll
 0001:00025b56       ??0NamedAllocator@shdfnd@physx@@QEAA@AEBV012@@Z 0000000180026b56 f   PhysXFoundation_64:PhysXFoundation_64.dll
 0001:00025b5c       __imp_load_?allocate@TempAllocator@shdfnd@physx@@QEAAPEAX_KPEBDH@Z 0000000180026b5c f   PhysXFoundation_64:PhysXFoundation_64.dll
 0001:00025b68       ?allocate@TempAllocator@shdfnd@physx@@QEAAPEAX_KPEBDH@Z 0000000180026b68 f   PhysXFoundation_64:PhysXFoundation_64.dll
 0001:00025b6e       __imp_load_?deallocate@TempAllocator@shdfnd@physx@@QEAAXPEAX@Z 0000000180026b6e f   PhysXFoundation_64:PhysXFoundation_64.dll
 0001:00025b7a       ?deallocate@TempAllocator@shdfnd@physx@@QEAAXPEAX@Z 0000000180026b7a f   PhysXFoundation_64:PhysXFoundation_64.dll
 0001:00025b80       __imp_load_?PxDiagonalize@physx@@YA?AVPxVec3@1@AEBVPxMat33@1@AEAVPxQuat@1@@Z 0000000180026b80 f   PhysXFoundation_64:PhysXFoundation_64.dll
 0001:00025b8c       ?PxDiagonalize@physx@@YA?AVPxVec3@1@AEBVPxMat33@1@AEAVPxQuat@1@@Z 0000000180026b8c f   PhysXFoundation_64:PhysXFoundation_64.dll
 0001:00025b94       ?DloadAcquireSectionWriteAccess@@YAXXZ 0000000180026b94 f i Delayimp:delayhlp.obj
 0001:00025c40       ?DloadGetSRWLockFunctionPointers@@YAEXZ 0000000180026c40 f i Delayimp:delayhlp.obj
 0001:00025cdc       ?DloadMakePermanentImageCommit@@YAXPEAX_K@Z 0000000180026cdc f i Delayimp:delayhlp.obj
 0001:00025d74       ?DloadObtainSection@@YAPEAXPEAK0@Z 0000000180026d74 f i Delayimp:delayhlp.obj
 0001:00025e10       ?DloadProtectSection@@YAXKPEAK@Z 0000000180026e10 f i Delayimp:delayhlp.obj
 0001:00025ea0       ?DloadReleaseSectionWriteAccess@@YAXXZ 0000000180026ea0 f i Delayimp:delayhlp.obj
 0001:00025f34       __delayLoadHelper2         0000000180026f34 f   Delayimp:delayhlp.obj
 0001:0002620c       ??3@YAXPEAX_K@Z            000000018002720c f   LIBCMT:delete_scalar_size.obj
 0001:0002620c       ??_V@YAXPEAX@Z             000000018002720c f   LIBCMT:delete_array.obj
 0001:00026214       ??_Gtype_info@@UEAAPEAXI@Z 0000000180027214 f i LIBCMT:std_type_info_static.obj
 0001:00026214       ??_Etype_info@@UEAAPEAXI@Z 0000000180027214 f i LIBCMT:std_type_info_static.obj
 0001:00026240       ?__scrt_initialize_type_info@@YAXXZ 0000000180027240 f   LIBCMT:tncleanup.obj
 0001:00026250       ?__scrt_uninitialize_type_info@@YAXXZ 0000000180027250 f   LIBCMT:tncleanup.obj
 0001:00026270       _alloca_probe              0000000180027270 f   LIBCMT:chkstk.obj
 0001:00026270       __chkstk                   0000000180027270 f   LIBCMT:chkstk.obj
 0001:000262c4       ??3@YAXPEAX@Z              00000001800272c4 f   LIBCMT:delete_scalar.obj
 0001:000262d0       __vdecl_sinf4              00000001800272d0 f   LIBCMT:svml_ssinf4_dispatch.obj
 0001:000262f0       __libm_sse2_sincosf_       00000001800272f0 f   LIBCMT:svml_ssinf4_dispatch.obj
 0001:00026333       __libm_sse2_sincosf4_      0000000180027333 f   LIBCMT:svml_ssinf4_dispatch.obj
 0001:00026660       _DllMainCRTStartup         0000000180027660 f   LIBCMT:dll_dllmain.obj
 0001:000266a0       __isa_available_init       00000001800276a0 f   LIBCMT:cpu_disp.obj
 0001:00026850       __sse2_sinf4@@16           0000000180027850 f   LIBCMT:svml_ssinf4_sse2.obj
 0001:00027190       __sse4_sinf4@@16           0000000180028190 f   LIBCMT:svml_ssinf4_sse4.obj
 0001:00027904       __security_init_cookie     0000000180028904 f   LIBCMT:gs_support.obj
 0001:000279b0       __local_stdio_printf_options 00000001800289b0 f i LIBCMT:default_local_stdio_options.obj
 0001:000279b8       __local_stdio_scanf_options 00000001800289b8 f i LIBCMT:default_local_stdio_options.obj
 0001:000279c0       __scrt_initialize_default_local_stdio_options 00000001800289c0 f   LIBCMT:default_local_stdio_options.obj
 0001:000279dc       __scrt_acquire_startup_lock 00000001800289dc f   LIBCMT:utility.obj
 0001:00027a18       __scrt_dllmain_after_initialize_c 0000000180028a18 f   LIBCMT:utility.obj
 0001:00027a4c       __scrt_dllmain_before_initialize_c 0000000180028a4c f   LIBCMT:utility.obj
 0001:00027a64       __scrt_dllmain_crt_thread_attach 0000000180028a64 f   LIBCMT:utility.obj
 0001:00027a8c       __scrt_dllmain_crt_thread_detach 0000000180028a8c f   LIBCMT:utility.obj
 0001:00027aa4       __scrt_dllmain_exception_filter 0000000180028aa4 f   LIBCMT:utility.obj
 0001:00027b04       __scrt_dllmain_uninitialize_c 0000000180028b04 f   LIBCMT:utility.obj
 0001:00027b34       __scrt_dllmain_uninitialize_critical 0000000180028b34 f   LIBCMT:utility.obj
 0001:00027b48       __scrt_initialize_crt      0000000180028b48 f   LIBCMT:utility.obj
 0001:00027b94       __scrt_initialize_onexit_tables 0000000180028b94 f   LIBCMT:utility.obj
 0001:00027c20       __scrt_is_nonwritable_in_current_image 0000000180028c20 f   LIBCMT:utility.obj
 0001:00027cb8       __scrt_release_startup_lock 0000000180028cb8 f   LIBCMT:utility.obj
 0001:00027cdc       __scrt_uninitialize_crt    0000000180028cdc f   LIBCMT:utility.obj
 0001:00027d08       __scrt_get_dyn_tls_init_callback 0000000180028d08 f   LIBCMT:dyn_tls_init.obj
 0001:00027d10       __crt_debugger_hook        0000000180028d10 f   LIBCMT:utility_desktop.obj
 0001:00027d18       __scrt_fastfail            0000000180028d18 f   LIBCMT:utility_desktop.obj
 0001:00027e64       _RTC_Initialize            0000000180028e64 f   LIBCMT:initsect.obj
 0001:00027ea0       _RTC_Terminate             0000000180028ea0 f   LIBCMT:initsect.obj
 0001:00027ee0       __common_ssin_cout_rare    0000000180028ee0 f   LIBCMT:svml_s_sin_cout.obj
 0001:00027f50       __scrt_is_ucrt_dll_in_use  0000000180028f50 f   LIBCMT:ucrt_detection.obj
 0001:00027f5c       _get_purecall_handler      0000000180028f5c f   libvcruntime:purevirt.obj
 0001:00027f64       _purecall                  0000000180028f64 f   libvcruntime:purevirt.obj
 0001:00027f88       __std_type_info_compare    0000000180028f88 f   libvcruntime:std_type_info.obj
 0001:00027fb0       __std_type_info_destroy_list 0000000180028fb0 f   libvcruntime:std_type_info.obj
 0001:00027fdc       __std_type_info_name       0000000180028fdc f   libvcruntime:std_type_info.obj
 0001:00028110       memset_repmovs             0000000180029110 f   libvcruntime:memset.obj
 0001:00028130       memset                     0000000180029130 f   libvcruntime:memset.obj
 0001:000282d0       memcpy_repmovs             00000001800292d0 f   libvcruntime:memcpy.obj
 0001:000282f0       memcpy                     00000001800292f0 f   libvcruntime:memcpy.obj
 0001:000282f0       memmove                    00000001800292f0 f   libvcruntime:memcpy.obj
 0001:000286c8       strstr                     00000001800296c8 f   libvcruntime:strstr.obj
 0001:000288c4       __C_specific_handler       00000001800298c4 f   libvcruntime:riscchandler.obj
 0001:00028ad0       __vcrt_initialize          0000000180029ad0 f   libvcruntime:initialization.obj
 0001:00028af8       __vcrt_thread_attach       0000000180029af8 f   libvcruntime:initialization.obj
 0001:00028b0c       __vcrt_thread_detach       0000000180029b0c f   libvcruntime:initialization.obj
 0001:00028b20       __vcrt_uninitialize        0000000180029b20 f   libvcruntime:initialization.obj
 0001:00028b3c       __vcrt_uninitialize_critical 0000000180029b3c f   libvcruntime:initialization.obj
 0001:00028b4c       __DestructExceptionObject  0000000180029b4c f   libvcruntime:ehhelpers.obj
 0001:00028bbc       ?_CallMemberFunction0@@YAXQEAX0@Z 0000000180029bbc f i libvcruntime:ehhelpers.obj
 0001:00028bc0       _IsExceptionObjectToBeDestroyed 0000000180029bc0 f   libvcruntime:ehhelpers.obj
 0001:00028bf0       __AdjustPointer            0000000180029bf0 f   libvcruntime:ehhelpers.obj
 0001:00028c14       __FrameUnwindFilter        0000000180029c14 f   libvcruntime:ehhelpers.obj
 0001:00028c7c       ??$?0$00@DName@@QEAA@PEBDU?$StringLifeSelector@$00@@@Z 0000000180029c7c f i libvcruntime:undname.obj
 0001:00028cbc       ??$?0$01@DName@@QEAA@PEBDU?$StringLifeSelector@$01@@@Z 0000000180029cbc f i libvcruntime:undname.obj
 0001:00028cbc       ??$?0$0A@@DName@@QEAA@PEBDU?$StringLifeSelector@$0A@@@@Z 0000000180029cbc f i libvcruntime:undname.obj
 0001:00028cfc       ??$?0$01@pcharNode@@QEAA@PEBDHU?$StringLifeSelector@$01@@@Z 0000000180029cfc f i libvcruntime:undname.obj
 0001:00028cfc       ??$?0$0A@@pcharNode@@QEAA@PEBDHU?$StringLifeSelector@$0A@@@@Z 0000000180029cfc f i libvcruntime:undname.obj
 0001:00028d70       ??$append@VDNameNode@@@DName@@AEAAXPEBVDNameNode@@@Z 0000000180029d70 f i libvcruntime:undname.obj
 0001:00028d70       ??$append@VcharNode@@@DName@@AEAAXPEBVcharNode@@@Z 0000000180029d70 f i libvcruntime:undname.obj
 0001:00028d70       ??$append@VDNameStatusNode@@@DName@@AEAAXPEBVDNameStatusNode@@@Z 0000000180029d70 f i libvcruntime:undname.obj
 0001:00028d70       ??$append@VpcharNode@@@DName@@AEAAXPEBVpcharNode@@@Z 0000000180029d70 f i libvcruntime:undname.obj
 0001:00028dd4       ??$doPchar@$00@DName@@AEAAXPEBDH@Z 0000000180029dd4 f i libvcruntime:undname.obj
 0001:00028e78       ??$doPchar@$01@DName@@AEAAXPEBDH@Z 0000000180029e78 f i libvcruntime:undname.obj
 0001:00028e78       ??$doPchar@$0A@@DName@@AEAAXPEBDH@Z 0000000180029e78 f i libvcruntime:undname.obj
 0001:00028f10       ??0DName@@QEAA@AEAPEBDD@Z  0000000180029f10 f   libvcruntime:undname.obj
 0001:00028fc0       ??0DName@@QEAA@AEBUStringLiteral@@@Z 0000000180029fc0 f   libvcruntime:undname.obj
 0001:00028fec       ??0DName@@QEAA@PEAV0@@Z    0000000180029fec f   libvcruntime:undname.obj
 0001:00029070       ??0DName@@QEAA@_J@Z        000000018002a070 f   libvcruntime:undname.obj
 0001:00029118       ??0DName@@QEAA@_K@Z        000000018002a118 f   libvcruntime:undname.obj
 0001:000291a8       ??2@YAPEAX_KAEAV_HeapManager@@H@Z 000000018002a1a8 f   libvcruntime:undname.obj
 0001:000291d4       ??AReplicator@@QEBA?AVDName@@H@Z 000000018002a1d4 f   libvcruntime:undname.obj
 0001:00029214       ??HDName@@QEBA?AV0@AEBUStringLiteral@@@Z 000000018002a214 f   libvcruntime:undname.obj
 0001:00029240       ??HDName@@QEBA?AV0@AEBV0@@Z 000000018002a240 f   libvcruntime:undname.obj
 0001:0002926c       ??HDName@@QEBA?AV0@D@Z     000000018002a26c f   libvcruntime:undname.obj
 0001:00029298       ??HDName@@QEBA?AV0@W4DNameStatus@@@Z 000000018002a298 f   libvcruntime:undname.obj
 0001:000292c4       ??YDName@@QEAAAEAV0@AEBUStringLiteral@@@Z 000000018002a2c4 f   libvcruntime:undname.obj
 0001:00029344       ??YDName@@QEAAAEAV0@AEBV0@@Z 000000018002a344 f   libvcruntime:undname.obj
 0001:000293f8       ??YDName@@QEAAAEAV0@D@Z    000000018002a3f8 f   libvcruntime:undname.obj
 0001:00029464       ??YDName@@QEAAAEAV0@W4DNameStatus@@@Z 000000018002a464 f   libvcruntime:undname.obj
 0001:000294d0       ??YReplicator@@QEAAAEAV0@AEBVDName@@@Z 000000018002a4d0 f   libvcruntime:undname.obj
 0001:00029528       ?UScore@UnDecorator@@SA?AUStringLiteral@@W4Tokens@@@Z 000000018002a528 f   libvcruntime:undname.obj
 0001:00029574       ?composeDeclaration@UnDecorator@@CA?AVDName@@AEBV2@@Z 000000018002a574 f i libvcruntime:undname.obj
 0001:0002a41c       ?doPchar@DName@@AEAAXD@Z   000000018002b41c f   libvcruntime:undname.obj
 0001:0002a46c       ?getArgumentList@UnDecorator@@CA?AVDName@@XZ 000000018002b46c f   libvcruntime:undname.obj
 0001:0002a600       ?getArgumentTypes@UnDecorator@@CA?AVDName@@XZ 000000018002b600 f   libvcruntime:undname.obj
 0001:0002a75c       ?getArrayObject@UnDecorator@@CA?AVDName@@XZ 000000018002b75c f   libvcruntime:undname.obj
 0001:0002a824       ?getArrayType@UnDecorator@@CA?AVDName@@AEBV2@@Z 000000018002b824 f i libvcruntime:undname.obj
 0001:0002aa6c       ?getBasedType@UnDecorator@@CA?AVDName@@XZ 000000018002ba6c f   libvcruntime:undname.obj
 0001:0002ab64       ?getBasicDataType@UnDecorator@@CA?AVDName@@AEBV2@@Z 000000018002bb64 f   libvcruntime:undname.obj
 0001:0002b0a8       ?getCallingConvention@UnDecorator@@CA?AVDName@@XZ 000000018002c0a8 f   libvcruntime:undname.obj
 0001:0002b1e8       ?getDataIndirectType@UnDecorator@@CA?AVDName@@AEBV2@W4IndirectionKind@@0H@Z 000000018002c1e8 f   libvcruntime:undname.obj
 0001:0002ba80       ?getDataType@UnDecorator@@CA?AVDName@@PEAV2@@Z 000000018002ca80 f   libvcruntime:undname.obj
 0001:0002bb94       ?getDecoratedName@UnDecorator@@CA?AVDName@@XZ 000000018002cb94 f   libvcruntime:undname.obj
 0001:0002be78       ?getDimension@UnDecorator@@CA?AVDName@@_N@Z 000000018002ce78 f   libvcruntime:undname.obj
 0001:0002bfc4       ?getDispatchTarget@UnDecorator@@CA?AVDName@@XZ 000000018002cfc4 f   libvcruntime:undname.obj
 0001:0002c010       ?getECSUDataType@UnDecorator@@CA?AVDName@@XZ 000000018002d010 f   libvcruntime:undname.obj
 0001:0002c1f0       ?getEnumType@UnDecorator@@CA?AVDName@@XZ 000000018002d1f0 f i libvcruntime:undname.obj
 0001:0002c318       ?getExtendedDataIndirectType@UnDecorator@@CA?AVDName@@AEAW4IndirectionKind@@AEA_NH@Z 000000018002d318 f   libvcruntime:undname.obj
 0001:0002c520       ?getExternalDataType@UnDecorator@@CA?AVDName@@AEBV2@@Z 000000018002d520 f i libvcruntime:undname.obj
 0001:0002c5e0       ?getFloatingPoint@UnDecorator@@CA?AVDName@@H@Z 000000018002d5e0 f   libvcruntime:undname.obj
 0001:0002c700       ?getFunctionIndirectType@UnDecorator@@CA?AVDName@@AEBV2@@Z 000000018002d700 f   libvcruntime:undname.obj
 0001:0002cc38       ?getLastChar@DNameStatusNode@@UEBADXZ 000000018002dc38 f i libvcruntime:undname.obj
 0001:0002cc44       ?getLastChar@charNode@@UEBADXZ 000000018002dc44 f i libvcruntime:undname.obj
 0001:0002cc48       ?getLastChar@pDNameNode@@UEBADXZ 000000018002dc48 f i libvcruntime:undname.obj
 0001:0002cc74       ?getLastChar@pairNode@@UEBADXZ 000000018002dc74 f i libvcruntime:undname.obj
 0001:0002ccac       ?getLastChar@pcharNode@@UEBADXZ 000000018002dcac f i libvcruntime:undname.obj
 0001:0002ccc0       ?getLexicalFrame@UnDecorator@@CA?AVDName@@XZ 000000018002dcc0 f i libvcruntime:undname.obj
 0001:0002cd24       ?getMemoryWithBuffer@_HeapManager@@QEAAPEAX_K@Z 000000018002dd24 f   libvcruntime:undname.obj
 0001:0002cdb4       ?getNoexcept@UnDecorator@@CA?AVDName@@XZ 000000018002ddb4 f   libvcruntime:undname.obj
 0001:0002ce18       ?getNumberOfDimensions@UnDecorator@@CAHXZ 000000018002de18 f   libvcruntime:undname.obj
 0001:0002ce8c       ?getOperatorName@UnDecorator@@CA?AVDName@@_NPEA_N@Z 000000018002de8c f i libvcruntime:undname.obj
[...]
 0002:00011703       $N00046                    0000000180055703     PhysXCooking_64.exp
 0002:00011727       $N00047                    0000000180055727     PhysXCooking_64.exp
 0002:00011750       $N00048                    0000000180055750     PhysXCooking_64.exp
 0002:00011782       $N00049                    0000000180055782     PhysXCooking_64.exp
 0002:000117a9       $N00050                    00000001800557a9     PhysXCooking_64.exp
 0002:000117d7       $N00051                    00000001800557d7     PhysXCooking_64.exp
 0002:00011802       $N00052                    0000000180055802     PhysXCooking_64.exp
 0002:0001182f       $N00053                    000000018005582f     PhysXCooking_64.exp
 0002:00011858       $N00054                    0000000180055858     PhysXCooking_64.exp
 0002:00011887       $N00055                    0000000180055887     PhysXCooking_64.exp
 0002:000118b0       $N00056                    00000001800558b0     PhysXCooking_64.exp
 0002:000118d9       $N00057                    00000001800558d9     PhysXCooking_64.exp
 0002:00011907       $N00058                    0000000180055907     PhysXCooking_64.exp
 0002:0001192f       $N00059                    000000018005592f     PhysXCooking_64.exp
 0002:0001196a       $N00060                    000000018005596a     PhysXCooking_64.exp
 0002:00011994       $N00061                    0000000180055994     PhysXCooking_64.exp
 0002:000119c8       $N00062                    00000001800559c8     PhysXCooking_64.exp
 0002:000119fe       $N00063                    00000001800559fe     PhysXCooking_64.exp
 0002:00011a3a       $N00064                    0000000180055a3a     PhysXCooking_64.exp
 0002:00011a82       $N00065                    0000000180055a82     PhysXCooking_64.exp
 0002:00011ad2       $N00066                    0000000180055ad2     PhysXCooking_64.exp
 0002:00011b06       $N00067                    0000000180055b06     PhysXCooking_64.exp
 0002:00011b3b       $N00068                    0000000180055b3b     PhysXCooking_64.exp
 0002:00011b71       $N00069                    0000000180055b71     PhysXCooking_64.exp
 0002:00011b98       $N00070                    0000000180055b98     PhysXCooking_64.exp
 0002:00011be0       $N00071                    0000000180055be0     PhysXCooking_64.exp
 0002:00011c26       $N00072                    0000000180055c26     PhysXCooking_64.exp
 0002:00011c7e       $N00073                    0000000180055c7e     PhysXCooking_64.exp
 0002:00011cc5       $N00074                    0000000180055cc5     PhysXCooking_64.exp
 0002:00011cf0       $N00075                    0000000180055cf0     PhysXCooking_64.exp
 0002:00011d20       $N00076                    0000000180055d20     PhysXCooking_64.exp
 0002:00011d70       $N00077                    0000000180055d70     PhysXCooking_64.exp
 0002:00011e1f       $N00078                    0000000180055e1f     PhysXCooking_64.exp
 0002:00011e7d       $N00079                    0000000180055e7d     PhysXCooking_64.exp
 0002:00011ea9       $N00080                    0000000180055ea9     PhysXCooking_64.exp
 0002:00011ed5       $N00081                    0000000180055ed5     PhysXCooking_64.exp
 0002:00011f0a       $N00082                    0000000180055f0a     PhysXCooking_64.exp
 0002:00011f33       $N00083                    0000000180055f33     PhysXCooking_64.exp
 0002:00011f6f       $N00084                    0000000180055f6f     PhysXCooking_64.exp
 0002:00011f9b       $N00085                    0000000180055f9b     PhysXCooking_64.exp
 0002:00011fce       $N00086                    0000000180055fce     PhysXCooking_64.exp
 0002:0001201b       $N00087                    000000018005601b     PhysXCooking_64.exp
 0002:0001204e       $N00088                    000000018005604e     PhysXCooking_64.exp
 0002:00012088       $N00089                    0000000180056088     PhysXCooking_64.exp
 0002:000120c2       $N00090                    00000001800560c2     PhysXCooking_64.exp
 0002:000120fe       $N00091                    00000001800560fe     PhysXCooking_64.exp
 0002:00012142       $N00092                    0000000180056142     PhysXCooking_64.exp
 0002:00012171       $N00093                    0000000180056171     PhysXCooking_64.exp
 0002:000121eb       $N00094                    00000001800561eb     PhysXCooking_64.exp
 0002:00012248       $N00095                    0000000180056248     PhysXCooking_64.exp
 0002:00012274       $N00096                    0000000180056274     PhysXCooking_64.exp
 0002:000122a8       $N00097                    00000001800562a8     PhysXCooking_64.exp
 0002:000122e1       $N00098                    00000001800562e1     PhysXCooking_64.exp
 0002:0001231e       $N00099                    000000018005631e     PhysXCooking_64.exp
 0002:00012354       $N00100                    0000000180056354     PhysXCooking_64.exp
 0002:00012381       $N00101                    0000000180056381     PhysXCooking_64.exp
 0002:000123ae       $N00102                    00000001800563ae     PhysXCooking_64.exp
 0002:000123d9       $N00103                    00000001800563d9     PhysXCooking_64.exp
 0002:00012405       $N00104                    0000000180056405     PhysXCooking_64.exp
 0002:00012432       $N00105                    0000000180056432     PhysXCooking_64.exp
 0002:00012452       $N00106                    0000000180056452     PhysXCooking_64.exp
 0002:0001248e       $N00107                    000000018005648e     PhysXCooking_64.exp
 0002:000124bf       $N00108                    00000001800564bf     PhysXCooking_64.exp
 0002:000124f1       $N00109                    00000001800564f1     PhysXCooking_64.exp
 0002:00012533       $N00110                    0000000180056533     PhysXCooking_64.exp
 0002:00012560       $N00111                    0000000180056560     PhysXCooking_64.exp
 0002:00012584       $N00112                    0000000180056584     PhysXCooking_64.exp
 0002:000125b4       $N00113                    00000001800565b4     PhysXCooking_64.exp
 0002:000125e7       $N00114                    00000001800565e7     PhysXCooking_64.exp
 0002:0001260c       $N00115                    000000018005660c     PhysXCooking_64.exp
 0002:0001263a       $N00116                    000000018005663a     PhysXCooking_64.exp
 0002:00012662       $N00117                    0000000180056662     PhysXCooking_64.exp
 0002:00012682       $N00118                    0000000180056682     PhysXCooking_64.exp
 0002:000126c7       $N00119                    00000001800566c7     PhysXCooking_64.exp
 0002:00012704       $N00120                    0000000180056704     PhysXCooking_64.exp
 0002:00012741       $N00121                    0000000180056741     PhysXCooking_64.exp
 0002:00012774       $N00122                    0000000180056774     PhysXCooking_64.exp
 0002:00012784       $N00123                    0000000180056784     PhysXCooking_64.exp
 0002:00012a38       .idata$6                   0000000180056a38     kernel32:KERNEL32.dll
 0003:00000000       ?MAXDOT_MINANG@local@@3MB  0000000180057000     ConvexHullUtils.obj
 0003:00000004       ?MAXDOT_MINANG@local@@3MB  0000000180057004     QuickHullConvexHullLib.obj
 0003:00000060       ?prefix@?1??getDimension@UnDecorator@@CA?AVDName@@_N@Z@4UStringLiteral@@A 0000000180057060     libvcruntime:undname.obj
 0003:00000070       ?__vcrt_flsindex@@3KA      0000000180057070     libvcruntime:per_thread_data.obj
 0003:00000090       ?dazSupported@?1??_ctrlfp@@9@9 0000000180057090     libucrt:fpctrl.obj
 0003:000000a0       ?__acrt_flsindex@@3KA      00000001800570a0     libucrt:per_thread_data.obj
 0003:000000a4       ?errno_no_memory@@3HA      00000001800570a4     libucrt:errno.obj
 0003:000000a8       ?doserrno_no_memory@@3KA   00000001800570a8     libucrt:errno.obj
 0003:000002e0       _mbctypes                  00000001800572e0     libucrt:mbctype.obj
 0003:000003f0       _mbcasemaps                00000001800573f0     libucrt:mbctype.obj
 0003:000004f0       ?__rgctypeflag@@3PADA      00000001800574f0     libucrt:mbctype.obj
 0003:00000500       ?__rgcode_page_info@@3PAUcode_page_info@@A 0000000180057500     libucrt:mbctype.obj
 0003:00000a20       ?__dcrt_lowio_console_output_handle@@3PEAXEA 0000000180057a20     libucrt:initcon.obj
 0003:00001030       ?maxV3Error@_VecMathTests@aos@shdfnd@physx@@3T__m128@@B 0000000180058030     Cooking.obj
 0003:00001040       ?minFError@_VecMathTests@aos@shdfnd@physx@@3T__m128@@B 0000000180058040     Cooking.obj
 0003:00001050       ?maxV4Error@_VecMathTests@aos@shdfnd@physx@@3T__m128@@B 0000000180058050     Cooking.obj
 0003:00001060       ?minV4Error@_VecMathTests@aos@shdfnd@physx@@3T__m128@@B 0000000180058060     Cooking.obj
 0003:00001070       ?minV3Error@_VecMathTests@aos@shdfnd@physx@@3T__m128@@B 0000000180058070     Cooking.obj
 0003:00001080       ?maxFError@_VecMathTests@aos@shdfnd@physx@@3T__m128@@B 0000000180058080     Cooking.obj
 0003:00001090       ?maxV3Error@_VecMathTests@aos@shdfnd@physx@@3T__m128@@B 0000000180058090     BVHStructureBuilder.obj
 0003:000010a0       ?minFError@_VecMathTests@aos@shdfnd@physx@@3T__m128@@B 00000001800580a0     BVHStructureBuilder.obj
 0003:000010b0       ?maxV4Error@_VecMathTests@aos@shdfnd@physx@@3T__m128@@B 00000001800580b0     BVHStructureBuilder.obj
 0003:000010c0       ?minV4Error@_VecMathTests@aos@shdfnd@physx@@3T__m128@@B 00000001800580c0     BVHStructureBuilder.obj
 0003:000010d0       ?minV3Error@_VecMathTests@aos@shdfnd@physx@@3T__m128@@B 00000001800580d0     BVHStructureBuilder.obj
 0003:000010e0       ?maxFError@_VecMathTests@aos@shdfnd@physx@@3T__m128@@B 00000001800580e0     BVHStructureBuilder.obj
 0003:000010f0       ?maxV3Error@_VecMathTests@aos@shdfnd@physx@@3T__m128@@B 00000001800580f0     RTreeCooking.obj
 0003:00001100       ?minFError@_VecMathTests@aos@shdfnd@physx@@3T__m128@@B 0000000180058100     RTreeCooking.obj
 0003:00001110       ?maxV4Error@_VecMathTests@aos@shdfnd@physx@@3T__m128@@B 0000000180058110     RTreeCooking.obj
 0003:00001120       ?minV4Error@_VecMathTests@aos@shdfnd@physx@@3T__m128@@B 0000000180058120     RTreeCooking.obj
 0003:00001130       ?minV3Error@_VecMathTests@aos@shdfnd@physx@@3T__m128@@B 0000000180058130     RTreeCooking.obj
 0003:00001140       ?maxFError@_VecMathTests@aos@shdfnd@physx@@3T__m128@@B 0000000180058140     RTreeCooking.obj
 0003:00001150       ?maxV3Error@_VecMathTests@aos@shdfnd@physx@@3T__m128@@B 0000000180058150     MeshBuilder.obj
 0003:00001160       ?minFError@_VecMathTests@aos@shdfnd@physx@@3T__m128@@B 0000000180058160     MeshBuilder.obj
 0003:00001170       ?maxV4Error@_VecMathTests@aos@shdfnd@physx@@3T__m128@@B 0000000180058170     MeshBuilder.obj
 0003:00001180       ?minV4Error@_VecMathTests@aos@shdfnd@physx@@3T__m128@@B 0000000180058180     MeshBuilder.obj
 0003:00001190       ?minV3Error@_VecMathTests@aos@shdfnd@physx@@3T__m128@@B 0000000180058190     MeshBuilder.obj
 0003:000011a0       ?maxFError@_VecMathTests@aos@shdfnd@physx@@3T__m128@@B 00000001800581a0     MeshBuilder.obj
 0003:000011b0       ?maxV3Error@_VecMathTests@aos@shdfnd@physx@@3T__m128@@B 00000001800581b0     TriangleMeshBuilder.obj
 0003:000011c0       ?minFError@_VecMathTests@aos@shdfnd@physx@@3T__m128@@B 00000001800581c0     TriangleMeshBuilder.obj
 0003:000011d0       ?maxV4Error@_VecMathTests@aos@shdfnd@physx@@3T__m128@@B 00000001800581d0     TriangleMeshBuilder.obj
 0003:000011e0       ?minV4Error@_VecMathTests@aos@shdfnd@physx@@3T__m128@@B 00000001800581e0     TriangleMeshBuilder.obj
 0003:000011f0       ?minV3Error@_VecMathTests@aos@shdfnd@physx@@3T__m128@@B 00000001800581f0     TriangleMeshBuilder.obj
 0003:00001200       ?maxFError@_VecMathTests@aos@shdfnd@physx@@3T__m128@@B 0000000180058200     TriangleMeshBuilder.obj
 0003:00001210       ?maxV3Error@_VecMathTests@aos@shdfnd@physx@@3T__m128@@B 0000000180058210     BigConvexDataBuilder.obj
 0003:00001220       ?minFError@_VecMathTests@aos@shdfnd@physx@@3T__m128@@B 0000000180058220     BigConvexDataBuilder.obj
 0003:00001230       ?maxV4Error@_VecMathTests@aos@shdfnd@physx@@3T__m128@@B 0000000180058230     BigConvexDataBuilder.obj
 0003:00001240       ?minV4Error@_VecMathTests@aos@shdfnd@physx@@3T__m128@@B 0000000180058240     BigConvexDataBuilder.obj
 0003:00001250       ?minV3Error@_VecMathTests@aos@shdfnd@physx@@3T__m128@@B 0000000180058250     BigConvexDataBuilder.obj
 0003:00001260       ?maxFError@_VecMathTests@aos@shdfnd@physx@@3T__m128@@B 0000000180058260     BigConvexDataBuilder.obj
 0003:00001270       ?maxV3Error@_VecMathTests@aos@shdfnd@physx@@3T__m128@@B 0000000180058270     ConvexHullBuilder.obj
 0003:00001280       ?minFError@_VecMathTests@aos@shdfnd@physx@@3T__m128@@B 0000000180058280     ConvexHullBuilder.obj
 0003:00001290       ?maxV4Error@_VecMathTests@aos@shdfnd@physx@@3T__m128@@B 0000000180058290     ConvexHullBuilder.obj
 0003:000012a0       ?minV4Error@_VecMathTests@aos@shdfnd@physx@@3T__m128@@B 00000001800582a0     ConvexHullBuilder.obj
 0003:000012b0       ?minV3Error@_VecMathTests@aos@shdfnd@physx@@3T__m128@@B 00000001800582b0     ConvexHullBuilder.obj
 0003:000012c0       ?maxFError@_VecMathTests@aos@shdfnd@physx@@3T__m128@@B 00000001800582c0     ConvexHullBuilder.obj
 0003:000012d0       ?maxV3Error@_VecMathTests@aos@shdfnd@physx@@3T__m128@@B 00000001800582d0     ConvexHullUtils.obj
 0003:000012e0       ?minFError@_VecMathTests@aos@shdfnd@physx@@3T__m128@@B 00000001800582e0     ConvexHullUtils.obj
 0003:000012f0       ?maxV4Error@_VecMathTests@aos@shdfnd@physx@@3T__m128@@B 00000001800582f0     ConvexHullUtils.obj
 0003:00001300       ?minV4Error@_VecMathTests@aos@shdfnd@physx@@3T__m128@@B 0000000180058300     ConvexHullUtils.obj
 0003:00001310       ?minV3Error@_VecMathTests@aos@shdfnd@physx@@3T__m128@@B 0000000180058310     ConvexHullUtils.obj
 0003:00001320       ?maxFError@_VecMathTests@aos@shdfnd@physx@@3T__m128@@B 0000000180058320     ConvexHullUtils.obj
 0003:00001330       ?maxV3Error@_VecMathTests@aos@shdfnd@physx@@3T__m128@@B 0000000180058330     ConvexMeshBuilder.obj
 0003:00001340       ?minFError@_VecMathTests@aos@shdfnd@physx@@3T__m128@@B 0000000180058340     ConvexMeshBuilder.obj
 0003:00001350       ?maxV4Error@_VecMathTests@aos@shdfnd@physx@@3T__m128@@B 0000000180058350     ConvexMeshBuilder.obj
 0003:00001360       ?minV4Error@_VecMathTests@aos@shdfnd@physx@@3T__m128@@B 0000000180058360     ConvexMeshBuilder.obj
 0003:00001370       ?minV3Error@_VecMathTests@aos@shdfnd@physx@@3T__m128@@B 0000000180058370     ConvexMeshBuilder.obj
 0003:00001380       ?maxFError@_VecMathTests@aos@shdfnd@physx@@3T__m128@@B 0000000180058380     ConvexMeshBuilder.obj
 0003:00001390       ?maxV3Error@_VecMathTests@aos@shdfnd@physx@@3T__m128@@B 0000000180058390     VolumeIntegration.obj
 0003:000013a0       ?minFError@_VecMathTests@aos@shdfnd@physx@@3T__m128@@B 00000001800583a0     VolumeIntegration.obj
 0003:000013b0       ?maxV4Error@_VecMathTests@aos@shdfnd@physx@@3T__m128@@B 00000001800583b0     VolumeIntegration.obj
 0003:000013c0       ?minV4Error@_VecMathTests@aos@shdfnd@physx@@3T__m128@@B 00000001800583c0     VolumeIntegration.obj
 0003:000013d0       ?minV3Error@_VecMathTests@aos@shdfnd@physx@@3T__m128@@B 00000001800583d0     VolumeIntegration.obj
 0003:000013e0       ?maxFError@_VecMathTests@aos@shdfnd@physx@@3T__m128@@B 00000001800583e0     VolumeIntegration.obj
 0003:000013f0       ?gCookingDelayLoadHook@@3PEBVPxDelayLoadHook@physx@@EB 00000001800583f0     WindowsCookingDelayLoadHook.obj
 0003:00001450       ?__proc_attached@@3HA      0000000180058450     LIBCMT:dll_dllmain.obj
 0003:00001478       ?is_initialized_as_dll@@3_NA 0000000180058478     LIBCMT:utility.obj
 0003:00001479       ?module_local_atexit_table_initialized@@3_NA 0000000180058479     LIBCMT:utility.obj
 0003:00001480       ?module_local_atexit_table@@3U_onexit_table_t@@A 0000000180058480     LIBCMT:utility.obj
 0003:00001498       ?module_local_at_quick_exit_table@@3U_onexit_table_t@@A 0000000180058498     LIBCMT:utility.obj
 0003:00001508       ?heap@@3V_HeapManager@@A   0000000180058508     libvcruntime:undname.obj
 0003:00001530       ?__vcrt_startup_thread_ptd@@3U__vcrt_ptd@@A 0000000180058530     libvcruntime:per_thread_data.obj
 0003:000015b0       __vcrt_lock_table          00000001800585b0     libvcruntime:locks.obj
 0003:000015d8       __vcrt_locks_initialized   00000001800585d8     libvcruntime:locks.obj
 0003:000015e0       ?module_handles@@3PAPEAUHINSTANCE__@@A 00000001800585e0     libvcruntime:winapi_downlevel.obj
 0003:000015f8       ?function_pointers@@3PAPEAXA 00000001800585f8     libvcruntime:winapi_downlevel.obj
 0003:00001620       ?c_termination_complete@@3JA 0000000180058620     libucrt:exit.obj
 0003:00001628       ?thread_local_exit_callback_func@@3P6AXPEAXK0@ZEA 0000000180058628     libucrt:exit.obj
 0003:00001640       ?program_name@?1???$common_configure_argv@D@@YAHW4_crt_argv_mode@@@Z@4PADA 0000000180058640     libucrt:argv_parsing.obj
 0003:000017a0       ?__acrt_lock_table@@3PAU_RTL_CRITICAL_SECTION@@A 00000001800587a0     libucrt:locks.obj
 0003:000019d0       ?__acrt_locks_initialized@@3IA 00000001800589d0     libucrt:locks.obj
 0003:000019d8       ?__acrt_invalid_parameter_handler@@3V?$dual_state_global@P6AXPEB_W00I_K@Z@__crt_state_management@@A 00000001800589d8     libucrt:invalid_parameter.obj
 0003:000019f8       ?fSystemSet@@3HA           00000001800589f8     libucrt:mbctype.obj
 0003:000019fc       ?initialized@?1??__acrt_initialize_multibyte@@9@4_NA 00000001800589fc     libucrt:mbctype.obj
 0003:00001a30       ?module_handles@@3PAPEAUHINSTANCE__@@A 0000000180058a30     libucrt:winapi_thunks.obj
 0003:00001ad0       ?encoded_function_pointers@@3PAPEAXA 0000000180058ad0     libucrt:winapi_thunks.obj
 0003:00001ff8       ?__acrt_new_handler@@3V?$dual_state_global@P6AH_K@Z@__crt_state_management@@A 0000000180058ff8     libucrt:new_handler.obj
 0003:00002000       ?ctrlc_action@@3V?$dual_state_global@P6AXH@Z@__crt_state_management@@A 0000000180059000     libucrt:signal.obj
 0003:00002008       ?ctrlbreak_action@@3V?$dual_state_global@P6AXH@Z@__crt_state_management@@A 0000000180059008     libucrt:signal.obj
 0003:00002010       ?abort_action@@3V?$dual_state_global@P6AXH@Z@__crt_state_management@@A 0000000180059010     libucrt:signal.obj
 0003:00002018       ?term_action@@3V?$dual_state_global@P6AXH@Z@__crt_state_management@@A 0000000180059018     libucrt:signal.obj
 0003:00002020       ?user_matherr@@3V?$dual_state_global@P6AHPEAU_exception@@@Z@__crt_state_management@@A 0000000180059020     libucrt:matherr.obj
 0003:00002050       ?internal_state@?1??_mbtowc_l@@9@4U_Mbstatet@@A 0000000180059050     libucrt:mbtowc.obj
 0003:00002058       ?enable_percent_n@@3_KA    0000000180059058     libucrt:printf_count_output.obj
 0003:00002064       ?__acrt_global_new_mode@@3V?$dual_state_global@J@__crt_state_management@@A 0000000180059064     libucrt:new_mode.obj
 0003:00002070       ?__acrt_app_type@@3W4_crt_app_type@@A 0000000180059070     libucrt:report_runtime_error.obj
 0003:00002078       ?internal_pst@?1??__mbrtoc32_utf8@__crt_mbstring@@YA_KPEA_UPEBD_KPEAU_Mbstatet@@@Z@4U3@A 0000000180059078     libucrt:mbrtoc32.obj
 0003:00002080       GS_ExceptionRecord         0000000180059080     LIBCMT:gs_report.obj
 0003:00002120       GS_ContextRecord           0000000180059120     LIBCMT:gs_report.obj
 0005:00000000       _2il0floatpacket$19        000000018005e000     LIBCMT:svml_ssinf4_sse2.obj
 0005:00002200       _vmlsSinHATab              0000000180060200     LIBCMT:svml_s_sin_cout.obj
 0005:00002210       MsetTab                    0000000180060210     libvcruntime:memset.obj
 0005:00002260       MoveSmall                  0000000180060260     libvcruntime:memcpy.obj
 0006:000000a0       $R000000                   00000001800610a0     PhysXCooking.res
 0006:000003d0       $R000330                   00000001800613d0     PhysXCooking.res
